Archive member included to satisfy reference by file (symbol)

/usr/local/gcc-arm-none-eabi-5_3-2016q1/bin/../lib/gcc/arm-none-eabi/5.3.1/../../../../arm-none-eabi/lib/armv7e-m/libg_nano.a(lib_a-ctype_.o)
                              ./system/src/newlib/_syscalls.o (__ctype_ptr__)
/usr/local/gcc-arm-none-eabi-5_3-2016q1/bin/../lib/gcc/arm-none-eabi/5.3.1/../../../../arm-none-eabi/lib/armv7e-m/libg_nano.a(lib_a-errno.o)
                              ./system/src/newlib/_sbrk.o (__errno)
/usr/local/gcc-arm-none-eabi-5_3-2016q1/bin/../lib/gcc/arm-none-eabi/5.3.1/../../../../arm-none-eabi/lib/armv7e-m/libg_nano.a(lib_a-findfp.o)
                              ./system/src/newlib/_syscalls.o (__sinit)
/usr/local/gcc-arm-none-eabi-5_3-2016q1/bin/../lib/gcc/arm-none-eabi/5.3.1/../../../../arm-none-eabi/lib/armv7e-m/libg_nano.a(lib_a-fwalk.o)
                              /usr/local/gcc-arm-none-eabi-5_3-2016q1/bin/../lib/gcc/arm-none-eabi/5.3.1/../../../../arm-none-eabi/lib/armv7e-m/libg_nano.a(lib_a-findfp.o) (_fwalk)
/usr/local/gcc-arm-none-eabi-5_3-2016q1/bin/../lib/gcc/arm-none-eabi/5.3.1/../../../../arm-none-eabi/lib/armv7e-m/libg_nano.a(lib_a-impure.o)
                              /usr/local/gcc-arm-none-eabi-5_3-2016q1/bin/../lib/gcc/arm-none-eabi/5.3.1/../../../../arm-none-eabi/lib/armv7e-m/libg_nano.a(lib_a-findfp.o) (_global_impure_ptr)
/usr/local/gcc-arm-none-eabi-5_3-2016q1/bin/../lib/gcc/arm-none-eabi/5.3.1/../../../../arm-none-eabi/lib/armv7e-m/libg_nano.a(lib_a-memcmp.o)
                              ./src/xxtea.o (memcmp)
/usr/local/gcc-arm-none-eabi-5_3-2016q1/bin/../lib/gcc/arm-none-eabi/5.3.1/../../../../arm-none-eabi/lib/armv7e-m/libg_nano.a(lib_a-memcpy-stub.o)
                              ./src/xxtea.o (memcpy)
/usr/local/gcc-arm-none-eabi-5_3-2016q1/bin/../lib/gcc/arm-none-eabi/5.3.1/../../../../arm-none-eabi/lib/armv7e-m/libg_nano.a(lib_a-memset.o)
                              ./system/src/newlib/_syscalls.o (memset)
/usr/local/gcc-arm-none-eabi-5_3-2016q1/bin/../lib/gcc/arm-none-eabi/5.3.1/../../../../arm-none-eabi/lib/armv7e-m/libg_nano.a(lib_a-nano-mallocr.o)
                              /usr/local/gcc-arm-none-eabi-5_3-2016q1/bin/../lib/gcc/arm-none-eabi/5.3.1/../../../../arm-none-eabi/lib/armv7e-m/libg_nano.a(lib_a-findfp.o) (_malloc_r)
/usr/local/gcc-arm-none-eabi-5_3-2016q1/bin/../lib/gcc/arm-none-eabi/5.3.1/../../../../arm-none-eabi/lib/armv7e-m/libg_nano.a(lib_a-printf.o)
                              ./src/main.o (printf)
/usr/local/gcc-arm-none-eabi-5_3-2016q1/bin/../lib/gcc/arm-none-eabi/5.3.1/../../../../arm-none-eabi/lib/armv7e-m/libg_nano.a(lib_a-puts.o)
                              ./src/xxtea.o (puts)
/usr/local/gcc-arm-none-eabi-5_3-2016q1/bin/../lib/gcc/arm-none-eabi/5.3.1/../../../../arm-none-eabi/lib/armv7e-m/libg_nano.a(lib_a-rand.o)
                              ./src/xxtea.o (srand)
/usr/local/gcc-arm-none-eabi-5_3-2016q1/bin/../lib/gcc/arm-none-eabi/5.3.1/../../../../arm-none-eabi/lib/armv7e-m/libg_nano.a(lib_a-sbrkr.o)
                              /usr/local/gcc-arm-none-eabi-5_3-2016q1/bin/../lib/gcc/arm-none-eabi/5.3.1/../../../../arm-none-eabi/lib/armv7e-m/libg_nano.a(lib_a-nano-mallocr.o) (_sbrk_r)
/usr/local/gcc-arm-none-eabi-5_3-2016q1/bin/../lib/gcc/arm-none-eabi/5.3.1/../../../../arm-none-eabi/lib/armv7e-m/libg_nano.a(lib_a-stdio.o)
                              /usr/local/gcc-arm-none-eabi-5_3-2016q1/bin/../lib/gcc/arm-none-eabi/5.3.1/../../../../arm-none-eabi/lib/armv7e-m/libg_nano.a(lib_a-findfp.o) (__sread)
/usr/local/gcc-arm-none-eabi-5_3-2016q1/bin/../lib/gcc/arm-none-eabi/5.3.1/../../../../arm-none-eabi/lib/armv7e-m/libg_nano.a(lib_a-strcmp.o)
                              ./system/src/cortexm/exception_handlers.o (strcmp)
/usr/local/gcc-arm-none-eabi-5_3-2016q1/bin/../lib/gcc/arm-none-eabi/5.3.1/../../../../arm-none-eabi/lib/armv7e-m/libg_nano.a(lib_a-strlen.o)
                              ./system/src/newlib/_syscalls.o (strlen)
/usr/local/gcc-arm-none-eabi-5_3-2016q1/bin/../lib/gcc/arm-none-eabi/5.3.1/../../../../arm-none-eabi/lib/armv7e-m/libg_nano.a(lib_a-strncpy.o)
                              ./system/src/newlib/_syscalls.o (strncpy)
/usr/local/gcc-arm-none-eabi-5_3-2016q1/bin/../lib/gcc/arm-none-eabi/5.3.1/../../../../arm-none-eabi/lib/armv7e-m/libg_nano.a(lib_a-vsnprintf.o)
                              ./system/src/diag/Trace.o (vsnprintf)
/usr/local/gcc-arm-none-eabi-5_3-2016q1/bin/../lib/gcc/arm-none-eabi/5.3.1/../../../../arm-none-eabi/lib/armv7e-m/libg_nano.a(lib_a-wbuf.o)
                              /usr/local/gcc-arm-none-eabi-5_3-2016q1/bin/../lib/gcc/arm-none-eabi/5.3.1/../../../../arm-none-eabi/lib/armv7e-m/libg_nano.a(lib_a-puts.o) (__swbuf_r)
/usr/local/gcc-arm-none-eabi-5_3-2016q1/bin/../lib/gcc/arm-none-eabi/5.3.1/../../../../arm-none-eabi/lib/armv7e-m/libg_nano.a(lib_a-writer.o)
[...]
Memory Configuration

Name             Origin             Length             Attributes
RAM              0x0000000020000000 0x0000000000050000 xrw
CCMRAM           0x0000000010000000 0x0000000000000000 xrw
FLASH            0x0000000008000000 0x0000000000100000 xr
FLASHB1          0x0000000000000000 0x0000000000000000 xr
EXTMEMB0         0x0000000000000000 0x0000000000000000 xr
EXTMEMB1         0x0000000000000000 0x0000000000000000 xr
EXTMEMB2         0x0000000000000000 0x0000000000000000 xr
EXTMEMB3         0x0000000000000000 0x0000000000000000 xr
*default*        0x0000000000000000 0xffffffffffffffff

Linker script and memory map

LOAD ./system/src/stm32f7-hal/stm32f7xx_hal.o
LOAD ./system/src/stm32f7-hal/stm32f7xx_hal_cortex.o
LOAD ./system/src/stm32f7-hal/stm32f7xx_hal_crc_ex.o
LOAD ./system/src/stm32f7-hal/stm32f7xx_hal_flash.o
LOAD ./system/src/stm32f7-hal/stm32f7xx_hal_gpio.o
LOAD ./system/src/stm32f7-hal/stm32f7xx_hal_iwdg.o
LOAD ./system/src/stm32f7-hal/stm32f7xx_hal_pwr.o
LOAD ./system/src/stm32f7-hal/stm32f7xx_hal_pwr_ex.o
LOAD ./system/src/stm32f7-hal/stm32f7xx_hal_rcc.o
LOAD ./system/src/stm32f7-hal/stm32f7xx_hal_rcc_ex.o
LOAD ./system/src/stm32f7-hal/stm32f7xx_hal_smartcard_ex.o
LOAD ./system/src/stm32f7-hal/stm32f7xx_hal_tim.o
LOAD ./system/src/newlib/_cxx.o
LOAD ./system/src/newlib/_exit.o
LOAD ./system/src/newlib/_sbrk.o
LOAD ./system/src/newlib/_startup.o
LOAD ./system/src/newlib/_syscalls.o
LOAD ./system/src/newlib/assert.o
LOAD ./system/src/diag/Trace.o
LOAD ./system/src/diag/trace_impl.o
LOAD ./system/src/cortexm/_initialize_hardware.o
LOAD ./system/src/cortexm/_reset_hardware.o
LOAD ./system/src/cortexm/exception_handlers.o
LOAD ./system/src/cmsis/system_stm32f7xx.o
LOAD ./system/src/cmsis/vectors_stm32f746xx.o
LOAD ./src/main.o
LOAD ./src/stm32f7xx_hal_msp.o
LOAD ./src/xxtea.o
LOAD /usr/local/gcc-arm-none-eabi-5_3-2016q1/bin/../lib/gcc/arm-none-eabi/5.3.1/../../../../arm-none-eabi/lib/armv7e-m/libstdc++_nano.a
LOAD /usr/local/gcc-arm-none-eabi-5_3-2016q1/bin/../lib/gcc/arm-none-eabi/5.3.1/../../../../arm-none-eabi/lib/armv7e-m/libm.a
START GROUP
LOAD /usr/local/gcc-arm-none-eabi-5_3-2016q1/bin/../lib/gcc/arm-none-eabi/5.3.1/armv7e-m/libgcc.a
LOAD /usr/local/gcc-arm-none-eabi-5_3-2016q1/bin/../lib/gcc/arm-none-eabi/5.3.1/../../../../arm-none-eabi/lib/armv7e-m/libg_nano.a
LOAD /usr/local/gcc-arm-none-eabi-5_3-2016q1/bin/../lib/gcc/arm-none-eabi/5.3.1/../../../../arm-none-eabi/lib/armv7e-m/libc_nano.a
END GROUP
START GROUP
LOAD /usr/local/gcc-arm-none-eabi-5_3-2016q1/bin/../lib/gcc/arm-none-eabi/5.3.1/armv7e-m/libgcc.a
LOAD /usr/local/gcc-arm-none-eabi-5_3-2016q1/bin/../lib/gcc/arm-none-eabi/5.3.1/../../../../arm-none-eabi/lib/armv7e-m/libc_nano.a
END GROUP
                0x0000000020050000                __stack = (ORIGIN (RAM) + LENGTH (RAM))
                0x0000000020050000                _estack = __stack
                0x0000000000000400                __Main_Stack_Size = 0x400
                [!provide]                        PROVIDE (_Main_Stack_Size, __Main_Stack_Size)
                0x000000002004fc00                __Main_Stack_Limit = (__stack - __Main_Stack_Size)
                [!provide]                        PROVIDE (_Main_Stack_Limit, __Main_Stack_Limit)
                0x0000000000000100                _Minimum_Stack_Size = 0x100
                0x0000000020020270                PROVIDE (_Heap_Begin, _end_noinit)
                0x000000002004fc00                PROVIDE (_Heap_Limit, (__stack - __Main_Stack_Size))

.isr_vector     0x0000000008000000      0x518
 FILL mask 0xff
                0x0000000008000000                __vectors_start = ABSOLUTE (.)
                0x0000000008000000                __vectors_start__ = ABSOLUTE (.)
 *(.isr_vector)
 .isr_vector    0x0000000008000000      0x1c8 ./system/src/cmsis/vectors_stm32f746xx.o
                0x0000000008000000                __isr_vectors
 *(.cfmconfig)
 *(.after_vectors .after_vectors.*)
 .after_vectors
                0x00000000080001c8      0x1c4 ./system/src/newlib/_startup.o
                0x00000000080001c8                _start
 .after_vectors
                0x000000000800038c      0x184 ./system/src/cortexm/exception_handlers.o
                0x000000000800038c                Reset_Handler
                0x0000000008000394                NMI_Handler
                0x000000000800039c                HardFault_Handler
                0x00000000080003b4                HardFault_Handler_C
                0x0000000008000428                MemManage_Handler
                0x0000000008000430                BusFault_Handler
                0x0000000008000448                BusFault_Handler_C
                0x0000000008000488                UsageFault_Handler
                0x00000000080004a0                UsageFault_Handler_C
                0x00000000080004e0                SVC_Handler
                0x00000000080004e8                DebugMon_Handler
                0x00000000080004f0                PendSV_Handler
 .after_vectors
                0x0000000008000510        0x8 ./system/src/cmsis/vectors_stm32f746xx.o
                0x0000000008000510                DMA1_Stream3_IRQHandler
                0x0000000008000510                EXTI2_IRQHandler
                0x0000000008000510                TIM8_CC_IRQHandler
                0x0000000008000510                UART8_IRQHandler
                0x0000000008000510                SPI4_IRQHandler
                0x0000000008000510                TIM1_CC_IRQHandler
                0x0000000008000510                DMA2_Stream5_IRQHandler
                0x0000000008000510                DMA1_Stream5_IRQHandler
                0x0000000008000510                PVD_IRQHandler
                0x0000000008000510                TAMP_STAMP_IRQHandler
                0x0000000008000510                CAN2_RX1_IRQHandler
                0x0000000008000510                EXTI3_IRQHandler
                0x0000000008000510                TIM8_TRG_COM_TIM14_IRQHandler
                0x0000000008000510                TIM1_UP_TIM10_IRQHandler
                0x0000000008000510                TIM8_UP_TIM13_IRQHandler
                0x0000000008000510                I2C3_ER_IRQHandler
                0x0000000008000510                EXTI0_IRQHandler
                0x0000000008000510                I2C2_EV_IRQHandler
                0x0000000008000510                DMA1_Stream2_IRQHandler
                0x0000000008000510                CAN1_RX0_IRQHandler
                0x0000000008000510                FPU_IRQHandler
                0x0000000008000510                OTG_HS_WKUP_IRQHandler
                0x0000000008000510                LTDC_ER_IRQHandler
                0x0000000008000510                CAN2_SCE_IRQHandler
                0x0000000008000510                DMA2_Stream2_IRQHandler
                0x0000000008000510                SPI1_IRQHandler
                0x0000000008000510                TIM6_DAC_IRQHandler
                0x0000000008000510                TIM1_BRK_TIM9_IRQHandler
                0x0000000008000510                DCMI_IRQHandler
                0x0000000008000510                CAN2_RX0_IRQHandler
                0x0000000008000510                DMA2_Stream3_IRQHandler
                0x0000000008000510                SAI2_IRQHandler
                0x0000000008000510                USART6_IRQHandler
                0x0000000008000510                USART3_IRQHandler
                0x0000000008000510                CAN1_RX1_IRQHandler
                0x0000000008000510                UART5_IRQHandler
                0x0000000008000510                DMA2_Stream0_IRQHandler
                0x0000000008000510                TIM4_IRQHandler
                0x0000000008000510                QUADSPI_IRQHandler
                0x0000000008000510                I2C1_EV_IRQHandler
                0x0000000008000510                DMA1_Stream6_IRQHandler
                0x0000000008000510                DMA1_Stream1_IRQHandler
                0x0000000008000510                UART4_IRQHandler
                0x0000000008000510                TIM3_IRQHandler
                0x0000000008000510                RCC_IRQHandler
                0x0000000008000510                TIM8_BRK_TIM12_IRQHandler
                0x0000000008000510                Default_Handler
                0x0000000008000510                CEC_IRQHandler
                0x0000000008000510                EXTI15_10_IRQHandler
                0x0000000008000510                ADC_IRQHandler
                0x0000000008000510                DMA1_Stream7_IRQHandler
                0x0000000008000510                SPI5_IRQHandler
                0x0000000008000510                TIM7_IRQHandler
                0x0000000008000510                SDMMC1_IRQHandler
                0x0000000008000510                CAN2_TX_IRQHandler
                0x0000000008000510                TIM5_IRQHandler
                0x0000000008000510                DMA2_Stream7_IRQHandler
                0x0000000008000510                I2C3_EV_IRQHandler
                0x0000000008000510                EXTI9_5_IRQHandler
                0x0000000008000510                RTC_WKUP_IRQHandler
                0x0000000008000510                LTDC_IRQHandler
                0x0000000008000510                ETH_WKUP_IRQHandler
                0x0000000008000510                SPDIF_RX_IRQHandler
                0x0000000008000510                SPI2_IRQHandler
                0x0000000008000510                OTG_HS_EP1_IN_IRQHandler
                0x0000000008000510                DMA1_Stream0_IRQHandler
                0x0000000008000510                CAN1_TX_IRQHandler
                0x0000000008000510                EXTI4_IRQHandler
                0x0000000008000510                RNG_IRQHandler
                0x0000000008000510                ETH_IRQHandler
                0x0000000008000510                OTG_HS_EP1_OUT_IRQHandler
                0x0000000008000510                WWDG_IRQHandler
                0x0000000008000510                SPI6_IRQHandler
                0x0000000008000510                I2C4_EV_IRQHandler
                0x0000000008000510                TIM2_IRQHandler
                0x0000000008000510                OTG_FS_WKUP_IRQHandler
                0x0000000008000510                TIM1_TRG_COM_TIM11_IRQHandler
                0x0000000008000510                OTG_HS_IRQHandler
                0x0000000008000510                DMA2D_IRQHandler
                0x0000000008000510                EXTI1_IRQHandler
                0x0000000008000510                UART7_IRQHandler
                0x0000000008000510                USART2_IRQHandler
                0x0000000008000510                I2C2_ER_IRQHandler
                0x0000000008000510                DMA2_Stream1_IRQHandler
                0x0000000008000510                CAN1_SCE_IRQHandler
                0x0000000008000510                FLASH_IRQHandler
                0x0000000008000510                DMA2_Stream4_IRQHandler
                0x0000000008000510                USART1_IRQHandler
                0x0000000008000510                OTG_FS_IRQHandler
                0x0000000008000510                SPI3_IRQHandler
                0x0000000008000510                DMA1_Stream4_IRQHandler
                0x0000000008000510                I2C1_ER_IRQHandler
                0x0000000008000510                FMC_IRQHandler
                0x0000000008000510                LPTIM1_IRQHandler
                0x0000000008000510                I2C4_ER_IRQHandler
                0x0000000008000510                DMA2_Stream6_IRQHandler
                0x0000000008000510                SAI1_IRQHandler
                0x0000000008000510                RTC_Alarm_IRQHandler

.inits          0x0000000008000518       0x28
                0x0000000008000518                __data_regions_array_start = .
                0x0000000008000518        0x4 LONG 0x80047a4 LOADADDR (.data)
                0x000000000800051c        0x4 LONG 0x20000000 ADDR (.data)
                0x0000000008000520        0x4 LONG 0x20000074 (ADDR (.data) + SIZEOF (.data))
                0x0000000008000524        0x4 LONG 0x80047a4 LOADADDR (.data_CCMRAM)
                0x0000000008000528        0x4 LONG 0x10000000 ADDR (.data_CCMRAM)
                0x000000000800052c        0x4 LONG 0x10000000 (ADDR (.data_CCMRAM) + SIZEOF (.data_CCMRAM))
                0x0000000008000530                __data_regions_array_end = .
                0x0000000008000530                __bss_regions_array_start = .
                0x0000000008000530        0x4 LONG 0x20000074 ADDR (.bss)
                0x0000000008000534        0x4 LONG 0x20020270 (ADDR (.bss) + SIZEOF (.bss))
                0x0000000008000538        0x4 LONG 0x10000000 ADDR (.bss_CCMRAM)
                0x000000000800053c        0x4 LONG 0x10000000 (ADDR (.bss_CCMRAM) + SIZEOF (.bss_CCMRAM))
                0x0000000008000540                __bss_regions_array_end = .
 *(.init)
 *(.fini)
                0x0000000008000540                . = ALIGN (0x4)
                0x0000000008000540                PROVIDE (__preinit_array_start, .)
 *(.preinit_array_sysinit .preinit_array_sysinit.*)
 *(.preinit_array_platform .preinit_array_platform.*)
 *(.preinit_array .preinit_array.*)
                0x0000000008000540                PROVIDE (__preinit_array_end, .)
                0x0000000008000540                . = ALIGN (0x4)
                0x0000000008000540                PROVIDE (__init_array_start, .)
 *(SORT(.init_array.*))
 *(.init_array)
                0x0000000008000540                PROVIDE (__init_array_end, .)
                0x0000000008000540                . = ALIGN (0x4)
                0x0000000008000540                PROVIDE (__fini_array_start, .)
 *(SORT(.fini_array.*))
 *(.fini_array)
                0x0000000008000540                PROVIDE (__fini_array_end, .)

.flashtext
 *(.flashtext .flashtext.*)

.text           0x0000000008000540     0x4263
 *(.text .text.*)
 .text.HAL_Init
                0x0000000008000540       0x2c ./system/src/stm32f7-hal/stm32f7xx_hal.o
                0x0000000008000540                HAL_Init
 .text.HAL_InitTick
                0x000000000800056c       0x38 ./system/src/stm32f7-hal/stm32f7xx_hal.o
                0x000000000800056c                HAL_InitTick
 .text.HAL_IncTick
                0x00000000080005a4       0x1c ./system/src/stm32f7-hal/stm32f7xx_hal.o
                0x00000000080005a4                HAL_IncTick
 .text.HAL_GetTick
                0x00000000080005c0       0x14 ./system/src/stm32f7-hal/stm32f7xx_hal.o
                0x00000000080005c0                HAL_GetTick
 .text.NVIC_SetPriorityGrouping
                0x00000000080005d4       0x48 ./system/src/stm32f7-hal/stm32f7xx_hal_cortex.o
 .text.NVIC_GetPriorityGrouping
                0x000000000800061c       0x1c ./system/src/stm32f7-hal/stm32f7xx_hal_cortex.o
 .text.NVIC_SetPriority
                0x0000000008000638       0x54 ./system/src/stm32f7-hal/stm32f7xx_hal_cortex.o
 .text.NVIC_EncodePriority
                0x000000000800068c       0x60 ./system/src/stm32f7-hal/stm32f7xx_hal_cortex.o
 .text.SysTick_Config
                0x00000000080006ec       0x44 ./system/src/stm32f7-hal/stm32f7xx_hal_cortex.o
 .text.HAL_NVIC_SetPriorityGrouping
                0x0000000008000730       0x40 ./system/src/stm32f7-hal/stm32f7xx_hal_cortex.o
                0x0000000008000730                HAL_NVIC_SetPriorityGrouping
 .text.HAL_NVIC_SetPriority
                0x0000000008000770       0x58 ./system/src/stm32f7-hal/stm32f7xx_hal_cortex.o
                0x0000000008000770                HAL_NVIC_SetPriority
 .text.HAL_SYSTICK_Config
                0x00000000080007c8       0x18 ./system/src/stm32f7-hal/stm32f7xx_hal_cortex.o
                0x00000000080007c8                HAL_SYSTICK_Config
 .text.HAL_SYSTICK_CLKSourceConfig
                0x00000000080007e0       0x50 ./system/src/stm32f7-hal/stm32f7xx_hal_cortex.o
                0x00000000080007e0                HAL_SYSTICK_CLKSourceConfig
 .text.HAL_PWREx_EnableOverDrive
                0x0000000008000830       0xa0 ./system/src/stm32f7-hal/stm32f7xx_hal_pwr_ex.o
                0x0000000008000830                HAL_PWREx_EnableOverDrive
 .text.HAL_RCC_OscConfig
                0x00000000080008d0      0x714 ./system/src/stm32f7-hal/stm32f7xx_hal_rcc.o
                0x00000000080008d0                HAL_RCC_OscConfig
 .text.HAL_RCC_ClockConfig
                0x0000000008000fe4      0x4ac ./system/src/stm32f7-hal/stm32f7xx_hal_rcc.o
                0x0000000008000fe4                HAL_RCC_ClockConfig
 .text.HAL_RCC_GetSysClockFreq
                0x0000000008001490       0xfc ./system/src/stm32f7-hal/stm32f7xx_hal_rcc.o
                0x0000000008001490                HAL_RCC_GetSysClockFreq
 .text.HAL_RCC_GetHCLKFreq
                0x000000000800158c       0x50 ./system/src/stm32f7-hal/stm32f7xx_hal_rcc.o
                0x000000000800158c                HAL_RCC_GetHCLKFreq
 .text.HAL_TIM_Base_Init
                0x00000000080015dc      0x170 ./system/src/stm32f7-hal/stm32f7xx_hal_tim.o
                0x00000000080015dc                HAL_TIM_Base_Init
 .text.HAL_TIM_Base_MspInit
                0x000000000800174c       0x14 ./system/src/stm32f7-hal/stm32f7xx_hal_tim.o
                0x000000000800174c                HAL_TIM_Base_MspInit
 .text.HAL_TIM_Base_Start
                0x0000000008001760      0x100 ./system/src/stm32f7-hal/stm32f7xx_hal_tim.o
                0x0000000008001760                HAL_TIM_Base_Start
 .text.TIM_Base_SetConfig
                0x0000000008001860      0x150 ./system/src/stm32f7-hal/stm32f7xx_hal_tim.o
                0x0000000008001860                TIM_Base_SetConfig
 .text.abort    0x00000000080019b0       0x14 ./system/src/newlib/_exit.o
                0x00000000080019b0                abort
 .text._sbrk    0x00000000080019c4       0x68 ./system/src/newlib/_sbrk.o
                0x00000000080019c4                _sbrk
 .text.__initialize_args
                0x0000000008001a2c      0x164 ./system/src/newlib/_syscalls.o
                0x0000000008001a2c                __initialize_args
 .text._exit    0x0000000008001b90       0x38 ./system/src/newlib/_syscalls.o
                0x0000000008001b90                _exit
 .text.findslot
                0x0000000008001bc8       0x58 ./system/src/newlib/_syscalls.o
 .text.initialise_monitor_handles
                0x0000000008001c20       0xf4 ./system/src/newlib/_syscalls.o
                0x0000000008001c20                initialise_monitor_handles
 .text.get_errno
                0x0000000008001d14       0x28 ./system/src/newlib/_syscalls.o
 .text.error    0x0000000008001d3c       0x20 ./system/src/newlib/_syscalls.o
 .text.checkerror
                0x0000000008001d5c       0x28 ./system/src/newlib/_syscalls.o
 .text._swiread
                0x0000000008001d84       0x44 ./system/src/newlib/_syscalls.o
                0x0000000008001d84                _swiread
 .text._read    0x0000000008001dc8       0x64 ./system/src/newlib/_syscalls.o
                0x0000000008001dc8                _read
 .text._swilseek
                0x0000000008001e2c      0x11c ./system/src/newlib/_syscalls.o
                0x0000000008001e2c                _swilseek
 .text._lseek   0x0000000008001f48       0x20 ./system/src/newlib/_syscalls.o
                0x0000000008001f48                _lseek
 .text._swiwrite
                0x0000000008001f68       0x44 ./system/src/newlib/_syscalls.o
                0x0000000008001f68                _swiwrite
 .text._write   0x0000000008001fac       0x78 ./system/src/newlib/_syscalls.o
                0x0000000008001fac                _write
 .text._swiclose
                0x0000000008002024       0x30 ./system/src/newlib/_syscalls.o
                0x0000000008002024                _swiclose
 .text._close   0x0000000008002054       0x74 ./system/src/newlib/_syscalls.o
                0x0000000008002054                _close
 .text._swistat
                0x00000000080020c8       0x7c ./system/src/newlib/_syscalls.o
                0x00000000080020c8                _swistat
 .text._fstat   0x0000000008002144       0x28 ./system/src/newlib/_syscalls.o
                0x0000000008002144                _fstat
 .text._isatty  0x000000000800216c       0x60 ./system/src/newlib/_syscalls.o
                0x000000000800216c                _isatty
 .text.assert_failed
                0x00000000080021cc       0x1c ./system/src/newlib/assert.o
                0x00000000080021cc                assert_failed
 .text.trace_printf
                0x00000000080021e8       0x44 ./system/src/diag/Trace.o
                0x00000000080021e8                trace_printf
 .text.trace_puts
                0x000000000800222c       0x30 ./system/src/diag/Trace.o
                0x000000000800222c                trace_puts
 .text.trace_write
                0x000000000800225c       0x1c ./system/src/diag/trace_impl.o
                0x000000000800225c                trace_write
 .text._trace_write_itm
                0x0000000008002278       0x6c ./system/src/diag/trace_impl.o
 .text.__initialize_hardware_early
                0x00000000080022e4       0x1c ./system/src/cortexm/_initialize_hardware.o
                0x00000000080022e4                __initialize_hardware_early
 .text.__initialize_hardware
                0x0000000008002300        0xc ./system/src/cortexm/_initialize_hardware.o
                0x0000000008002300                __initialize_hardware
 .text.NVIC_SystemReset
                0x000000000800230c       0x28 ./system/src/cortexm/exception_handlers.o
 .text.dumpExceptionStack
                0x0000000008002334      0x12c ./system/src/cortexm/exception_handlers.o
                0x0000000008002334                dumpExceptionStack
 .text.isSemihosting
                0x0000000008002460      0x200 ./system/src/cortexm/exception_handlers.o
                0x0000000008002460                isSemihosting
 .text.SystemInit
                0x0000000008002660       0x5c ./system/src/cmsis/system_stm32f7xx.o
                0x0000000008002660                SystemInit
 .text.SystemCoreClockUpdate
                0x00000000080026bc       0xf8 ./system/src/cmsis/system_stm32f7xx.o
                0x00000000080026bc                SystemCoreClockUpdate
 .text.SCB_EnableICache
                0x00000000080027b4       0x34 ./src/main.o
 .text.SCB_EnableDCache
                0x00000000080027e8       0x80 ./src/main.o
 .text.main     0x0000000008002868       0x30 ./src/main.o
                0x0000000008002868                main
 .text.initialize_hardware
                0x0000000008002898       0x1c ./src/main.o
 .text.SystemClock_Config
                0x00000000080028b4       0xc4 ./src/main.o
 .text.SysTick_Handler
                0x0000000008002978        0xc ./src/main.o
                0x0000000008002978                SysTick_Handler
 .text.HAL_MspInit
                0x0000000008002984        0xc ./src/stm32f7xx_hal_msp.o
                0x0000000008002984                HAL_MspInit
 .text.encryption_test
                0x0000000008002990      0x1ac ./src/xxtea.o
                0x0000000008002990                encryption_test
 .text.fill_random_data
                0x0000000008002b3c       0x34 ./src/xxtea.o
 .text.MX_TIM5_Init
                0x0000000008002b70       0x88 ./src/xxtea.o
                0x0000000008002b70                MX_TIM5_Init
 .text.getCounterValue
                0x0000000008002bf8       0x14 ./src/xxtea.o
 .text.btea     0x0000000008002c0c      0x250 ./src/xxtea.o
 .text.__errno  0x0000000008002e5c        0xc /usr/local/gcc-arm-none-eabi-5_3-2016q1/bin/../lib/gcc/arm-none-eabi/5.3.1/../../../../arm-none-eabi/lib/armv7e-m/libg_nano.a(lib_a-errno.o)
                0x0000000008002e5c                __errno
 .text._cleanup_r
                0x0000000008002e68        0xc /usr/local/gcc-arm-none-eabi-5_3-2016q1/bin/../lib/gcc/arm-none-eabi/5.3.1/../../../../arm-none-eabi/lib/armv7e-m/libg_nano.a(lib_a-findfp.o)
                0x0000000008002e68                _cleanup_r
 .text.std.isra.0
                0x0000000008002e74       0x48 /usr/local/gcc-arm-none-eabi-5_3-2016q1/bin/../lib/gcc/arm-none-eabi/5.3.1/../../../../arm-none-eabi/lib/armv7e-m/libg_nano.a(lib_a-findfp.o)
 .text.__sfmoreglue
                0x0000000008002ebc       0x2c /usr/local/gcc-arm-none-eabi-5_3-2016q1/bin/../lib/gcc/arm-none-eabi/5.3.1/../../../../arm-none-eabi/lib/armv7e-m/libg_nano.a(lib_a-findfp.o)
                0x0000000008002ebc                __sfmoreglue
 .text.__sinit  0x0000000008002ee8       0x60 /usr/local/gcc-arm-none-eabi-5_3-2016q1/bin/../lib/gcc/arm-none-eabi/5.3.1/../../../../arm-none-eabi/lib/armv7e-m/libg_nano.a(lib_a-findfp.o)
                0x0000000008002ee8                __sinit
 .text.__sfp    0x0000000008002f48       0x78 /usr/local/gcc-arm-none-eabi-5_3-2016q1/bin/../lib/gcc/arm-none-eabi/5.3.1/../../../../arm-none-eabi/lib/armv7e-m/libg_nano.a(lib_a-findfp.o)
                0x0000000008002f48                __sfp
 .text._fwalk_reent
                0x0000000008002fc0       0x3c /usr/local/gcc-arm-none-eabi-5_3-2016q1/bin/../lib/gcc/arm-none-eabi/5.3.1/../../../../arm-none-eabi/lib/armv7e-m/libg_nano.a(lib_a-fwalk.o)
                0x0000000008002fc0                _fwalk_reent
 .text.memcmp   0x0000000008002ffc       0x1e /usr/local/gcc-arm-none-eabi-5_3-2016q1/bin/../lib/gcc/arm-none-eabi/5.3.1/../../../../arm-none-eabi/lib/armv7e-m/libg_nano.a(lib_a-memcmp.o)
                0x0000000008002ffc                memcmp
 .text.memcpy   0x000000000800301a       0x16 /usr/local/gcc-arm-none-eabi-5_3-2016q1/bin/../lib/gcc/arm-none-eabi/5.3.1/../../../../arm-none-eabi/lib/armv7e-m/libg_nano.a(lib_a-memcpy-stub.o)
                0x000000000800301a                memcpy
 .text.memset   0x0000000008003030       0x10 /usr/local/gcc-arm-none-eabi-5_3-2016q1/bin/../lib/gcc/arm-none-eabi/5.3.1/../../../../arm-none-eabi/lib/armv7e-m/libg_nano.a(lib_a-memset.o)
                0x0000000008003030                memset
 .text._malloc_r
                0x0000000008003040       0xa8 /usr/local/gcc-arm-none-eabi-5_3-2016q1/bin/../lib/gcc/arm-none-eabi/5.3.1/../../../../arm-none-eabi/lib/armv7e-m/libg_nano.a(lib_a-nano-mallocr.o)
                0x0000000008003040                _malloc_r
 .text.printf   0x00000000080030e8       0x30 /usr/local/gcc-arm-none-eabi-5_3-2016q1/bin/../lib/gcc/arm-none-eabi/5.3.1/../../../../arm-none-eabi/lib/armv7e-m/libg_nano.a(lib_a-printf.o)
                0x00000000080030e8                printf
                0x00000000080030e8                iprintf
 .text._puts_r  0x0000000008003118       0xb4 /usr/local/gcc-arm-none-eabi-5_3-2016q1/bin/../lib/gcc/arm-none-eabi/5.3.1/../../../../arm-none-eabi/lib/armv7e-m/libg_nano.a(lib_a-puts.o)
                0x0000000008003118                _puts_r
 .text.puts     0x00000000080031cc       0x10 /usr/local/gcc-arm-none-eabi-5_3-2016q1/bin/../lib/gcc/arm-none-eabi/5.3.1/../../../../arm-none-eabi/lib/armv7e-m/libg_nano.a(lib_a-puts.o)
                0x00000000080031cc                puts
 .text.srand    0x00000000080031dc       0x50 /usr/local/gcc-arm-none-eabi-5_3-2016q1/bin/../lib/gcc/arm-none-eabi/5.3.1/../../../../arm-none-eabi/lib/armv7e-m/libg_nano.a(lib_a-rand.o)
                0x00000000080031dc                srand
 .text.rand     0x000000000800322c       0x74 /usr/local/gcc-arm-none-eabi-5_3-2016q1/bin/../lib/gcc/arm-none-eabi/5.3.1/../../../../arm-none-eabi/lib/armv7e-m/libg_nano.a(lib_a-rand.o)
                0x000000000800322c                rand
 .text._sbrk_r  0x00000000080032a0       0x20 /usr/local/gcc-arm-none-eabi-5_3-2016q1/bin/../lib/gcc/arm-none-eabi/5.3.1/../../../../arm-none-eabi/lib/armv7e-m/libg_nano.a(lib_a-sbrkr.o)
                0x00000000080032a0                _sbrk_r
 .text.__sread  0x00000000080032c0       0x22 /usr/local/gcc-arm-none-eabi-5_3-2016q1/bin/../lib/gcc/arm-none-eabi/5.3.1/../../../../arm-none-eabi/lib/armv7e-m/libg_nano.a(lib_a-stdio.o)
                0x00000000080032c0                __sread
 .text.__swrite
                0x00000000080032e2       0x38 /usr/local/gcc-arm-none-eabi-5_3-2016q1/bin/../lib/gcc/arm-none-eabi/5.3.1/../../../../arm-none-eabi/lib/armv7e-m/libg_nano.a(lib_a-stdio.o)
                0x00000000080032e2                __swrite
 .text.__sseek  0x000000000800331a       0x24 /usr/local/gcc-arm-none-eabi-5_3-2016q1/bin/../lib/gcc/arm-none-eabi/5.3.1/../../../../arm-none-eabi/lib/armv7e-m/libg_nano.a(lib_a-stdio.o)
                0x000000000800331a                __sseek
 .text.__sclose
                0x000000000800333e        0x8 /usr/local/gcc-arm-none-eabi-5_3-2016q1/bin/../lib/gcc/arm-none-eabi/5.3.1/../../../../arm-none-eabi/lib/armv7e-m/libg_nano.a(lib_a-stdio.o)
                0x000000000800333e                __sclose
 .text          0x0000000008003346       0x14 /usr/local/gcc-arm-none-eabi-5_3-2016q1/bin/../lib/gcc/arm-none-eabi/5.3.1/../../../../arm-none-eabi/lib/armv7e-m/libg_nano.a(lib_a-strcmp.o)
                0x0000000008003346                strcmp
 .text          0x000000000800335a       0x10 /usr/local/gcc-arm-none-eabi-5_3-2016q1/bin/../lib/gcc/arm-none-eabi/5.3.1/../../../../arm-none-eabi/lib/armv7e-m/libg_nano.a(lib_a-strlen.o)
                0x000000000800335a                strlen
 .text._vsnprintf_r
                0x000000000800336a       0x56 /usr/local/gcc-arm-none-eabi-5_3-2016q1/bin/../lib/gcc/arm-none-eabi/5.3.1/../../../../arm-none-eabi/lib/armv7e-m/libg_nano.a(lib_a-vsnprintf.o)
                0x000000000800336a                _vsnprintf_r
                0x000000000800336a                _vsniprintf_r
 .text.vsnprintf
                0x00000000080033c0       0x1c /usr/local/gcc-arm-none-eabi-5_3-2016q1/bin/../lib/gcc/arm-none-eabi/5.3.1/../../../../arm-none-eabi/lib/armv7e-m/libg_nano.a(lib_a-vsnprintf.o)
                0x00000000080033c0                vsnprintf
                0x00000000080033c0                vsniprintf
 .text.__swbuf_r
                0x00000000080033dc       0xa8 /usr/local/gcc-arm-none-eabi-5_3-2016q1/bin/../lib/gcc/arm-none-eabi/5.3.1/../../../../arm-none-eabi/lib/armv7e-m/libg_nano.a(lib_a-wbuf.o)
                0x00000000080033dc                __swbuf_r
 .text._write_r
                0x0000000008003484       0x24 /usr/local/gcc-arm-none-eabi-5_3-2016q1/bin/../lib/gcc/arm-none-eabi/5.3.1/../../../../arm-none-eabi/lib/armv7e-m/libg_nano.a(lib_a-writer.o)
                0x0000000008003484                _write_r
 .text.__swsetup_r
                0x00000000080034a8       0xdc /usr/local/gcc-arm-none-eabi-5_3-2016q1/bin/../lib/gcc/arm-none-eabi/5.3.1/../../../../arm-none-eabi/lib/armv7e-m/libg_nano.a(lib_a-wsetup.o)
                0x00000000080034a8                __swsetup_r
 .text._close_r
                0x0000000008003584       0x20 /usr/local/gcc-arm-none-eabi-5_3-2016q1/bin/../lib/gcc/arm-none-eabi/5.3.1/../../../../arm-none-eabi/lib/armv7e-m/libg_nano.a(lib_a-closer.o)
                0x0000000008003584                _close_r
 .text.__sflush_r
                0x00000000080035a4      0x110 /usr/local/gcc-arm-none-eabi-5_3-2016q1/bin/../lib/gcc/arm-none-eabi/5.3.1/../../../../arm-none-eabi/lib/armv7e-m/libg_nano.a(lib_a-fflush.o)
                0x00000000080035a4                __sflush_r
 .text._fflush_r
                0x00000000080036b4       0x54 /usr/local/gcc-arm-none-eabi-5_3-2016q1/bin/../lib/gcc/arm-none-eabi/5.3.1/../../../../arm-none-eabi/lib/armv7e-m/libg_nano.a(lib_a-fflush.o)
                0x00000000080036b4                _fflush_r
 .text._lseek_r
                0x0000000008003708       0x24 /usr/local/gcc-arm-none-eabi-5_3-2016q1/bin/../lib/gcc/arm-none-eabi/5.3.1/../../../../arm-none-eabi/lib/armv7e-m/libg_nano.a(lib_a-lseekr.o)
                0x0000000008003708                _lseek_r
 .text.__swhatbuf_r
                0x000000000800372c       0x46 /usr/local/gcc-arm-none-eabi-5_3-2016q1/bin/../lib/gcc/arm-none-eabi/5.3.1/../../../../arm-none-eabi/lib/armv7e-m/libg_nano.a(lib_a-makebuf.o)
                0x000000000800372c                __swhatbuf_r
 *fill*         0x0000000008003772        0x2 
 .text.__smakebuf_r
                0x0000000008003774       0x78 /usr/local/gcc-arm-none-eabi-5_3-2016q1/bin/../lib/gcc/arm-none-eabi/5.3.1/../../../../arm-none-eabi/lib/armv7e-m/libg_nano.a(lib_a-makebuf.o)
                0x0000000008003774                __smakebuf_r
 .text.malloc   0x00000000080037ec       0x10 /usr/local/gcc-arm-none-eabi-5_3-2016q1/bin/../lib/gcc/arm-none-eabi/5.3.1/../../../../arm-none-eabi/lib/armv7e-m/libg_nano.a(lib_a-malloc.o)
                0x00000000080037ec                malloc
 .text._free_r  0x00000000080037fc       0x8c /usr/local/gcc-arm-none-eabi-5_3-2016q1/bin/../lib/gcc/arm-none-eabi/5.3.1/../../../../arm-none-eabi/lib/armv7e-m/libg_nano.a(lib_a-nano-freer.o)
                0x00000000080037fc                _free_r
 .text.__ssputs_r
                0x0000000008003888       0xb2 /usr/local/gcc-arm-none-eabi-5_3-2016q1/bin/../lib/gcc/arm-none-eabi/5.3.1/../../../../arm-none-eabi/lib/armv7e-m/libg_nano.a(lib_a-nano-svfprintf.o)
                0x0000000008003888                __ssputs_r
 *fill*         0x000000000800393a        0x2 
 .text._svfprintf_r
                0x000000000800393c      0x1e8 /usr/local/gcc-arm-none-eabi-5_3-2016q1/bin/../lib/gcc/arm-none-eabi/5.3.1/../../../../arm-none-eabi/lib/armv7e-m/libg_nano.a(lib_a-nano-svfprintf.o)
                0x000000000800393c                _svfprintf_r
                0x000000000800393c                _svfiprintf_r
 .text.__sfputc_r
                0x0000000008003b24       0x2c /usr/local/gcc-arm-none-eabi-5_3-2016q1/bin/../lib/gcc/arm-none-eabi/5.3.1/../../../../arm-none-eabi/lib/armv7e-m/libg_nano.a(lib_a-nano-vfprintf.o)
 .text.__sfputs_r
                0x0000000008003b50       0x24 /usr/local/gcc-arm-none-eabi-5_3-2016q1/bin/../lib/gcc/arm-none-eabi/5.3.1/../../../../arm-none-eabi/lib/armv7e-m/libg_nano.a(lib_a-nano-vfprintf.o)
                0x0000000008003b50                __sfputs_r
 .text._vfprintf_r
                0x0000000008003b74      0x238 /usr/local/gcc-arm-none-eabi-5_3-2016q1/bin/../lib/gcc/arm-none-eabi/5.3.1/../../../../arm-none-eabi/lib/armv7e-m/libg_nano.a(lib_a-nano-vfprintf.o)
                0x0000000008003b74                _vfiprintf_r
                0x0000000008003b74                _vfprintf_r
 .text._printf_common
                0x0000000008003dac       0xec /usr/local/gcc-arm-none-eabi-5_3-2016q1/bin/../lib/gcc/arm-none-eabi/5.3.1/../../../../arm-none-eabi/lib/armv7e-m/libg_nano.a(lib_a-nano-vfprintf_i.o)
                0x0000000008003dac                _printf_common
 .text._printf_i
                0x0000000008003e98      0x24c /usr/local/gcc-arm-none-eabi-5_3-2016q1/bin/../lib/gcc/arm-none-eabi/5.3.1/../../../../arm-none-eabi/lib/armv7e-m/libg_nano.a(lib_a-nano-vfprintf_i.o)
                0x0000000008003e98                _printf_i
 .text._read_r  0x00000000080040e4       0x24 /usr/local/gcc-arm-none-eabi-5_3-2016q1/bin/../lib/gcc/arm-none-eabi/5.3.1/../../../../arm-none-eabi/lib/armv7e-m/libg_nano.a(lib_a-readr.o)
                0x00000000080040e4                _read_r
 .text._fstat_r
                0x0000000008004108       0x24 /usr/local/gcc-arm-none-eabi-5_3-2016q1/bin/../lib/gcc/arm-none-eabi/5.3.1/../../../../arm-none-eabi/lib/armv7e-m/libg_nano.a(lib_a-fstatr.o)
                0x0000000008004108                _fstat_r
 .text._isatty_r
                0x000000000800412c       0x20 /usr/local/gcc-arm-none-eabi-5_3-2016q1/bin/../lib/gcc/arm-none-eabi/5.3.1/../../../../arm-none-eabi/lib/armv7e-m/libg_nano.a(lib_a-isattyr.o)
                0x000000000800412c                _isatty_r
 *fill*         0x000000000800414c        0x4 
 .text          0x0000000008004150       0xa0 /usr/local/gcc-arm-none-eabi-5_3-2016q1/bin/../lib/gcc/arm-none-eabi/5.3.1/../../../../arm-none-eabi/lib/armv7e-m/libg_nano.a(lib_a-memchr.o)
                0x0000000008004150                memchr
 .text.memmove  0x00000000080041f0       0x36 /usr/local/gcc-arm-none-eabi-5_3-2016q1/bin/../lib/gcc/arm-none-eabi/5.3.1/../../../../arm-none-eabi/lib/armv7e-m/libg_nano.a(lib_a-memmove.o)
                0x00000000080041f0                memmove
 .text._realloc_r
                0x0000000008004226       0x4c /usr/local/gcc-arm-none-eabi-5_3-2016q1/bin/../lib/gcc/arm-none-eabi/5.3.1/../../../../arm-none-eabi/lib/armv7e-m/libg_nano.a(lib_a-nano-reallocr.o)
                0x0000000008004226                _realloc_r
 .text._malloc_usable_size_r
                0x0000000008004272       0x14 /usr/local/gcc-arm-none-eabi-5_3-2016q1/bin/../lib/gcc/arm-none-eabi/5.3.1/../../../../arm-none-eabi/lib/armv7e-m/libg_nano.a(lib_a-nano-msizer.o)
                0x0000000008004272                _malloc_usable_size_r
 *(.rodata .rodata.* .constdata .constdata.*)
 *fill*         0x0000000008004286        0x2 
 .rodata        0x0000000008004288       0x31 ./system/src/stm32f7-hal/stm32f7xx_hal_cortex.o
 *fill*         0x00000000080042b9        0x3 
 .rodata.APBAHBPrescTable
                0x00000000080042bc       0x10 ./system/src/stm32f7-hal/stm32f7xx_hal_rcc.o
                0x00000000080042bc                APBAHBPrescTable
 .rodata        0x00000000080042cc       0x2e ./system/src/stm32f7-hal/stm32f7xx_hal_rcc.o
 *fill*         0x00000000080042fa        0x2 
 .rodata        0x00000000080042fc       0x2e ./system/src/stm32f7-hal/stm32f7xx_hal_tim.o
 *fill*         0x000000000800432a        0x2 
 .rodata        0x000000000800432c       0x14 ./system/src/newlib/_exit.o
 .rodata        0x0000000008004340        0x9 ./system/src/newlib/_syscalls.o
 *fill*         0x0000000008004349        0x3 
 .rodata        0x000000000800434c       0x6f ./system/src/newlib/assert.o
 *fill*         0x00000000080043bb        0x1 
 .rodata        0x00000000080043bc       0x2d ./system/src/diag/Trace.o
 *fill*         0x00000000080043e9        0x3 
 .rodata        0x00000000080043ec      0x14a ./system/src/cortexm/exception_handlers.o
 *fill*         0x0000000008004536        0x2 
 .rodata.AHBPrescTable
                0x0000000008004538       0x10 ./system/src/cmsis/system_stm32f7xx.o
                0x0000000008004538                AHBPrescTable
 .rodata        0x0000000008004548       0x16 ./src/main.o
 *fill*         0x000000000800455e        0x2 
 .rodata.keychain
                0x0000000008004560       0x10 ./src/xxtea.o
                0x0000000008004560                keychain
 .rodata        0x0000000008004570       0x96 ./src/xxtea.o
 .rodata._ctype_
                0x0000000008004606      0x101 /usr/local/gcc-arm-none-eabi-5_3-2016q1/bin/../lib/gcc/arm-none-eabi/5.3.1/../../../../arm-none-eabi/lib/armv7e-m/libg_nano.a(lib_a-ctype_.o)
                0x0000000008004606                _ctype_
 *fill*         0x0000000008004707        0x1 
 .rodata.__sf_fake_stdin
                0x0000000008004708       0x20 /usr/local/gcc-arm-none-eabi-5_3-2016q1/bin/../lib/gcc/arm-none-eabi/5.3.1/../../../../arm-none-eabi/lib/armv7e-m/libg_nano.a(lib_a-findfp.o)
                0x0000000008004708                __sf_fake_stdin
 .rodata.__sf_fake_stdout
                0x0000000008004728       0x20 /usr/local/gcc-arm-none-eabi-5_3-2016q1/bin/../lib/gcc/arm-none-eabi/5.3.1/../../../../arm-none-eabi/lib/armv7e-m/libg_nano.a(lib_a-findfp.o)
                0x0000000008004728                __sf_fake_stdout
 .rodata.__sf_fake_stderr
                0x0000000008004748       0x20 /usr/local/gcc-arm-none-eabi-5_3-2016q1/bin/../lib/gcc/arm-none-eabi/5.3.1/../../../../arm-none-eabi/lib/armv7e-m/libg_nano.a(lib_a-findfp.o)
                0x0000000008004748                __sf_fake_stderr
 .rodata.str1.1
                0x0000000008004768        0x2 /usr/local/gcc-arm-none-eabi-5_3-2016q1/bin/../lib/gcc/arm-none-eabi/5.3.1/../../../../arm-none-eabi/lib/armv7e-m/libg_nano.a(lib_a-impure.o)
 *fill*         0x000000000800476a        0x2 
 .rodata._global_impure_ptr
                0x000000000800476c        0x4 /usr/local/gcc-arm-none-eabi-5_3-2016q1/bin/../lib/gcc/arm-none-eabi/5.3.1/../../../../arm-none-eabi/lib/armv7e-m/libg_nano.a(lib_a-impure.o)
                0x000000000800476c                _global_impure_ptr
 .rodata.str1.1
                0x0000000008004770       0x11 /usr/local/gcc-arm-none-eabi-5_3-2016q1/bin/../lib/gcc/arm-none-eabi/5.3.1/../../../../arm-none-eabi/lib/armv7e-m/libg_nano.a(lib_a-nano-svfprintf.o)
 .rodata.str1.1
                0x0000000008004781       0x11 /usr/local/gcc-arm-none-eabi-5_3-2016q1/bin/../lib/gcc/arm-none-eabi/5.3.1/../../../../arm-none-eabi/lib/armv7e-m/libg_nano.a(lib_a-nano-vfprintf.o)
 .rodata.str1.1
                0x0000000008004781       0x22 /usr/local/gcc-arm-none-eabi-5_3-2016q1/bin/../lib/gcc/arm-none-eabi/5.3.1/../../../../arm-none-eabi/lib/armv7e-m/libg_nano.a(lib_a-nano-vfprintf_i.o)
 *(vtable)
 *(.eh_frame*)
 *(.glue_7)
 .glue_7        0x00000000080047a3        0x0 linker stubs
 *(.glue_7t)
 .glue_7t       0x00000000080047a3        0x0 linker stubs

.vfp11_veneer   0x00000000080047a4        0x0
 .vfp11_veneer  0x00000000080047a4        0x0 linker stubs

.v4_bx          0x00000000080047a4        0x0
 .v4_bx         0x00000000080047a4        0x0 linker stubs

.iplt           0x00000000080047a4        0x0
 .iplt          0x00000000080047a4        0x0 ./system/src/stm32f7-hal/stm32f7xx_hal.o

.rel.dyn        0x00000000080047a4        0x0
 .rel.iplt      0x00000000080047a4        0x0 ./system/src/stm32f7-hal/stm32f7xx_hal.o

.ARM.extab
 *(.ARM.extab* .gnu.linkonce.armextab.*)
                0x00000000080047a4                . = ALIGN (0x4)
                0x00000000080047a4                __exidx_start = .

.ARM.exidx
 *(.ARM.exidx* .gnu.linkonce.armexidx.*)
                0x00000000080047a4                __exidx_end = .
                0x00000000080047a4                . = ALIGN (0x4)
                0x00000000080047a4                _etext = .
                0x00000000080047a4                __etext = .

.data_CCMRAM    0x0000000010000000        0x0 load address 0x00000000080047a4
 FILL mask 0xff
 *(.data.CCMRAM .data.CCMRAM.*)
                0x0000000010000000                . = ALIGN (0x4)
                0x00000000080047a4                _sidata = LOADADDR (.data)

.data           0x0000000020000000       0x74 load address 0x00000000080047a4
 FILL mask 0xff
                0x0000000020000000                _sdata = .
                0x0000000020000000                __data_start__ = .
 *(.data_begin .data_begin.*)
 .data_begin    0x0000000020000000        0x4 ./system/src/newlib/_startup.o
 *(.data .data.*)
 .data.SystemCoreClock
                0x0000000020000004        0x4 ./system/src/cmsis/system_stm32f7xx.o
                0x0000000020000004                SystemCoreClock
 .data.__ctype_ptr__
                0x0000000020000008        0x4 /usr/local/gcc-arm-none-eabi-5_3-2016q1/bin/../lib/gcc/arm-none-eabi/5.3.1/../../../../arm-none-eabi/lib/armv7e-m/libg_nano.a(lib_a-ctype_.o)
                0x0000000020000008                __ctype_ptr__
 .data.impure_data
                0x000000002000000c       0x60 /usr/local/gcc-arm-none-eabi-5_3-2016q1/bin/../lib/gcc/arm-none-eabi/5.3.1/../../../../arm-none-eabi/lib/armv7e-m/libg_nano.a(lib_a-impure.o)
 .data._impure_ptr
                0x000000002000006c        0x4 /usr/local/gcc-arm-none-eabi-5_3-2016q1/bin/../lib/gcc/arm-none-eabi/5.3.1/../../../../arm-none-eabi/lib/armv7e-m/libg_nano.a(lib_a-impure.o)
                0x000000002000006c                _impure_ptr
 *(.data_end .data_end.*)
 .data_end      0x0000000020000070        0x4 ./system/src/newlib/_startup.o
                0x0000000020000074                . = ALIGN (0x4)
                0x0000000020000074                _edata = .
                0x0000000020000074                __data_end__ = .

.igot.plt       0x0000000020000074        0x0 load address 0x0000000008004818
 .igot.plt      0x0000000020000074        0x0 ./system/src/stm32f7-hal/stm32f7xx_hal.o

.bss_CCMRAM     0x0000000010000000        0x0
 *(.bss.CCMRAM .bss.CCMRAM.*)

.bss            0x0000000020000074    0x201fc
                0x0000000020000074                __bss_start__ = .
                0x0000000020000074                _sbss = .
 *(.bss_begin .bss_begin.*)
 .bss_begin     0x0000000020000074        0x4 ./system/src/newlib/_startup.o
 *(.bss .bss.*)
 .bss.uwTick    0x0000000020000078        0x4 ./system/src/stm32f7-hal/stm32f7xx_hal.o
 .bss.current_heap_end.4426
                0x000000002000007c        0x4 ./system/src/newlib/_sbrk.o
 .bss.openfiles
                0x0000000020000080       0xa0 ./system/src/newlib/_syscalls.o
 .bss.monitor_stdin
                0x0000000020000120        0x4 ./system/src/newlib/_syscalls.o
 .bss.monitor_stdout
                0x0000000020000124        0x4 ./system/src/newlib/_syscalls.o
 .bss.monitor_stderr
                0x0000000020000128        0x4 ./system/src/newlib/_syscalls.o
 .bss.args_buf.6210
                0x000000002000012c       0x50 ./system/src/newlib/_syscalls.o
 .bss.argv_buf.6211
                0x000000002000017c       0x28 ./system/src/newlib/_syscalls.o
 .bss.buf.5620  0x00000000200001a4       0x80 ./system/src/diag/Trace.o
 .bss.__malloc_sbrk_start
                0x0000000020000224        0x4 /usr/local/gcc-arm-none-eabi-5_3-2016q1/bin/../lib/gcc/arm-none-eabi/5.3.1/../../../../arm-none-eabi/lib/armv7e-m/libg_nano.a(lib_a-nano-mallocr.o)
                0x0000000020000224                __malloc_sbrk_start
 .bss.__malloc_free_list
                0x0000000020000228        0x4 /usr/local/gcc-arm-none-eabi-5_3-2016q1/bin/../lib/gcc/arm-none-eabi/5.3.1/../../../../arm-none-eabi/lib/armv7e-m/libg_nano.a(lib_a-nano-mallocr.o)
                0x0000000020000228                __malloc_free_list
 *(COMMON)
 COMMON         0x000000002000022c        0x4 ./system/src/newlib/_syscalls.o
                0x000000002000022c                errno
 COMMON         0x0000000020000230    0x2003c ./src/xxtea.o
                0x0000000020000230                backup_area
                0x0000000020010230                htim5
                0x000000002001026c                encrypted_area
 *(.bss_end .bss_end.*)
 .bss_end       0x000000002002026c        0x4 ./system/src/newlib/_startup.o
                0x0000000020020270                . = ALIGN (0x4)
                0x0000000020020270                __bss_end__ = .
                0x0000000020020270                _ebss = .

.noinit_CCMRAM
 *(.noinit.CCMRAM .noinit.CCMRAM.*)

.noinit         0x0000000020020270        0x0
                0x0000000020020270                _noinit = .
 *(.noinit .noinit.*)
                0x0000000020020270                . = ALIGN (0x4)
                0x0000000020020270                _end_noinit = .
                [!provide]                        PROVIDE (end, _end_noinit)
                [!provide]                        PROVIDE (_end, _end_noinit)
                [!provide]                        PROVIDE (__end, _end_noinit)
                [!provide]                        PROVIDE (__end__, _end_noinit)

._check_stack   0x0000000020020270      0x100
                0x0000000020020370                . = (. + _Minimum_Stack_Size)
 *fill*         0x0000000020020270      0x100 

.b1text
 *(.b1text)
 *(.b1rodata)
 *(.b1rodata.*)

.eb0text
 *(.eb0text)
 *(.eb0rodata)
 *(.eb0rodata.*)

.eb1text
 *(.eb1text)
 *(.eb1rodata)
 *(.eb1rodata.*)

.eb2text
 *(.eb2text)
 *(.eb2rodata)
 *(.eb2rodata.*)

.eb3text
 *(.eb3text)
 *(.eb3rodata)
 *(.eb3rodata.*)

.stab
 *(.stab)

.stabstr
 *(.stabstr)

.stab.excl
 *(.stab.excl)

.stab.exclstr
 *(.stab.exclstr)

.stab.index
 *(.stab.index)

.stab.indexstr
 *(.stab.indexstr)

.comment        0x0000000000000000       0x6e
 *(.comment)
 .comment       0x0000000000000000       0x6e ./system/src/stm32f7-hal/stm32f7xx_hal.o
                                         0x6f (size before relaxing)
 .comment       0x000000000000006e       0x6f ./system/src/stm32f7-hal/stm32f7xx_hal_cortex.o
 .comment       0x000000000000006e       0x6f ./system/src/stm32f7-hal/stm32f7xx_hal_pwr_ex.o
 .comment       0x000000000000006e       0x6f ./system/src/stm32f7-hal/stm32f7xx_hal_rcc.o
 .comment       0x000000000000006e       0x6f ./system/src/stm32f7-hal/stm32f7xx_hal_tim.o
 .comment       0x000000000000006e       0x6f ./system/src/newlib/_exit.o
 .comment       0x000000000000006e       0x6f ./system/src/newlib/_sbrk.o
 .comment       0x000000000000006e       0x6f ./system/src/newlib/_startup.o
 .comment       0x000000000000006e       0x6f ./system/src/newlib/_syscalls.o
 .comment       0x000000000000006e       0x6f ./system/src/newlib/assert.o
 .comment       0x000000000000006e       0x6f ./system/src/diag/Trace.o
 .comment       0x000000000000006e       0x6f ./system/src/diag/trace_impl.o
 .comment       0x000000000000006e       0x6f ./system/src/cortexm/_initialize_hardware.o
 .comment       0x000000000000006e       0x6f ./system/src/cortexm/exception_handlers.o
 .comment       0x000000000000006e       0x6f ./system/src/cmsis/system_stm32f7xx.o
 .comment       0x000000000000006e       0x6f ./system/src/cmsis/vectors_stm32f746xx.o
 .comment       0x000000000000006e       0x6f ./src/main.o
 .comment       0x000000000000006e       0x6f ./src/stm32f7xx_hal_msp.o
 .comment       0x000000000000006e       0x6f ./src/xxtea.o

.ARM.attributes
                0x0000000000000000       0x31
 .ARM.attributes
                0x0000000000000000       0x33 ./system/src/stm32f7-hal/stm32f7xx_hal.o
 .ARM.attributes
                0x0000000000000033       0x33 ./system/src/stm32f7-hal/stm32f7xx_hal_cortex.o
 .ARM.attributes
                0x0000000000000066       0x33 ./system/src/stm32f7-hal/stm32f7xx_hal_pwr_ex.o
 .ARM.attributes
                0x0000000000000099       0x33 ./system/src/stm32f7-hal/stm32f7xx_hal_rcc.o
 .ARM.attributes
                0x00000000000000cc       0x33 ./system/src/stm32f7-hal/stm32f7xx_hal_tim.o
 .ARM.attributes
                0x00000000000000ff       0x33 ./system/src/newlib/_exit.o
 .ARM.attributes
                0x0000000000000132       0x33 ./system/src/newlib/_sbrk.o
 .ARM.attributes
                0x0000000000000165       0x33 ./system/src/newlib/_startup.o
 .ARM.attributes
                0x0000000000000198       0x33 ./system/src/newlib/_syscalls.o
 .ARM.attributes
                0x00000000000001cb       0x33 ./system/src/newlib/assert.o
 .ARM.attributes
                0x00000000000001fe       0x33 ./system/src/diag/Trace.o
 .ARM.attributes
                0x0000000000000231       0x33 ./system/src/diag/trace_impl.o
 .ARM.attributes
                0x0000000000000264       0x33 ./system/src/cortexm/_initialize_hardware.o
 .ARM.attributes
                0x0000000000000297       0x33 ./system/src/cortexm/exception_handlers.o
 .ARM.attributes
                0x00000000000002ca       0x33 ./system/src/cmsis/system_stm32f7xx.o
 .ARM.attributes
                0x00000000000002fd       0x33 ./system/src/cmsis/vectors_stm32f746xx.o
 .ARM.attributes
                0x0000000000000330       0x33 ./src/main.o
 .ARM.attributes
                0x0000000000000363       0x33 ./src/stm32f7xx_hal_msp.o
 .ARM.attributes
                0x0000000000000396       0x33 ./src/xxtea.o
 .ARM.attributes
                0x00000000000003c9       0x2e /usr/local/gcc-arm-none-eabi-5_3-2016q1/bin/../lib/gcc/arm-none-eabi/5.3.1/../../../../arm-none-eabi/lib/armv7e-m/libg_nano.a(lib_a-ctype_.o)
 .ARM.attributes
                0x00000000000003f7       0x2e /usr/local/gcc-arm-none-eabi-5_3-2016q1/bin/../lib/gcc/arm-none-eabi/5.3.1/../../../../arm-none-eabi/lib/armv7e-m/libg_nano.a(lib_a-errno.o)
 .ARM.attributes
                0x0000000000000425       0x2e /usr/local/gcc-arm-none-eabi-5_3-2016q1/bin/../lib/gcc/arm-none-eabi/5.3.1/../../../../arm-none-eabi/lib/armv7e-m/libg_nano.a(lib_a-findfp.o)
 .ARM.attributes
                0x0000000000000453       0x2e /usr/local/gcc-arm-none-eabi-5_3-2016q1/bin/../lib/gcc/arm-none-eabi/5.3.1/../../../../arm-none-eabi/lib/armv7e-m/libg_nano.a(lib_a-fwalk.o)
 .ARM.attributes
                0x0000000000000481       0x2e /usr/local/gcc-arm-none-eabi-5_3-2016q1/bin/../lib/gcc/arm-none-eabi/5.3.1/../../../../arm-none-eabi/lib/armv7e-m/libg_nano.a(lib_a-impure.o)
 .ARM.attributes
                0x00000000000004af       0x2e /usr/local/gcc-arm-none-eabi-5_3-2016q1/bin/../lib/gcc/arm-none-eabi/5.3.1/../../../../arm-none-eabi/lib/armv7e-m/libg_nano.a(lib_a-memcmp.o)
 .ARM.attributes
                0x00000000000004dd       0x2e /usr/local/gcc-arm-none-eabi-5_3-2016q1/bin/../lib/gcc/arm-none-eabi/5.3.1/../../../../arm-none-eabi/lib/armv7e-m/libg_nano.a(lib_a-memcpy-stub.o)
 .ARM.attributes
                0x000000000000050b       0x2e /usr/local/gcc-arm-none-eabi-5_3-2016q1/bin/../lib/gcc/arm-none-eabi/5.3.1/../../../../arm-none-eabi/lib/armv7e-m/libg_nano.a(lib_a-memset.o)
 .ARM.attributes
                0x0000000000000539       0x2e /usr/local/gcc-arm-none-eabi-5_3-2016q1/bin/../lib/gcc/arm-none-eabi/5.3.1/../../../../arm-none-eabi/lib/armv7e-m/libg_nano.a(lib_a-nano-mallocr.o)
 .ARM.attributes
                0x0000000000000567       0x2e /usr/local/gcc-arm-none-eabi-5_3-2016q1/bin/../lib/gcc/arm-none-eabi/5.3.1/../../../../arm-none-eabi/lib/armv7e-m/libg_nano.a(lib_a-printf.o)
 .ARM.attributes
                0x0000000000000595       0x2e /usr/local/gcc-arm-none-eabi-5_3-2016q1/bin/../lib/gcc/arm-none-eabi/5.3.1/../../../../arm-none-eabi/lib/armv7e-m/libg_nano.a(lib_a-puts.o)
 .ARM.attributes
                0x00000000000005c3       0x2e /usr/local/gcc-arm-none-eabi-5_3-2016q1/bin/../lib/gcc/arm-none-eabi/5.3.1/../../../../arm-none-eabi/lib/armv7e-m/libg_nano.a(lib_a-rand.o)
 .ARM.attributes
                0x00000000000005f1       0x2e /usr/local/gcc-arm-none-eabi-5_3-2016q1/bin/../lib/gcc/arm-none-eabi/5.3.1/../../../../arm-none-eabi/lib/armv7e-m/libg_nano.a(lib_a-sbrkr.o)
 .ARM.attributes
                0x000000000000061f       0x2e /usr/local/gcc-arm-none-eabi-5_3-2016q1/bin/../lib/gcc/arm-none-eabi/5.3.1/../../../../arm-none-eabi/lib/armv7e-m/libg_nano.a(lib_a-stdio.o)
 .ARM.attributes
                0x000000000000064d       0x1c /usr/local/gcc-arm-none-eabi-5_3-2016q1/bin/../lib/gcc/arm-none-eabi/5.3.1/../../../../arm-none-eabi/lib/armv7e-m/libg_nano.a(lib_a-strcmp.o)
 .ARM.attributes
                0x0000000000000669       0x17 /usr/local/gcc-arm-none-eabi-5_3-2016q1/bin/../lib/gcc/arm-none-eabi/5.3.1/../../../../arm-none-eabi/lib/armv7e-m/libg_nano.a(lib_a-strlen.o)
 .ARM.attributes
                0x0000000000000680       0x2e /usr/local/gcc-arm-none-eabi-5_3-2016q1/bin/../lib/gcc/arm-none-eabi/5.3.1/../../../../arm-none-eabi/lib/armv7e-m/libg_nano.a(lib_a-vsnprintf.o)
 .ARM.attributes
                0x00000000000006ae       0x2e /usr/local/gcc-arm-none-eabi-5_3-2016q1/bin/../lib/gcc/arm-none-eabi/5.3.1/../../../../arm-none-eabi/lib/armv7e-m/libg_nano.a(lib_a-wbuf.o)
 .ARM.attributes
                0x00000000000006dc       0x2e /usr/local/gcc-arm-none-eabi-5_3-2016q1/bin/../lib/gcc/arm-none-eabi/5.3.1/../../../../arm-none-eabi/lib/armv7e-m/libg_nano.a(lib_a-writer.o)
 .ARM.attributes
                0x000000000000070a       0x2e /usr/local/gcc-arm-none-eabi-5_3-2016q1/bin/../lib/gcc/arm-none-eabi/5.3.1/../../../../arm-none-eabi/lib/armv7e-m/libg_nano.a(lib_a-wsetup.o)
 .ARM.attributes
                0x0000000000000738       0x2e /usr/local/gcc-arm-none-eabi-5_3-2016q1/bin/../lib/gcc/arm-none-eabi/5.3.1/../../../../arm-none-eabi/lib/armv7e-m/libg_nano.a(lib_a-closer.o)
 .ARM.attributes
                0x0000000000000766       0x2e /usr/local/gcc-arm-none-eabi-5_3-2016q1/bin/../lib/gcc/arm-none-eabi/5.3.1/../../../../arm-none-eabi/lib/armv7e-m/libg_nano.a(lib_a-fflush.o)
 .ARM.attributes
                0x0000000000000794       0x2e /usr/local/gcc-arm-none-eabi-5_3-2016q1/bin/../lib/gcc/arm-none-eabi/5.3.1/../../../../arm-none-eabi/lib/armv7e-m/libg_nano.a(lib_a-lseekr.o)
 .ARM.attributes
                0x00000000000007c2       0x2e /usr/local/gcc-arm-none-eabi-5_3-2016q1/bin/../lib/gcc/arm-none-eabi/5.3.1/../../../../arm-none-eabi/lib/armv7e-m/libg_nano.a(lib_a-makebuf.o)
 .ARM.attributes
                0x00000000000007f0       0x2e /usr/local/gcc-arm-none-eabi-5_3-2016q1/bin/../lib/gcc/arm-none-eabi/5.3.1/../../../../arm-none-eabi/lib/armv7e-m/libg_nano.a(lib_a-malloc.o)
 .ARM.attributes
                0x000000000000081e       0x2e /usr/local/gcc-arm-none-eabi-5_3-2016q1/bin/../lib/gcc/arm-none-eabi/5.3.1/../../../../arm-none-eabi/lib/armv7e-m/libg_nano.a(lib_a-nano-freer.o)
 .ARM.attributes
                0x000000000000084c       0x2e /usr/local/gcc-arm-none-eabi-5_3-2016q1/bin/../lib/gcc/arm-none-eabi/5.3.1/../../../../arm-none-eabi/lib/armv7e-m/libg_nano.a(lib_a-nano-svfprintf.o)
 .ARM.attributes
                0x000000000000087a       0x2e /usr/local/gcc-arm-none-eabi-5_3-2016q1/bin/../lib/gcc/arm-none-eabi/5.3.1/../../../../arm-none-eabi/lib/armv7e-m/libg_nano.a(lib_a-nano-vfprintf.o)
 .ARM.attributes
                0x00000000000008a8       0x2e /usr/local/gcc-arm-none-eabi-5_3-2016q1/bin/../lib/gcc/arm-none-eabi/5.3.1/../../../../arm-none-eabi/lib/armv7e-m/libg_nano.a(lib_a-nano-vfprintf_i.o)
 .ARM.attributes
                0x00000000000008d6       0x2e /usr/local/gcc-arm-none-eabi-5_3-2016q1/bin/../lib/gcc/arm-none-eabi/5.3.1/../../../../arm-none-eabi/lib/armv7e-m/libg_nano.a(lib_a-readr.o)
 .ARM.attributes
                0x0000000000000904       0x2e /usr/local/gcc-arm-none-eabi-5_3-2016q1/bin/../lib/gcc/arm-none-eabi/5.3.1/../../../../arm-none-eabi/lib/armv7e-m/libg_nano.a(lib_a-fstatr.o)
 .ARM.attributes
                0x0000000000000932       0x2e /usr/local/gcc-arm-none-eabi-5_3-2016q1/bin/../lib/gcc/arm-none-eabi/5.3.1/../../../../arm-none-eabi/lib/armv7e-m/libg_nano.a(lib_a-isattyr.o)
 .ARM.attributes
                0x0000000000000960       0x1c /usr/local/gcc-arm-none-eabi-5_3-2016q1/bin/../lib/gcc/arm-none-eabi/5.3.1/../../../../arm-none-eabi/lib/armv7e-m/libg_nano.a(lib_a-memchr.o)
 .ARM.attributes
                0x000000000000097c       0x2e /usr/local/gcc-arm-none-eabi-5_3-2016q1/bin/../lib/gcc/arm-none-eabi/5.3.1/../../../../arm-none-eabi/lib/armv7e-m/libg_nano.a(lib_a-memmove.o)
 .ARM.attributes
                0x00000000000009aa       0x2e /usr/local/gcc-arm-none-eabi-5_3-2016q1/bin/../lib/gcc/arm-none-eabi/5.3.1/../../../../arm-none-eabi/lib/armv7e-m/libg_nano.a(lib_a-nano-reallocr.o)
 .ARM.attributes
                0x00000000000009d8       0x2e /usr/local/gcc-arm-none-eabi-5_3-2016q1/bin/../lib/gcc/arm-none-eabi/5.3.1/../../../../arm-none-eabi/lib/armv7e-m/libg_nano.a(lib_a-nano-msizer.o)

.debug
 *(.debug)

.line
 *(.line)

.debug_srcinfo
 *(.debug_srcinfo)

.debug_sfnames
 *(.debug_sfnames)

.debug_aranges  0x0000000000000000      0xa38
 *(.debug_aranges)
 .debug_aranges
                0x0000000000000000       0xd0 ./system/src/stm32f7-hal/stm32f7xx_hal.o
 .debug_aranges
                0x00000000000000d0      0x108 ./system/src/stm32f7-hal/stm32f7xx_hal_cortex.o
 .debug_aranges
                0x00000000000001d8       0x80 ./system/src/stm32f7-hal/stm32f7xx_hal_pwr_ex.o
 .debug_aranges
                0x0000000000000258       0x88 ./system/src/stm32f7-hal/stm32f7xx_hal_rcc.o
 .debug_aranges
                0x00000000000002e0      0x368 ./system/src/stm32f7-hal/stm32f7xx_hal_tim.o
 .debug_aranges
                0x0000000000000648       0x28 ./system/src/newlib/_exit.o
 .debug_aranges
                0x0000000000000670       0x20 ./system/src/newlib/_sbrk.o
 .debug_aranges
                0x0000000000000690       0x40 ./system/src/newlib/_startup.o
 .debug_aranges
                0x00000000000006d0      0x120 ./system/src/newlib/_syscalls.o
 .debug_aranges
                0x00000000000007f0       0x28 ./system/src/newlib/assert.o
 .debug_aranges
                0x0000000000000818       0x38 ./system/src/diag/Trace.o
 .debug_aranges
                0x0000000000000850       0x30 ./system/src/diag/trace_impl.o
 .debug_aranges
                0x0000000000000880       0x28 ./system/src/cortexm/_initialize_hardware.o
 .debug_aranges
                0x00000000000008a8       0x98 ./system/src/cortexm/exception_handlers.o
 .debug_aranges
                0x0000000000000940       0x28 ./system/src/cmsis/system_stm32f7xx.o
 .debug_aranges
                0x0000000000000968       0x20 ./system/src/cmsis/vectors_stm32f746xx.o
 .debug_aranges
                0x0000000000000988       0x48 ./src/main.o
 .debug_aranges
                0x00000000000009d0       0x28 ./src/stm32f7xx_hal_msp.o
 .debug_aranges
                0x00000000000009f8       0x40 ./src/xxtea.o

.debug_pubnames
 *(.debug_pubnames)

.debug_info     0x0000000000000000     0x9f0c
 *(.debug_info .gnu.linkonce.wi.*)
 .debug_info    0x0000000000000000      0x8e1 ./system/src/stm32f7-hal/stm32f7xx_hal.o
 .debug_info    0x00000000000008e1      0xf6c ./system/src/stm32f7-hal/stm32f7xx_hal_cortex.o
 .debug_info    0x000000000000184d      0x90f ./system/src/stm32f7-hal/stm32f7xx_hal_pwr_ex.o
 .debug_info    0x000000000000215c      0xb7a ./system/src/stm32f7-hal/stm32f7xx_hal_rcc.o
 .debug_info    0x0000000000002cd6     0x2202 ./system/src/stm32f7-hal/stm32f7xx_hal_tim.o
 .debug_info    0x0000000000004ed8       0xba ./system/src/newlib/_exit.o
 .debug_info    0x0000000000004f92      0x109 ./system/src/newlib/_sbrk.o
 .debug_info    0x000000000000509b      0x467 ./system/src/newlib/_startup.o
 .debug_info    0x0000000000005502     0x1aaa ./system/src/newlib/_syscalls.o
 .debug_info    0x0000000000006fac      0x142 ./system/src/newlib/assert.o
 .debug_info    0x00000000000070ee      0x1cf ./system/src/diag/Trace.o
 .debug_info    0x00000000000072bd      0x3e8 ./system/src/diag/trace_impl.o
 .debug_info    0x00000000000076a5      0x470 ./system/src/cortexm/_initialize_hardware.o
 .debug_info    0x0000000000007b15      0x8a4 ./system/src/cortexm/exception_handlers.o
 .debug_info    0x00000000000083b9      0x6be ./system/src/cmsis/system_stm32f7xx.o
 .debug_info    0x0000000000008a77       0xd1 ./system/src/cmsis/vectors_stm32f746xx.o
 .debug_info    0x0000000000008b48      0x938 ./src/main.o
 .debug_info    0x0000000000009480       0xce ./src/stm32f7xx_hal_msp.o
 .debug_info    0x000000000000954e      0x9be ./src/xxtea.o

.debug_abbrev   0x0000000000000000     0x1c92
 *(.debug_abbrev)
 .debug_abbrev  0x0000000000000000      0x19c ./system/src/stm32f7-hal/stm32f7xx_hal.o
 .debug_abbrev  0x000000000000019c      0x2b4 ./system/src/stm32f7-hal/stm32f7xx_hal_cortex.o
 .debug_abbrev  0x0000000000000450      0x1a9 ./system/src/stm32f7-hal/stm32f7xx_hal_pwr_ex.o
 .debug_abbrev  0x00000000000005f9      0x299 ./system/src/stm32f7-hal/stm32f7xx_hal_rcc.o
 .debug_abbrev  0x0000000000000892      0x20b ./system/src/stm32f7-hal/stm32f7xx_hal_tim.o
 .debug_abbrev  0x0000000000000a9d       0x74 ./system/src/newlib/_exit.o
 .debug_abbrev  0x0000000000000b11       0x8e ./system/src/newlib/_sbrk.o
 .debug_abbrev  0x0000000000000b9f      0x16d ./system/src/newlib/_startup.o
 .debug_abbrev  0x0000000000000d0c      0x3ca ./system/src/newlib/_syscalls.o
 .debug_abbrev  0x00000000000010d6       0x76 ./system/src/newlib/assert.o
 .debug_abbrev  0x000000000000114c       0xf0 ./system/src/diag/Trace.o
 .debug_abbrev  0x000000000000123c      0x162 ./system/src/diag/trace_impl.o
 .debug_abbrev  0x000000000000139e       0xdb ./system/src/cortexm/_initialize_hardware.o
 .debug_abbrev  0x0000000000001479      0x22e ./system/src/cortexm/exception_handlers.o
 .debug_abbrev  0x00000000000016a7      0x120 ./system/src/cmsis/system_stm32f7xx.o
 .debug_abbrev  0x00000000000017c7       0x9d ./system/src/cmsis/vectors_stm32f746xx.o
 .debug_abbrev  0x0000000000001864      0x1dd ./src/main.o
 .debug_abbrev  0x0000000000001a41       0x6a ./src/stm32f7xx_hal_msp.o
 .debug_abbrev  0x0000000000001aab      0x1e7 ./src/xxtea.o

.debug_line     0x0000000000000000     0xdbd1
 *(.debug_line)
 .debug_line    0x0000000000000000      0xb93 ./system/src/stm32f7-hal/stm32f7xx_hal.o
 .debug_line    0x0000000000000b93      0xe73 ./system/src/stm32f7-hal/stm32f7xx_hal_cortex.o
 .debug_line    0x0000000000001a06      0xb5f ./system/src/stm32f7-hal/stm32f7xx_hal_pwr_ex.o
 .debug_line    0x0000000000002565      0xf3d ./system/src/stm32f7-hal/stm32f7xx_hal_rcc.o
 .debug_line    0x00000000000034a2     0x4333 ./system/src/stm32f7-hal/stm32f7xx_hal_tim.o
 .debug_line    0x00000000000077d5      0x2e3 ./system/src/newlib/_exit.o
 .debug_line    0x0000000000007ab8      0x291 ./system/src/newlib/_sbrk.o
 .debug_line    0x0000000000007d49      0x374 ./system/src/newlib/_startup.o
 .debug_line    0x00000000000080bd      0x8ae ./system/src/newlib/_syscalls.o
 .debug_line    0x000000000000896b      0x336 ./system/src/newlib/assert.o
 .debug_line    0x0000000000008ca1      0x341 ./system/src/diag/Trace.o
 .debug_line    0x0000000000008fe2      0xa5d ./system/src/diag/trace_impl.o
 .debug_line    0x0000000000009a3f      0xa01 ./system/src/cortexm/_initialize_hardware.o
 .debug_line    0x000000000000a440      0xbb4 ./system/src/cortexm/exception_handlers.o
 .debug_line    0x000000000000aff4      0xa01 ./system/src/cmsis/system_stm32f7xx.o
 .debug_line    0x000000000000b9f5      0x20c ./system/src/cmsis/vectors_stm32f746xx.o
 .debug_line    0x000000000000bc01      0xad6 ./src/main.o
 .debug_line    0x000000000000c6d7      0x9ec ./src/stm32f7xx_hal_msp.o
 .debug_line    0x000000000000d0c3      0xb0e ./src/xxtea.o

.debug_frame    0x0000000000000000     0x303c
 *(.debug_frame)
 .debug_frame   0x0000000000000000      0x300 ./system/src/stm32f7-hal/stm32f7xx_hal.o
 .debug_frame   0x0000000000000300      0x454 ./system/src/stm32f7-hal/stm32f7xx_hal_cortex.o
 .debug_frame   0x0000000000000754      0x1c8 ./system/src/stm32f7-hal/stm32f7xx_hal_pwr_ex.o
 .debug_frame   0x000000000000091c      0x20c ./system/src/stm32f7-hal/stm32f7xx_hal_rcc.o
 .debug_frame   0x0000000000000b28      0xfe4 ./system/src/stm32f7-hal/stm32f7xx_hal_tim.o
 .debug_frame   0x0000000000001b0c       0x48 ./system/src/newlib/_exit.o
 .debug_frame   0x0000000000001b54       0x34 ./system/src/newlib/_sbrk.o
 .debug_frame   0x0000000000001b88       0xc8 ./system/src/newlib/_startup.o
 .debug_frame   0x0000000000001c50      0x50c ./system/src/newlib/_syscalls.o
 .debug_frame   0x000000000000215c       0x50 ./system/src/newlib/assert.o
 .debug_frame   0x00000000000021ac       0xb8 ./system/src/diag/Trace.o
 .debug_frame   0x0000000000002264       0x7c ./system/src/diag/trace_impl.o
 .debug_frame   0x00000000000022e0       0x48 ./system/src/cortexm/_initialize_hardware.o
 .debug_frame   0x0000000000002328      0x1b8 ./system/src/cortexm/exception_handlers.o
 .debug_frame   0x00000000000024e0       0x58 ./system/src/cmsis/system_stm32f7xx.o
 .debug_frame   0x0000000000002538       0x28 ./system/src/cmsis/vectors_stm32f746xx.o
 .debug_frame   0x0000000000002560       0xd4 ./src/main.o
 .debug_frame   0x0000000000002634       0x50 ./src/stm32f7xx_hal_msp.o
 .debug_frame   0x0000000000002684       0xd0 ./src/xxtea.o
 .debug_frame   0x0000000000002754       0x20 /usr/local/gcc-arm-none-eabi-5_3-2016q1/bin/../lib/gcc/arm-none-eabi/5.3.1/../../../../arm-none-eabi/lib/armv7e-m/libg_nano.a(lib_a-errno.o)
 .debug_frame   0x0000000000002774      0x11c /usr/local/gcc-arm-none-eabi-5_3-2016q1/bin/../lib/gcc/arm-none-eabi/5.3.1/../../../../arm-none-eabi/lib/armv7e-m/libg_nano.a(lib_a-findfp.o)
 .debug_frame   0x0000000000002890       0x54 /usr/local/gcc-arm-none-eabi-5_3-2016q1/bin/../lib/gcc/arm-none-eabi/5.3.1/../../../../arm-none-eabi/lib/armv7e-m/libg_nano.a(lib_a-fwalk.o)
 .debug_frame   0x00000000000028e4       0x28 /usr/local/gcc-arm-none-eabi-5_3-2016q1/bin/../lib/gcc/arm-none-eabi/5.3.1/../../../../arm-none-eabi/lib/armv7e-m/libg_nano.a(lib_a-memcmp.o)
 .debug_frame   0x000000000000290c       0x28 /usr/local/gcc-arm-none-eabi-5_3-2016q1/bin/../lib/gcc/arm-none-eabi/5.3.1/../../../../arm-none-eabi/lib/armv7e-m/libg_nano.a(lib_a-memcpy-stub.o)
 .debug_frame   0x0000000000002934       0x20 /usr/local/gcc-arm-none-eabi-5_3-2016q1/bin/../lib/gcc/arm-none-eabi/5.3.1/../../../../arm-none-eabi/lib/armv7e-m/libg_nano.a(lib_a-memset.o)
 .debug_frame   0x0000000000002954       0x2c /usr/local/gcc-arm-none-eabi-5_3-2016q1/bin/../lib/gcc/arm-none-eabi/5.3.1/../../../../arm-none-eabi/lib/armv7e-m/libg_nano.a(lib_a-nano-mallocr.o)
 .debug_frame   0x0000000000002980       0x74 /usr/local/gcc-arm-none-eabi-5_3-2016q1/bin/../lib/gcc/arm-none-eabi/5.3.1/../../../../arm-none-eabi/lib/armv7e-m/libg_nano.a(lib_a-printf.o)
 .debug_frame   0x00000000000029f4       0x3c /usr/local/gcc-arm-none-eabi-5_3-2016q1/bin/../lib/gcc/arm-none-eabi/5.3.1/../../../../arm-none-eabi/lib/armv7e-m/libg_nano.a(lib_a-puts.o)
 .debug_frame   0x0000000000002a30       0x44 /usr/local/gcc-arm-none-eabi-5_3-2016q1/bin/../lib/gcc/arm-none-eabi/5.3.1/../../../../arm-none-eabi/lib/armv7e-m/libg_nano.a(lib_a-rand.o)
 .debug_frame   0x0000000000002a74       0x2c /usr/local/gcc-arm-none-eabi-5_3-2016q1/bin/../lib/gcc/arm-none-eabi/5.3.1/../../../../arm-none-eabi/lib/armv7e-m/libg_nano.a(lib_a-sbrkr.o)
 .debug_frame   0x0000000000002aa0       0x88 /usr/local/gcc-arm-none-eabi-5_3-2016q1/bin/../lib/gcc/arm-none-eabi/5.3.1/../../../../arm-none-eabi/lib/armv7e-m/libg_nano.a(lib_a-stdio.o)
 .debug_frame   0x0000000000002b28       0x20 /usr/local/gcc-arm-none-eabi-5_3-2016q1/bin/../lib/gcc/arm-none-eabi/5.3.1/../../../../arm-none-eabi/lib/armv7e-m/libg_nano.a(lib_a-strcmp.o)
 .debug_frame   0x0000000000002b48       0x48 /usr/local/gcc-arm-none-eabi-5_3-2016q1/bin/../lib/gcc/arm-none-eabi/5.3.1/../../../../arm-none-eabi/lib/armv7e-m/libg_nano.a(lib_a-vsnprintf.o)
 .debug_frame   0x0000000000002b90       0x40 /usr/local/gcc-arm-none-eabi-5_3-2016q1/bin/../lib/gcc/arm-none-eabi/5.3.1/../../../../arm-none-eabi/lib/armv7e-m/libg_nano.a(lib_a-wbuf.o)
 .debug_frame   0x0000000000002bd0       0x2c /usr/local/gcc-arm-none-eabi-5_3-2016q1/bin/../lib/gcc/arm-none-eabi/5.3.1/../../../../arm-none-eabi/lib/armv7e-m/libg_nano.a(lib_a-writer.o)
 .debug_frame   0x0000000000002bfc       0x2c /usr/local/gcc-arm-none-eabi-5_3-2016q1/bin/../lib/gcc/arm-none-eabi/5.3.1/../../../../arm-none-eabi/lib/armv7e-m/libg_nano.a(lib_a-wsetup.o)
 .debug_frame   0x0000000000002c28       0x2c /usr/local/gcc-arm-none-eabi-5_3-2016q1/bin/../lib/gcc/arm-none-eabi/5.3.1/../../../../arm-none-eabi/lib/armv7e-m/libg_nano.a(lib_a-closer.o)
 .debug_frame   0x0000000000002c54       0x68 /usr/local/gcc-arm-none-eabi-5_3-2016q1/bin/../lib/gcc/arm-none-eabi/5.3.1/../../../../arm-none-eabi/lib/armv7e-m/libg_nano.a(lib_a-fflush.o)
 .debug_frame   0x0000000000002cbc       0x2c /usr/local/gcc-arm-none-eabi-5_3-2016q1/bin/../lib/gcc/arm-none-eabi/5.3.1/../../../../arm-none-eabi/lib/armv7e-m/libg_nano.a(lib_a-lseekr.o)
 .debug_frame   0x0000000000002ce8       0x54 /usr/local/gcc-arm-none-eabi-5_3-2016q1/bin/../lib/gcc/arm-none-eabi/5.3.1/../../../../arm-none-eabi/lib/armv7e-m/libg_nano.a(lib_a-makebuf.o)
 .debug_frame   0x0000000000002d3c       0x30 /usr/local/gcc-arm-none-eabi-5_3-2016q1/bin/../lib/gcc/arm-none-eabi/5.3.1/../../../../arm-none-eabi/lib/armv7e-m/libg_nano.a(lib_a-malloc.o)
 .debug_frame   0x0000000000002d6c       0x2c /usr/local/gcc-arm-none-eabi-5_3-2016q1/bin/../lib/gcc/arm-none-eabi/5.3.1/../../../../arm-none-eabi/lib/armv7e-m/libg_nano.a(lib_a-nano-freer.o)
 .debug_frame   0x0000000000002d98       0x90 /usr/local/gcc-arm-none-eabi-5_3-2016q1/bin/../lib/gcc/arm-none-eabi/5.3.1/../../../../arm-none-eabi/lib/armv7e-m/libg_nano.a(lib_a-nano-svfprintf.o)
 .debug_frame   0x0000000000002e28       0xac /usr/local/gcc-arm-none-eabi-5_3-2016q1/bin/../lib/gcc/arm-none-eabi/5.3.1/../../../../arm-none-eabi/lib/armv7e-m/libg_nano.a(lib_a-nano-vfprintf.o)
 .debug_frame   0x0000000000002ed4       0x60 /usr/local/gcc-arm-none-eabi-5_3-2016q1/bin/../lib/gcc/arm-none-eabi/5.3.1/../../../../arm-none-eabi/lib/armv7e-m/libg_nano.a(lib_a-nano-vfprintf_i.o)
 .debug_frame   0x0000000000002f34       0x2c /usr/local/gcc-arm-none-eabi-5_3-2016q1/bin/../lib/gcc/arm-none-eabi/5.3.1/../../../../arm-none-eabi/lib/armv7e-m/libg_nano.a(lib_a-readr.o)
 .debug_frame   0x0000000000002f60       0x2c /usr/local/gcc-arm-none-eabi-5_3-2016q1/bin/../lib/gcc/arm-none-eabi/5.3.1/../../../../arm-none-eabi/lib/armv7e-m/libg_nano.a(lib_a-fstatr.o)
 .debug_frame   0x0000000000002f8c       0x2c /usr/local/gcc-arm-none-eabi-5_3-2016q1/bin/../lib/gcc/arm-none-eabi/5.3.1/../../../../arm-none-eabi/lib/armv7e-m/libg_nano.a(lib_a-isattyr.o)
 .debug_frame   0x0000000000002fb8       0x28 /usr/local/gcc-arm-none-eabi-5_3-2016q1/bin/../lib/gcc/arm-none-eabi/5.3.1/../../../../arm-none-eabi/lib/armv7e-m/libg_nano.a(lib_a-memmove.o)
 .debug_frame   0x0000000000002fe0       0x3c /usr/local/gcc-arm-none-eabi-5_3-2016q1/bin/../lib/gcc/arm-none-eabi/5.3.1/../../../../arm-none-eabi/lib/armv7e-m/libg_nano.a(lib_a-nano-reallocr.o)
 .debug_frame   0x000000000000301c       0x20 /usr/local/gcc-arm-none-eabi-5_3-2016q1/bin/../lib/gcc/arm-none-eabi/5.3.1/../../../../arm-none-eabi/lib/armv7e-m/libg_nano.a(lib_a-nano-msizer.o)

.debug_str      0x0000000000000000    0xce46e
 *(.debug_str)
 .debug_str     0x0000000000000000    0xc8b37 ./system/src/stm32f7-hal/stm32f7xx_hal.o
                                      0xc8ef7 (size before relaxing)
 .debug_str     0x00000000000c8b37      0x490 ./system/src/stm32f7-hal/stm32f7xx_hal_cortex.o
                                      0xc8fc3 (size before relaxing)
 .debug_str     0x00000000000c8fc7      0x1e9 ./system/src/stm32f7-hal/stm32f7xx_hal_pwr_ex.o
                                      0xc891c (size before relaxing)
 .debug_str     0x00000000000c91b0      0x3cb ./system/src/stm32f7-hal/stm32f7xx_hal_rcc.o
                                      0xc89ae (size before relaxing)
 .debug_str     0x00000000000c957b     0x10cc ./system/src/stm32f7-hal/stm32f7xx_hal_tim.o
                                      0xc9613 (size before relaxing)
 .debug_str     0x00000000000ca647     0x10a6 ./system/src/newlib/_exit.o
                                       0x6b15 (size before relaxing)
 .debug_str     0x00000000000cb6ed      0x4d6 ./system/src/newlib/_sbrk.o
                                       0x5f03 (size before relaxing)
 .debug_str     0x00000000000cbbc3      0x27d ./system/src/newlib/_startup.o
                                       0x5a86 (size before relaxing)
 .debug_str     0x00000000000cbe40     0x1e2d ./system/src/newlib/_syscalls.o
                                       0x9e70 (size before relaxing)
 .debug_str     0x00000000000cdc6d       0xd1 ./system/src/newlib/assert.o
                                       0x75e7 (size before relaxing)
 .debug_str     0x00000000000cdd3e      0x16a ./system/src/diag/Trace.o
                                       0x72d6 (size before relaxing)
 .debug_str     0x00000000000cdea8       0xec ./system/src/diag/trace_impl.o
                                      0xc846c (size before relaxing)
 .debug_str     0x00000000000cdf94       0x6f ./system/src/cortexm/_initialize_hardware.o
                                      0xc755d (size before relaxing)
 .debug_str     0x00000000000ce003      0x1d5 ./system/src/cortexm/exception_handlers.o
                                      0xc8963 (size before relaxing)
 .debug_str     0x00000000000ce1d8       0x67 ./system/src/cmsis/system_stm32f7xx.o
                                      0xc7652 (size before relaxing)
 .debug_str     0x00000000000ce23f       0x59 ./system/src/cmsis/vectors_stm32f746xx.o
                                       0x33cf (size before relaxing)
 .debug_str     0x00000000000ce298       0x71 ./src/main.o
                                      0xc88f2 (size before relaxing)
 .debug_str     0x00000000000ce309       0x1b ./src/stm32f7xx_hal_msp.o
                                      0xc8409 (size before relaxing)
 .debug_str     0x00000000000ce324      0x14a ./src/xxtea.o
                                      0xc8c07 (size before relaxing)

.debug_loc
 *(.debug_loc)

.debug_macinfo
 *(.debug_macinfo)

.debug_weaknames
 *(.debug_weaknames)

.debug_funcnames
 *(.debug_funcnames)

.debug_typenames
 *(.debug_typenames)

.debug_varnames
 *(.debug_varnames)
OUTPUT(performance.elf elf32-littlearm)

.debug_ranges   0x0000000000000000      0x908
 .debug_ranges  0x0000000000000000       0xc0 ./system/src/stm32f7-hal/stm32f7xx_hal.o
 .debug_ranges  0x00000000000000c0       0xf8 ./system/src/stm32f7-hal/stm32f7xx_hal_cortex.o
 .debug_ranges  0x00000000000001b8       0x70 ./system/src/stm32f7-hal/stm32f7xx_hal_pwr_ex.o
 .debug_ranges  0x0000000000000228       0x78 ./system/src/stm32f7-hal/stm32f7xx_hal_rcc.o
 .debug_ranges  0x00000000000002a0      0x358 ./system/src/stm32f7-hal/stm32f7xx_hal_tim.o
 .debug_ranges  0x00000000000005f8       0x18 ./system/src/newlib/_exit.o
 .debug_ranges  0x0000000000000610       0x10 ./system/src/newlib/_sbrk.o
 .debug_ranges  0x0000000000000620       0x30 ./system/src/newlib/_startup.o
 .debug_ranges  0x0000000000000650      0x110 ./system/src/newlib/_syscalls.o
 .debug_ranges  0x0000000000000760       0x18 ./system/src/newlib/assert.o
 .debug_ranges  0x0000000000000778       0x28 ./system/src/diag/Trace.o
 .debug_ranges  0x00000000000007a0       0x20 ./system/src/diag/trace_impl.o
 .debug_ranges  0x00000000000007c0       0x18 ./system/src/cortexm/_initialize_hardware.o
 .debug_ranges  0x00000000000007d8       0x88 ./system/src/cortexm/exception_handlers.o
 .debug_ranges  0x0000000000000860       0x18 ./system/src/cmsis/system_stm32f7xx.o
 .debug_ranges  0x0000000000000878       0x10 ./system/src/cmsis/vectors_stm32f746xx.o
 .debug_ranges  0x0000000000000888       0x38 ./src/main.o
 .debug_ranges  0x00000000000008c0       0x18 ./src/stm32f7xx_hal_msp.o
 .debug_ranges  0x00000000000008d8       0x30 ./src/xxtea.o

.debug_macro    0x0000000000000000    0x1fc4c
 .debug_macro   0x0000000000000000      0x518 ./system/src/stm32f7-hal/stm32f7xx_hal.o
 .debug_macro   0x0000000000000518      0x89e ./system/src/stm32f7-hal/stm32f7xx_hal.o
 .debug_macro   0x0000000000000db6      0x25c ./system/src/stm32f7-hal/stm32f7xx_hal.o
 .debug_macro   0x0000000000001012       0x2e ./system/src/stm32f7-hal/stm32f7xx_hal.o
 .debug_macro   0x0000000000001040       0x3b ./system/src/stm32f7-hal/stm32f7xx_hal.o
 .debug_macro   0x000000000000107b       0x22 ./system/src/stm32f7-hal/stm32f7xx_hal.o
 .debug_macro   0x000000000000109d       0x87 ./system/src/stm32f7-hal/stm32f7xx_hal.o
 .debug_macro   0x0000000000001124       0x44 ./system/src/stm32f7-hal/stm32f7xx_hal.o
 .debug_macro   0x0000000000001168       0xfd ./system/src/stm32f7-hal/stm32f7xx_hal.o
 .debug_macro   0x0000000000001265       0x22 ./system/src/stm32f7-hal/stm32f7xx_hal.o
 .debug_macro   0x0000000000001287      0x1df ./system/src/stm32f7-hal/stm32f7xx_hal.o
 .debug_macro   0x0000000000001466       0x35 ./system/src/stm32f7-hal/stm32f7xx_hal.o
 .debug_macro   0x000000000000149b       0x50 ./system/src/stm32f7-hal/stm32f7xx_hal.o
 .debug_macro   0x00000000000014eb     0x1114 ./system/src/stm32f7-hal/stm32f7xx_hal.o
 .debug_macro   0x00000000000025ff     0xa75c ./system/src/stm32f7-hal/stm32f7xx_hal.o
 .debug_macro   0x000000000000cd5b       0x43 ./system/src/stm32f7-hal/stm32f7xx_hal.o
 .debug_macro   0x000000000000cd9e     0x32ff ./system/src/stm32f7-hal/stm32f7xx_hal.o
 .debug_macro   0x000000000001009d       0x52 ./system/src/stm32f7-hal/stm32f7xx_hal.o
 .debug_macro   0x00000000000100ef       0x35 ./system/src/stm32f7-hal/stm32f7xx_hal.o
 .debug_macro   0x0000000000010124       0x9c ./system/src/stm32f7-hal/stm32f7xx_hal.o
 .debug_macro   0x00000000000101c0       0x16 ./system/src/stm32f7-hal/stm32f7xx_hal.o
 .debug_macro   0x00000000000101d6       0x97 ./system/src/stm32f7-hal/stm32f7xx_hal.o
 .debug_macro   0x000000000001026d      0x30d ./system/src/stm32f7-hal/stm32f7xx_hal.o
 .debug_macro   0x000000000001057a       0xfd ./system/src/stm32f7-hal/stm32f7xx_hal.o
 .debug_macro   0x0000000000010677       0x10 ./system/src/stm32f7-hal/stm32f7xx_hal.o
 .debug_macro   0x0000000000010687       0x52 ./system/src/stm32f7-hal/stm32f7xx_hal.o
 .debug_macro   0x00000000000106d9       0x16 ./system/src/stm32f7-hal/stm32f7xx_hal.o
 .debug_macro   0x00000000000106ef       0x43 ./system/src/stm32f7-hal/stm32f7xx_hal.o
 .debug_macro   0x0000000000010732      0x187 ./system/src/stm32f7-hal/stm32f7xx_hal.o
 .debug_macro   0x00000000000108b9       0x22 ./system/src/stm32f7-hal/stm32f7xx_hal.o
 .debug_macro   0x00000000000108db       0x3a ./system/src/stm32f7-hal/stm32f7xx_hal.o
 .debug_macro   0x0000000000010915       0x10 ./system/src/stm32f7-hal/stm32f7xx_hal.o
 .debug_macro   0x0000000000010925       0x40 ./system/src/stm32f7-hal/stm32f7xx_hal.o
 .debug_macro   0x0000000000010965       0x6c ./system/src/stm32f7-hal/stm32f7xx_hal.o
 .debug_macro   0x00000000000109d1       0x16 ./system/src/stm32f7-hal/stm32f7xx_hal.o
 .debug_macro   0x00000000000109e7      0x182 ./system/src/stm32f7-hal/stm32f7xx_hal.o
 .debug_macro   0x0000000000010b69       0x57 ./system/src/stm32f7-hal/stm32f7xx_hal.o
 .debug_macro   0x0000000000010bc0      0x5c9 ./system/src/stm32f7-hal/stm32f7xx_hal.o
 .debug_macro   0x0000000000011189     0x18a6 ./system/src/stm32f7-hal/stm32f7xx_hal.o
 .debug_macro   0x0000000000012a2f       0xdd ./system/src/stm32f7-hal/stm32f7xx_hal.o
 .debug_macro   0x0000000000012b0c      0x11e ./system/src/stm32f7-hal/stm32f7xx_hal.o
 .debug_macro   0x0000000000012c2a      0x1f3 ./system/src/stm32f7-hal/stm32f7xx_hal.o
 .debug_macro   0x0000000000012e1d       0x27 ./system/src/stm32f7-hal/stm32f7xx_hal.o
 .debug_macro   0x0000000000012e44      0x272 ./system/src/stm32f7-hal/stm32f7xx_hal.o
 .debug_macro   0x00000000000130b6       0x5f ./system/src/stm32f7-hal/stm32f7xx_hal.o
 .debug_macro   0x0000000000013115      0x23a ./system/src/stm32f7-hal/stm32f7xx_hal.o
 .debug_macro   0x000000000001334f      0x38a ./system/src/stm32f7-hal/stm32f7xx_hal.o
 .debug_macro   0x00000000000136d9      0x161 ./system/src/stm32f7-hal/stm32f7xx_hal.o
 .debug_macro   0x000000000001383a       0xf9 ./system/src/stm32f7-hal/stm32f7xx_hal.o
 .debug_macro   0x0000000000013933      0x36e ./system/src/stm32f7-hal/stm32f7xx_hal.o
 .debug_macro   0x0000000000013ca1      0x272 ./system/src/stm32f7-hal/stm32f7xx_hal.o
 .debug_macro   0x0000000000013f13       0xab ./system/src/stm32f7-hal/stm32f7xx_hal.o
 .debug_macro   0x0000000000013fbe       0x4c ./system/src/stm32f7-hal/stm32f7xx_hal.o
 .debug_macro   0x000000000001400a       0x2e ./system/src/stm32f7-hal/stm32f7xx_hal.o
 .debug_macro   0x0000000000014038      0x1f3 ./system/src/stm32f7-hal/stm32f7xx_hal.o
 .debug_macro   0x000000000001422b       0xe6 ./system/src/stm32f7-hal/stm32f7xx_hal.o
 .debug_macro   0x0000000000014311       0xa1 ./system/src/stm32f7-hal/stm32f7xx_hal.o
 .debug_macro   0x00000000000143b2       0x3c ./system/src/stm32f7-hal/stm32f7xx_hal.o
 .debug_macro   0x00000000000143ee       0x6c ./system/src/stm32f7-hal/stm32f7xx_hal.o
 .debug_macro   0x000000000001445a      0x1aa ./system/src/stm32f7-hal/stm32f7xx_hal.o
 .debug_macro   0x0000000000014604      0xd92 ./system/src/stm32f7-hal/stm32f7xx_hal.o
 .debug_macro   0x0000000000015396      0x111 ./system/src/stm32f7-hal/stm32f7xx_hal.o
 .debug_macro   0x00000000000154a7      0x293 ./system/src/stm32f7-hal/stm32f7xx_hal.o
 .debug_macro   0x000000000001573a       0x12 ./system/src/stm32f7-hal/stm32f7xx_hal.o
 .debug_macro   0x000000000001574c      0x516 ./system/src/stm32f7-hal/stm32f7xx_hal.o
 .debug_macro   0x0000000000015c62       0x88 ./system/src/stm32f7-hal/stm32f7xx_hal.o
 .debug_macro   0x0000000000015cea       0xce ./system/src/stm32f7-hal/stm32f7xx_hal.o
 .debug_macro   0x0000000000015db8       0x10 ./system/src/stm32f7-hal/stm32f7xx_hal.o
 .debug_macro   0x0000000000015dc8      0x1d0 ./system/src/stm32f7-hal/stm32f7xx_hal.o
 .debug_macro   0x0000000000015f98       0x22 ./system/src/stm32f7-hal/stm32f7xx_hal.o
 .debug_macro   0x0000000000015fba       0x66 ./system/src/stm32f7-hal/stm32f7xx_hal.o
 .debug_macro   0x0000000000016020      0x1b5 ./system/src/stm32f7-hal/stm32f7xx_hal.o
 .debug_macro   0x00000000000161d5       0xab ./system/src/stm32f7-hal/stm32f7xx_hal.o
 .debug_macro   0x0000000000016280      0x22c ./system/src/stm32f7-hal/stm32f7xx_hal.o
 .debug_macro   0x00000000000164ac      0x240 ./system/src/stm32f7-hal/stm32f7xx_hal.o
 .debug_macro   0x00000000000166ec      0x133 ./system/src/stm32f7-hal/stm32f7xx_hal.o
 .debug_macro   0x000000000001681f      0x10c ./system/src/stm32f7-hal/stm32f7xx_hal.o
 .debug_macro   0x000000000001692b       0x3c ./system/src/stm32f7-hal/stm32f7xx_hal.o
 .debug_macro   0x0000000000016967      0x2db ./system/src/stm32f7-hal/stm32f7xx_hal.o
 .debug_macro   0x0000000000016c42       0x7b ./system/src/stm32f7-hal/stm32f7xx_hal.o
 .debug_macro   0x0000000000016cbd      0x313 ./system/src/stm32f7-hal/stm32f7xx_hal.o
 .debug_macro   0x0000000000016fd0      0x4dc ./system/src/stm32f7-hal/stm32f7xx_hal.o
 .debug_macro   0x00000000000174ac       0xd6 ./system/src/stm32f7-hal/stm32f7xx_hal.o
 .debug_macro   0x0000000000017582      0x398 ./system/src/stm32f7-hal/stm32f7xx_hal.o
 .debug_macro   0x000000000001791a       0xd6 ./system/src/stm32f7-hal/stm32f7xx_hal.o
 .debug_macro   0x00000000000179f0      0x398 ./system/src/stm32f7-hal/stm32f7xx_hal.o
 .debug_macro   0x0000000000017d88      0x22b ./system/src/stm32f7-hal/stm32f7xx_hal.o
 .debug_macro   0x0000000000017fb3      0x1ed ./system/src/stm32f7-hal/stm32f7xx_hal.o
 .debug_macro   0x00000000000181a0      0x2e2 ./system/src/stm32f7-hal/stm32f7xx_hal.o
 .debug_macro   0x0000000000018482      0x677 ./system/src/stm32f7-hal/stm32f7xx_hal.o
 .debug_macro   0x0000000000018af9      0x24f ./system/src/stm32f7-hal/stm32f7xx_hal.o
 .debug_macro   0x0000000000018d48      0x138 ./system/src/stm32f7-hal/stm32f7xx_hal.o
 .debug_macro   0x0000000000018e80      0x4e8 ./system/src/stm32f7-hal/stm32f7xx_hal.o
 .debug_macro   0x0000000000019368       0x47 ./system/src/stm32f7-hal/stm32f7xx_hal.o
 .debug_macro   0x00000000000193af      0x1df ./system/src/stm32f7-hal/stm32f7xx_hal.o
 .debug_macro   0x000000000001958e       0x29 ./system/src/stm32f7-hal/stm32f7xx_hal.o
 .debug_macro   0x00000000000195b7       0x58 ./system/src/stm32f7-hal/stm32f7xx_hal.o
 .debug_macro   0x000000000001960f      0x1c3 ./system/src/stm32f7-hal/stm32f7xx_hal.o
 .debug_macro   0x00000000000197d2       0x30 ./system/src/stm32f7-hal/stm32f7xx_hal.o
 .debug_macro   0x0000000000019802       0x58 ./system/src/stm32f7-hal/stm32f7xx_hal.o
 .debug_macro   0x000000000001985a      0x2cd ./system/src/stm32f7-hal/stm32f7xx_hal.o
 .debug_macro   0x0000000000019b27       0x10 ./system/src/stm32f7-hal/stm32f7xx_hal.o
 .debug_macro   0x0000000000019b37       0xa5 ./system/src/stm32f7-hal/stm32f7xx_hal.o
 .debug_macro   0x0000000000019bdc       0x8d ./system/src/stm32f7-hal/stm32f7xx_hal.o
 .debug_macro   0x0000000000019c69      0x1df ./system/src/stm32f7-hal/stm32f7xx_hal.o
 .debug_macro   0x0000000000019e48      0x119 ./system/src/stm32f7-hal/stm32f7xx_hal.o
 .debug_macro   0x0000000000019f61       0x75 ./system/src/stm32f7-hal/stm32f7xx_hal.o
 .debug_macro   0x0000000000019fd6      0x130 ./system/src/stm32f7-hal/stm32f7xx_hal.o
 .debug_macro   0x000000000001a106      0x4f4 ./system/src/stm32f7-hal/stm32f7xx_hal_cortex.o
 .debug_macro   0x000000000001a5fa      0x50c ./system/src/stm32f7-hal/stm32f7xx_hal_pwr_ex.o
 .debug_macro   0x000000000001ab06      0x518 ./system/src/stm32f7-hal/stm32f7xx_hal_rcc.o
 .debug_macro   0x000000000001b01e      0x4f5 ./system/src/stm32f7-hal/stm32f7xx_hal_tim.o
 .debug_macro   0x000000000001b513      0x182 ./system/src/newlib/_exit.o
 .debug_macro   0x000000000001b695      0x10e ./system/src/newlib/_exit.o
 .debug_macro   0x000000000001b7a3       0x8d ./system/src/newlib/_exit.o
 .debug_macro   0x000000000001b830       0x35 ./system/src/newlib/_exit.o
 .debug_macro   0x000000000001b865      0x137 ./system/src/newlib/_sbrk.o
 .debug_macro   0x000000000001b99c      0x174 ./system/src/newlib/_sbrk.o
 .debug_macro   0x000000000001bb10       0x10 ./system/src/newlib/_sbrk.o
 .debug_macro   0x000000000001bb20      0x23b ./system/src/newlib/_sbrk.o
 .debug_macro   0x000000000001bd5b      0x156 ./system/src/newlib/_startup.o
 .debug_macro   0x000000000001beb1      0x8a4 ./system/src/newlib/_startup.o
 .debug_macro   0x000000000001c755      0x299 ./system/src/newlib/_syscalls.o
 .debug_macro   0x000000000001c9ee       0x10 ./system/src/newlib/_syscalls.o
 .debug_macro   0x000000000001c9fe       0x10 ./system/src/newlib/_syscalls.o
 .debug_macro   0x000000000001ca0e       0x10 ./system/src/newlib/_syscalls.o
 .debug_macro   0x000000000001ca1e       0x35 ./system/src/newlib/_syscalls.o
 .debug_macro   0x000000000001ca53      0x122 ./system/src/newlib/_syscalls.o
 .debug_macro   0x000000000001cb75      0x1d3 ./system/src/newlib/_syscalls.o
 .debug_macro   0x000000000001cd48       0x10 ./system/src/newlib/_syscalls.o
 .debug_macro   0x000000000001cd58       0x1c ./system/src/newlib/_syscalls.o
 .debug_macro   0x000000000001cd74       0x16 ./system/src/newlib/_syscalls.o
 .debug_macro   0x000000000001cd8a       0x88 ./system/src/newlib/_syscalls.o
 .debug_macro   0x000000000001ce12      0x241 ./system/src/newlib/_syscalls.o
 .debug_macro   0x000000000001d053       0x16 ./system/src/newlib/_syscalls.o
 .debug_macro   0x000000000001d069       0x3a ./system/src/newlib/_syscalls.o
 .debug_macro   0x000000000001d0a3       0xac ./system/src/newlib/_syscalls.o
 .debug_macro   0x000000000001d14f      0x159 ./system/src/newlib/_syscalls.o
 .debug_macro   0x000000000001d2a8       0x16 ./system/src/newlib/_syscalls.o
 .debug_macro   0x000000000001d2be       0x22 ./system/src/newlib/_syscalls.o
 .debug_macro   0x000000000001d2e0      0x1ad ./system/src/newlib/assert.o
 .debug_macro   0x000000000001d48d       0x1c ./system/src/newlib/assert.o
 .debug_macro   0x000000000001d4a9      0x1af ./system/src/diag/Trace.o
 .debug_macro   0x000000000001d658       0x52 ./system/src/diag/Trace.o
 .debug_macro   0x000000000001d6aa      0x520 ./system/src/diag/trace_impl.o
 .debug_macro   0x000000000001dbca      0x4ef ./system/src/cortexm/_initialize_hardware.o
 .debug_macro   0x000000000001e0b9      0x559 ./system/src/cortexm/exception_handlers.o
 .debug_macro   0x000000000001e612       0x3b ./system/src/cortexm/exception_handlers.o
 .debug_macro   0x000000000001e64d      0x4eb ./system/src/cmsis/system_stm32f7xx.o
 .debug_macro   0x000000000001eb38       0x73 ./system/src/cmsis/vectors_stm32f746xx.o
 .debug_macro   0x000000000001ebab      0x526 ./src/main.o
 .debug_macro   0x000000000001f0d1      0x136 ./src/main.o
 .debug_macro   0x000000000001f207      0x4f4 ./src/stm32f7xx_hal_msp.o
 .debug_macro   0x000000000001f6fb      0x551 ./src/xxtea.o
