###############################################################################
#
# IAR ELF Linker V7.70.1.11437/W32 for ARM                16/Aug/2016  22:02:01
# Copyright 2007-2016 IAR Systems AB.
#
#    Output file  =  G:\Projects\luna\performance\IAR\Debug\Exe\performance.out
#    Map file     =  
#        G:\Projects\luna\performance\IAR\Debug\List\performance.map
#    Command line =  
#        G:\Projects\luna\performance\IAR\Debug\Obj\core_list_join.o
#        G:\Projects\luna\performance\IAR\Debug\Obj\core_main.o
#        G:\Projects\luna\performance\IAR\Debug\Obj\core_matrix.o
#        G:\Projects\luna\performance\IAR\Debug\Obj\core_portme.o
#        G:\Projects\luna\performance\IAR\Debug\Obj\core_state.o
#        G:\Projects\luna\performance\IAR\Debug\Obj\core_util.o
#        G:\Projects\luna\performance\IAR\Debug\Obj\main.o
#        G:\Projects\luna\performance\IAR\Debug\Obj\startup_stm32f746xx.o
#        G:\Projects\luna\performance\IAR\Debug\Obj\stm32f7xx_hal.o
#        G:\Projects\luna\performance\IAR\Debug\Obj\stm32f7xx_hal_cortex.o
#        G:\Projects\luna\performance\IAR\Debug\Obj\stm32f7xx_hal_gpio.o
#        G:\Projects\luna\performance\IAR\Debug\Obj\stm32f7xx_hal_pwr.o
#        G:\Projects\luna\performance\IAR\Debug\Obj\stm32f7xx_hal_pwr_ex.o
#        G:\Projects\luna\performance\IAR\Debug\Obj\stm32f7xx_hal_rcc.o
#        G:\Projects\luna\performance\IAR\Debug\Obj\stm32f7xx_hal_tim.o
#        G:\Projects\luna\performance\IAR\Debug\Obj\system_stm32f7xx.o
#        G:\Projects\luna\performance\IAR\Debug\Obj\timing.o
#        G:\Projects\luna\performance\IAR\Debug\Obj\xxtea.o -o
#        G:\Projects\luna\performance\IAR\Debug\Exe\performance.out --redirect
#        _Printf=_PrintfSmallNoMb --redirect _Scanf=_ScanfSmall --map
#        G:\Projects\luna\performance\IAR\Debug\List\performance.map --config
#        G:\Projects\luna\performance\IAR\stm32f746xx_flash.icf --semihosting
#        --entry __iar_program_start --vfe
#
###############################################################################

*******************************************************************************
*** RUNTIME MODEL ATTRIBUTES
***

CppFlavor       = *
__Heap_Handler  = Basic
__SystemLibrary = DLib


*******************************************************************************
*** PLACEMENT SUMMARY
***

"A0":  place at 0x08000000 { ro section .intvec };
"P1":  place in [from 0x08000000 to 0x080fffff] { ro };
"P2":  place in [from 0x20000000 to 0x2004ffff] { rw, block CSTACK, block HEAP };
initialize by copy { rw };

  Section             Kind        Address     Size  Object
  -------             ----        -------     ----  ------
"A0":                                        0x1c8
  .intvec             ro code  0x08000000    0x1c8  startup_stm32f746xx.o [1]
                             - 0x080001c8    0x1c8

"P1":                                       0x3a34
  .text               ro code  0x080001c8    0x850  stm32f7xx_hal_rcc.o [1]
  .text               ro code  0x08000a18      0xc  stm32f7xx_hal.o [1]
  .text               ro code  0x08000a24     0x24  stm32f7xx_hal.o [1]
  .text               ro code  0x08000a48    0x124  stm32f7xx_hal_cortex.o [1]
  .text               ro code  0x08000b6c    0x82c  core_main.o [1]
  .text               ro code  0x08001398    0x4b8  core_list_join.o [1]
  .text               ro code  0x08001850    0x108  core_util.o [1]
  .text               ro code  0x08001958     0x4a  core_portme.o [1]
  .text               ro code  0x080019a4    0x31e  core_matrix.o [1]
  .text               ro code  0x08001cc4    0x364  core_state.o [1]
  .text               ro code  0x08002028     0x24  printf.o [3]
  .text               ro code  0x0800204c    0x4d8  xprintfsmall_nomb.o [3]
  .text               ro code  0x08002524     0x16  strchr.o [5]
  .text               ro code  0x0800253c     0x36  strlen.o [5]
  .text               ro code  0x08002574     0x58  memchr.o [5]
  .text               ro code  0x080025cc    0x1a4  main.o [1]
  .text               ro code  0x08002770     0x7c  timing.o [1]
  .text               ro code  0x080027ec     0x34  stm32f7xx_hal.o [1]
  .text               ro code  0x08002820    0x118  system_stm32f7xx.o [1]
  .text               ro code  0x08002938     0x88  stm32f7xx_hal_pwr_ex.o [1]
  .text               ro code  0x080029c0     0x10  stm32f7xx_hal.o [1]
  .text               ro code  0x080029d0    0x15a  stm32f7xx_hal_tim.o [1]
  .text               ro code  0x08002b2a     0xd6  xfspos.o [3]
  .text               ro code  0x08002c00     0xb0  fflush.o [3]
  .text               ro code  0x08002cb0      0xa  xfgpos.o [3]
  .text               ro code  0x08002cba     0x4c  lseek.o [6]
  .text               ro code  0x08002d08      0xc  errno.o [3]
  .text               ro code  0x08002d14      0x4  xsyslock_nop.o [3]
  .text               ro code  0x08002d18     0x10  write.o [6]
  .text               ro code  0x08002d28     0xcc  XShHandles.o [3]
  .text               ro code  0x08002df4      0x2  xtls.o [3]
  .text               ro code  0x08002df6     0x1e  dwrite.o [6]
  .text               ro code  0x08002e14     0x20  iarwstd.o [6]
  .text               ro code  0x08002e34     0x22  iarwrite.o [6]
  .text               ro code  0x08002e58     0x6c  iarttio.o [6]
  .text               ro code  0x08002ec4      0x8  XShttio.o [3]
  .text               ro code  0x08002ecc     0xb8  xfwprep.o [3]
  .text               ro code  0x08002f84     0xb0  xxmemxmalloc.o [3]
  .text               ro code  0x08003034     0x22  fseek.o [3]
  .text               ro code  0x08003058     0x80  xxmemxfree.o [3]
  .text               ro code  0x080030d8     0x2c  xgetmemchunk.o [3]
  .text               ro code  0x08003104     0x80  xfofind.o [3]
  .text               ro code  0x08003184     0x7a  fclose.o [3]
  .text               ro code  0x080031fe     0x1a  close.o [6]
  .text               ro code  0x08003218     0x16  remove.o [6]
  .text               ro code  0x0800322e     0x78  lz77_init_single.o [5]
  .rodata             const    0x080032a8     0x64  core_main.o [1]
  .text               ro code  0x0800330c     0x58  xcloseall.o [3]
  .text               ro code  0x08003364     0x56  fputc.o [3]
  .rodata             const    0x080033bc     0x4c  core_main.o [1]
  .rodata             const    0x08003408     0x40  core_main.o [1]
  .text               ro code  0x08003448     0x40  zero_init3.o [5]
  .rodata             const    0x08003488     0x38  core_util.o [1]
  .rodata             const    0x080034c0     0x34  core_main.o [1]
  .rodata             const    0x080034f4     0x34  core_main.o [1]
  .rodata             const    0x08003528     0x30  core_main.o [1]
  .rodata             const    0x08003558     0x30  core_main.o [1]
  .rodata             const    0x08003588     0x30  core_main.o [1]
  .rodata             const    0x080035b8     0x30  core_main.o [1]
  .rodata             const    0x080035e8     0x30  core_main.o [1]
  .rodata             const    0x08003618     0x2c  core_main.o [1]
  .rodata             const    0x08003644     0x2c  core_main.o [1]
  .text               ro code  0x08003670     0x28  data_init.o [5]
  .text               ro code  0x08003698     0x22  fpinit_M.o [4]
  .iar.init_table     const    0x080036bc     0x20  - Linker created -
  .rodata             const    0x080036dc     0x1c  core_main.o [1]
  .rodata             const    0x080036f8     0x1c  core_main.o [1]
  .rodata             const    0x08003714     0x1c  core_main.o [1]
  .rodata             const    0x08003730     0x1c  core_main.o [1]
  .rodata             const    0x0800374c     0x1c  core_main.o [1]
  .text               ro code  0x08003768     0x1a  cmain.o [5]
  .text               ro code  0x08003782      0x4  low_level_init.o [3]
  .text               ro code  0x08003786      0x4  exit.o [3]
  .text               ro code  0x0800378c      0xe  cexit.o [5]
  .text               ro code  0x0800379c     0x14  exit.o [6]
  .rodata             const    0x080037b0     0x18  core_main.o [1]
  .rodata             const    0x080037c8     0x18  core_main.o [1]
  .rodata             const    0x080037e0     0x18  core_main.o [1]
  .rodata             const    0x080037f8     0x18  core_main.o [1]
  .rodata             const    0x08003810     0x18  core_main.o [1]
  .rodata             const    0x08003828     0x18  core_main.o [1]
  .rodata             const    0x08003840     0x18  core_main.o [1]
  .rodata             const    0x08003858     0x18  main.o [1]
  .text               ro code  0x08003870     0x16  xprout.o [3]
  .text               ro code  0x08003888      0xc  putchar.o [3]
  .rodata             const    0x08003894     0x14  core_main.o [1]
  .rodata             const    0x080038a8     0x10  stm32f7xx_hal_rcc.o [1]
  .rodata             const    0x080038b8     0x10  system_stm32f7xx.o [1]
  .text               ro code  0x080038c8     0x10  startup_stm32f746xx.o [1]
  .rodata             const    0x080038d8      0xc  core_state.o [1]
  .rodata             const    0x080038e4      0xc  core_state.o [1]
  .rodata             const    0x080038f0      0xc  core_state.o [1]
  .rodata             const    0x080038fc      0xc  core_state.o [1]
  .rodata             const    0x08003908      0xc  core_state.o [1]
  .rodata             const    0x08003914      0xc  core_state.o [1]
  .rodata             const    0x08003920      0xc  core_state.o [1]
  .rodata             const    0x0800392c      0xc  core_state.o [1]
  .rodata             const    0x08003938      0xc  core_state.o [1]
  .rodata             const    0x08003944      0xc  core_state.o [1]
  .rodata             const    0x08003950      0xc  core_state.o [1]
  .rodata             const    0x0800395c      0xc  core_state.o [1]
  .text               ro code  0x08003968      0xc  cstartup_M.o [5]
  .rodata             const    0x08003974      0x8  core_main.o [1]
  .rodata             const    0x0800397c      0x8  core_state.o [1]
  .rodata             const    0x08003984      0x8  core_state.o [1]
  .rodata             const    0x0800398c      0x8  core_state.o [1]
  .rodata             const    0x08003994      0x8  core_state.o [1]
  .text               ro code  0x0800399c      0x4  startup_stm32f746xx.o [1]
  .text               ro code  0x080039a0      0x4  startup_stm32f746xx.o [1]
  .text               ro code  0x080039a4      0x4  startup_stm32f746xx.o [1]
  .text               ro code  0x080039a8      0x4  startup_stm32f746xx.o [1]
  .text               ro code  0x080039ac      0x4  startup_stm32f746xx.o [1]
  .text               ro code  0x080039b0      0x4  startup_stm32f746xx.o [1]
  .text               ro code  0x080039b4      0x4  startup_stm32f746xx.o [1]
  .text               ro code  0x080039b8      0x4  startup_stm32f746xx.o [1]
  .text               ro code  0x080039bc      0x4  startup_stm32f746xx.o [1]
  .text               ro code  0x080039c0      0x4  startup_stm32f746xx.o [1]
  .text               ro code  0x080039c4      0x4  startup_stm32f746xx.o [1]
  .text               ro code  0x080039c8      0x4  startup_stm32f746xx.o [1]
  .text               ro code  0x080039cc      0x4  startup_stm32f746xx.o [1]
  .text               ro code  0x080039d0      0x4  startup_stm32f746xx.o [1]
  .text               ro code  0x080039d4      0x4  startup_stm32f746xx.o [1]
  .text               ro code  0x080039d8      0x4  startup_stm32f746xx.o [1]
  .text               ro code  0x080039dc      0x4  startup_stm32f746xx.o [1]
  .text               ro code  0x080039e0      0x4  startup_stm32f746xx.o [1]
  .text               ro code  0x080039e4      0x4  startup_stm32f746xx.o [1]
  .text               ro code  0x080039e8      0x4  startup_stm32f746xx.o [1]
  .text               ro code  0x080039ec      0x4  startup_stm32f746xx.o [1]
  .text               ro code  0x080039f0      0x4  startup_stm32f746xx.o [1]
  .text               ro code  0x080039f4      0x4  startup_stm32f746xx.o [1]
  .text               ro code  0x080039f8      0x4  startup_stm32f746xx.o [1]
  .text               ro code  0x080039fc      0x4  startup_stm32f746xx.o [1]
  .text               ro code  0x08003a00      0x4  startup_stm32f746xx.o [1]
  .text               ro code  0x08003a04      0x4  startup_stm32f746xx.o [1]
  .text               ro code  0x08003a08      0x4  startup_stm32f746xx.o [1]
  .text               ro code  0x08003a0c      0x4  startup_stm32f746xx.o [1]
  .text               ro code  0x08003a10      0x4  startup_stm32f746xx.o [1]
  .text               ro code  0x08003a14      0x4  startup_stm32f746xx.o [1]
  .text               ro code  0x08003a18      0x4  startup_stm32f746xx.o [1]
  .text               ro code  0x08003a1c      0x4  startup_stm32f746xx.o [1]
  .text               ro code  0x08003a20      0x4  startup_stm32f746xx.o [1]
  .text               ro code  0x08003a24      0x4  startup_stm32f746xx.o [1]
  .text               ro code  0x08003a28      0x4  startup_stm32f746xx.o [1]
  .text               ro code  0x08003a2c      0x4  startup_stm32f746xx.o [1]
  .text               ro code  0x08003a30      0x4  startup_stm32f746xx.o [1]
  .text               ro code  0x08003a34      0x4  startup_stm32f746xx.o [1]
  .text               ro code  0x08003a38      0x4  startup_stm32f746xx.o [1]
  .text               ro code  0x08003a3c      0x4  startup_stm32f746xx.o [1]
  .text               ro code  0x08003a40      0x4  startup_stm32f746xx.o [1]
  .text               ro code  0x08003a44      0x4  startup_stm32f746xx.o [1]
  .text               ro code  0x08003a48      0x4  startup_stm32f746xx.o [1]
  .text               ro code  0x08003a4c      0x4  startup_stm32f746xx.o [1]
  .text               ro code  0x08003a50      0x4  startup_stm32f746xx.o [1]
  .text               ro code  0x08003a54      0x4  startup_stm32f746xx.o [1]
  .text               ro code  0x08003a58      0x4  startup_stm32f746xx.o [1]
  .text               ro code  0x08003a5c      0x4  startup_stm32f746xx.o [1]
  .text               ro code  0x08003a60      0x4  startup_stm32f746xx.o [1]
  .text               ro code  0x08003a64      0x4  startup_stm32f746xx.o [1]
  .text               ro code  0x08003a68      0x4  startup_stm32f746xx.o [1]
  .text               ro code  0x08003a6c      0x4  startup_stm32f746xx.o [1]
  .text               ro code  0x08003a70      0x4  startup_stm32f746xx.o [1]
  .text               ro code  0x08003a74      0x4  startup_stm32f746xx.o [1]
  .text               ro code  0x08003a78      0x4  startup_stm32f746xx.o [1]
  .text               ro code  0x08003a7c      0x4  startup_stm32f746xx.o [1]
  .text               ro code  0x08003a80      0x4  startup_stm32f746xx.o [1]
  .text               ro code  0x08003a84      0x4  startup_stm32f746xx.o [1]
  .text               ro code  0x08003a88      0x4  startup_stm32f746xx.o [1]
  .text               ro code  0x08003a8c      0x4  startup_stm32f746xx.o [1]
  .text               ro code  0x08003a90      0x4  startup_stm32f746xx.o [1]
  .text               ro code  0x08003a94      0x4  startup_stm32f746xx.o [1]
  .text               ro code  0x08003a98      0x4  startup_stm32f746xx.o [1]
  .text               ro code  0x08003a9c      0x4  startup_stm32f746xx.o [1]
  .text               ro code  0x08003aa0      0x4  startup_stm32f746xx.o [1]
  .text               ro code  0x08003aa4      0x4  startup_stm32f746xx.o [1]
  .text               ro code  0x08003aa8      0x4  startup_stm32f746xx.o [1]
  .text               ro code  0x08003aac      0x4  startup_stm32f746xx.o [1]
  .text               ro code  0x08003ab0      0x4  startup_stm32f746xx.o [1]
  .text               ro code  0x08003ab4      0x4  startup_stm32f746xx.o [1]
  .text               ro code  0x08003ab8      0x4  startup_stm32f746xx.o [1]
  .text               ro code  0x08003abc      0x4  startup_stm32f746xx.o [1]
  .text               ro code  0x08003ac0      0x4  startup_stm32f746xx.o [1]
  .text               ro code  0x08003ac4      0x4  startup_stm32f746xx.o [1]
  .text               ro code  0x08003ac8      0x4  startup_stm32f746xx.o [1]
  .text               ro code  0x08003acc      0x4  startup_stm32f746xx.o [1]
  .text               ro code  0x08003ad0      0x4  startup_stm32f746xx.o [1]
  .text               ro code  0x08003ad4      0x4  startup_stm32f746xx.o [1]
  .text               ro code  0x08003ad8      0x4  startup_stm32f746xx.o [1]
  .text               ro code  0x08003adc      0x4  startup_stm32f746xx.o [1]
  .text               ro code  0x08003ae0      0x4  startup_stm32f746xx.o [1]
  .text               ro code  0x08003ae4      0x4  startup_stm32f746xx.o [1]
  .text               ro code  0x08003ae8      0x4  startup_stm32f746xx.o [1]
  .text               ro code  0x08003aec      0x4  startup_stm32f746xx.o [1]
  .text               ro code  0x08003af0      0x4  startup_stm32f746xx.o [1]
  .text               ro code  0x08003af4      0x4  startup_stm32f746xx.o [1]
  .text               ro code  0x08003af8      0x4  startup_stm32f746xx.o [1]
  .text               ro code  0x08003afc      0x4  startup_stm32f746xx.o [1]
  .text               ro code  0x08003b00      0x4  startup_stm32f746xx.o [1]
  .text               ro code  0x08003b04      0x4  startup_stm32f746xx.o [1]
  .text               ro code  0x08003b08      0x4  startup_stm32f746xx.o [1]
  .text               ro code  0x08003b0c      0x4  startup_stm32f746xx.o [1]
  .text               ro code  0x08003b10      0x4  startup_stm32f746xx.o [1]
  .text               ro code  0x08003b14      0x4  startup_stm32f746xx.o [1]
  .text               ro code  0x08003b18      0x4  startup_stm32f746xx.o [1]
  .text               ro code  0x08003b1c      0x4  startup_stm32f746xx.o [1]
  .text               ro code  0x08003b20      0x4  startup_stm32f746xx.o [1]
  .text               ro code  0x08003b24      0x4  startup_stm32f746xx.o [1]
  .text               ro code  0x08003b28      0x4  startup_stm32f746xx.o [1]
  .text               ro code  0x08003b2c      0x4  startup_stm32f746xx.o [1]
  .text               ro code  0x08003b30      0x4  startup_stm32f746xx.o [1]
  .text               ro code  0x08003b34      0x4  startup_stm32f746xx.o [1]
  .text               ro code  0x08003b38      0x4  startup_stm32f746xx.o [1]
  .text               ro code  0x08003b3c      0x4  startup_stm32f746xx.o [1]
  .text               ro code  0x08003b40      0x0  cstart_closeall.o [5]
  .rodata             const    0x08003b40      0x0  zero_init3.o [5]
  .rodata             const    0x08003b40      0x0  lz77_init_single.o [5]
  Initializer bytes   const    0x08003b40     0xbc  <for P2-1>
                             - 0x08003bfc   0x3a34

"P2", part 1 of 3:                           0x164
  P2-1                         0x20000000    0x164  <Init block>
    .data             inited   0x20000000      0xc  core_main.o [1]
    .data             inited   0x2000000c      0xc  core_main.o [1]
    .data             inited   0x20000018      0xc  core_main.o [1]
    .data             inited   0x20000024      0x4  core_portme.o [1]
    .data             inited   0x20000028      0x4  core_portme.o [1]
    .data             inited   0x2000002c      0x4  core_portme.o [1]
    .data             inited   0x20000030     0x10  core_state.o [1]
    .data             inited   0x20000040     0x10  core_state.o [1]
    .data             inited   0x20000050     0x10  core_state.o [1]
    .data             inited   0x20000060     0x10  core_state.o [1]
    .data             inited   0x20000070      0x4  main.o [1]
    .data             inited   0x20000074      0x4  system_stm32f7xx.o [1]
    .data             inited   0x20000078     0x40  xfiles.o [3]
    .data             inited   0x200000b8     0x40  xfiles.o [3]
    .data             inited   0x200000f8     0x40  xfiles.o [3]
    .data             inited   0x20000138     0x20  xfiles.o [3]
    .data             inited   0x20000158      0x8  XShttio.o [3]
    __DLIB_PERTHREAD  inited   0x20000160      0x4  errno.o [3]
                             - 0x20000164    0x164

"P2", part 2 of 3:                         0x20000
  CSTACK                       0x20000168  0x10000  <Block>
    CSTACK            uninit   0x20000168  0x10000  <Block tail>
  HEAP                         0x20010168  0x10000  <Block>
    HEAP              uninit   0x20010168  0x10000  <Block tail>
                             - 0x20020168  0x20000

"P2", part 3 of 3:                           0x184
  .bss                zero     0x20020168     0x80  XShHandles.o [3]
  .bss                zero     0x200201e8     0x50  xfiles.o [3]
  .bss                zero     0x20020238     0x50  xfiles.o [3]
  .bss                zero     0x20020288     0x3c  timing.o [1]
  .bss                zero     0x200202c4      0x8  xxmemxmalloc.o [3]
  .bss                zero     0x200202cc      0x4  core_portme.o [1]
  .bss                zero     0x200202d0      0x4  core_portme.o [1]
  .bss                zero     0x200202d4      0x4  core_portme.o [1]
  .bss                zero     0x200202d8      0x4  core_portme.o [1]
  .bss                zero     0x200202dc      0x4  core_portme.o [1]
  .bss                zero     0x200202e0      0x4  main.o [1]
  .bss                zero     0x200202e4      0x4  stm32f7xx_hal.o [1]
  .bss                zero     0x200202e8      0x4  xgetmemchunk.o [3]
                             - 0x200202ec    0x184


*******************************************************************************
*** INIT TABLE
***

          Address     Size
          -------     ----
Zero (__iar_zero_init3)
    1 destination range, total size 0x184:
          0x20020168  0x184

Copy/lz77 (__iar_lz77_init_single3)
    1 source range, total size 0xbc (52% of destination):
          0x08003b40   0xbc
    1 destination range, total size 0x164:
          0x20000000  0x164



*******************************************************************************
*** MODULE SUMMARY
***

    Module                  ro code  ro data  rw data
    ------                  -------  -------  -------
G:\Projects\luna\performance\IAR\Debug\Obj: [1]
    core_list_join.o          1 208
    core_main.o               2 092    1 027       36
    core_matrix.o               798
    core_portme.o                74        6       32
    core_state.o                868      210       64
    core_util.o                 264       56
    main.o                      420       26        8
    startup_stm32f746xx.o       892
    stm32f7xx_hal.o             116                 4
    stm32f7xx_hal_cortex.o      292
    stm32f7xx_hal_pwr_ex.o      136
    stm32f7xx_hal_rcc.o       2 128       16
    stm32f7xx_hal_tim.o         346
    system_stm32f7xx.o          280       18        4
    timing.o                    124                60
    -------------------------------------------------
    Total:                   10 038    1 359      208

command line: [2]
    -------------------------------------------------
    Total:

dl7M_tlf.a: [3]
    XShHandles.o                204               128
    XShttio.o                     8        4        8
    errno.o                      12        2        4
    exit.o                        4
    fclose.o                    122
    fflush.o                    176
    fputc.o                      86
    fseek.o                      34
    low_level_init.o              4
    printf.o                     36
    putchar.o                    12
    xcloseall.o                  88
    xfgpos.o                     10
    xfiles.o                             118      384
    xfofind.o                   128
    xfspos.o                    214
    xfwprep.o                   184
    xgetmemchunk.o               44                 4
    xprintfsmall_nomb.o       1 240
    xprout.o                     22
    xsyslock_nop.o                4
    xtls.o                        2
    xxmemxfree.o                128
    xxmemxmalloc.o              176                 8
    -------------------------------------------------
    Total:                    2 938      124      536

m7M_tls.a: [4]
    fpinit_M.o                   34
    -------------------------------------------------
    Total:                       34

rt7M_tl.a: [5]
    cexit.o                      14
    cmain.o                      26
    cstart_closeall.o
    cstartup_M.o                 12
    data_init.o                  40
    lz77_init_single.o          120
    memchr.o                     88
    strchr.o                     22
    strlen.o                     54
    zero_init3.o                 64
    -------------------------------------------------
    Total:                      440

shb_l.a: [6]
    close.o                      26
    dwrite.o                     30
    exit.o                       20
    iarttio.o                   108
    iarwrite.o                   34
    iarwstd.o                    32
    lseek.o                      76
    remove.o                     22
    write.o                      16
    -------------------------------------------------
    Total:                      364

    Gaps                         20        6
    Linker created                        33  131 072
-----------------------------------------------------
    Grand Total:             13 834    1 522  131 816


*******************************************************************************
*** ENTRY LIST
***

Entry                      Address   Size  Type      Object
-----                      -------   ----  ----      ------
.iar.init_table$$Base   0x080036bc          --   Gb  - Linker created -
.iar.init_table$$Limit  0x080036dc          --   Gb  - Linker created -
?main                   0x08003769         Code  Gb  cmain.o [5]
AHBPrescTable           0x080038b8   0x10  Data  Gb  system_stm32f7xx.o [1]
APBAHBPrescTable        0x080038a8   0x10  Data  Gb  stm32f7xx_hal_rcc.o [1]
CSTACK$$Base            0x20000168          --   Gb  - Linker created -
CSTACK$$Limit           0x20010168          --   Gb  - Linker created -
HAL_GetTick             0x08000a19    0xc  Code  Wk  stm32f7xx_hal.o [1]
HAL_IncTick             0x080029c1   0x10  Code  Wk  stm32f7xx_hal.o [1]
HAL_Init                0x080027ed   0x22  Code  Gb  stm32f7xx_hal.o [1]
HAL_InitTick            0x08000a25   0x24  Code  Wk  stm32f7xx_hal.o [1]
HAL_MspInit             0x08002815    0xc  Code  Wk  stm32f7xx_hal.o [1]
HAL_NVIC_SetPriority    0x08000b05   0x22  Code  Gb  stm32f7xx_hal_cortex.o [1]
HAL_NVIC_SetPriorityGrouping
                        0x08000afd    0x8  Code  Gb  stm32f7xx_hal_cortex.o [1]
HAL_PWREx_EnableOverDrive
                        0x08002939   0x7a  Code  Gb  stm32f7xx_hal_pwr_ex.o [1]
HAL_RCC_ClockConfig     0x080006db  0x254  Code  Gb  stm32f7xx_hal_rcc.o [1]
HAL_RCC_GetHCLKFreq     0x080009bb   0x28  Code  Gb  stm32f7xx_hal_rcc.o [1]
HAL_RCC_GetSysClockFreq
                        0x0800092f   0x8c  Code  Gb  stm32f7xx_hal_rcc.o [1]
HAL_RCC_OscConfig       0x080001c9  0x512  Code  Gb  stm32f7xx_hal_rcc.o [1]
HAL_SYSTICK_CLKSourceConfig
                        0x08000b2f   0x20  Code  Gb  stm32f7xx_hal_cortex.o [1]
HAL_SYSTICK_Config      0x08000b27    0x8  Code  Gb  stm32f7xx_hal_cortex.o [1]
HAL_TIM_Base_Init       0x080029d1   0x32  Code  Gb  stm32f7xx_hal_tim.o [1]
HAL_TIM_Base_MspInit    0x08002b29    0x2  Code  Wk  stm32f7xx_hal_tim.o [1]
HAL_TIM_Base_Start      0x08002a03   0x1c  Code  Gb  stm32f7xx_hal_tim.o [1]
HEAP$$Base              0x20010168          --   Gb  - Linker created -
HEAP$$Limit             0x20020168          --   Gb  - Linker created -
LoadInt                 0x080023d5   0x4c  Code  Lc  xprintfsmall_nomb.o [3]
MX_TIM5_Init            0x08002771   0x68  Code  Gb  timing.o [1]
NVIC_EncodePriority     0x08000a91   0x3e  Code  Lc  stm32f7xx_hal_cortex.o [1]
NVIC_GetPriorityGrouping
                        0x08000a65    0xa  Code  Lc  stm32f7xx_hal_cortex.o [1]
NVIC_SetPriority        0x08000a6f   0x22  Code  Lc  stm32f7xx_hal_cortex.o [1]
NVIC_SetPriorityGrouping
                        0x08000a49   0x1c  Code  Lc  stm32f7xx_hal_cortex.o [1]
Region$$Table$$Base     0x080036bc          --   Gb  - Linker created -
Region$$Table$$Limit    0x080036dc          --   Gb  - Linker created -
SCB_EnableDCache        0x080025f1   0x54  Code  Lc  main.o [1]
SCB_EnableICache        0x080025cd   0x24  Code  Lc  main.o [1]
SysTick_Config          0x08000acf   0x2e  Code  Lc  stm32f7xx_hal_cortex.o [1]
SysTick_Handler         0x0800271d   0x28  Code  Gb  main.o [1]
SysTick_Handler::prescaler
                        0x20000070    0x4  Data  Lc  main.o [1]
SystemClock_Config      0x08002677   0xa6  Code  Lc  main.o [1]
SystemCoreClock         0x20000074    0x4  Data  Gb  system_stm32f7xx.o [1]
SystemCoreClockUpdate   0x0800286d   0x9a  Code  Gb  system_stm32f7xx.o [1]
SystemInit              0x08002821   0x4c  Code  Gb  system_stm32f7xx.o [1]
TIM_Base_SetConfig      0x08002a1f   0xdc  Code  Gb  stm32f7xx_hal_tim.o [1]
_Close_all              0x0800330d   0x58  Code  Gb  xcloseall.o [3]
_Files                  0x20000138   0x20  Data  Gb  xfiles.o [3]
_Fofree                 0x08003105   0x78  Code  Gb  xfofind.o [3]
_Fspos                  0x08002b2b   0xd6  Code  Gb  xfspos.o [3]
_Fwprep                 0x08002ecd   0xb8  Code  Gb  xfwprep.o [3]
_LitobSmallNoMb         0x08002421   0xce  Code  Lc  xprintfsmall_nomb.o [3]
_Nnl                    0x08002cb1    0xa  Code  Gb  xfgpos.o [3]
_PrintfSmallNoMb        0x0800204d  0x382  Code  Gb  xprintfsmall_nomb.o [3]
_Prout                  0x08003871   0x16  Code  Gb  xprout.o [3]
_PutcharsSmallNoMb      0x080024ef   0x2e  Code  Lc  xprintfsmall_nomb.o [3]
__aeabi_errno_addr      0x08002d09    0x6  Code  Gb  errno.o [3]
__cexit_closeall        0x0800378f         Code  Gb  cexit.o [5]
__close                 0x080031ff   0x1a  Code  Gb  close.o [6]
__cmain                 0x08003769         Code  Gb  cmain.o [5]
__cstart_closeall       0x08003b40         Data  Gb  cstart_closeall.o [5]
__data_Aldata           0x200202c4    0x8  Data  Gb  xxmemxmalloc.o [3]
__data_GetMemChunk      0x080030d9   0x2c  Code  Gb  xgetmemchunk.o [3]
__data_GetMemChunk::start
                        0x200202e8    0x4  Data  Lc  xgetmemchunk.o [3]
__dwrite                0x08002df7   0x1e  Code  Gb  dwrite.o [6]
__exit                  0x0800379d   0x14  Code  Gb  exit.o [6]
__iar_Errno             0x20000160    0x4  Data  Gb  errno.o [3]
__iar_Lockfilelock      0x08002d15    0x2  Code  Gb  xsyslock_nop.o [3]
__iar_Memchr            0x08002575         Code  Gb  memchr.o [5]
__iar_Stderr            0x200000f8   0x40  Data  Gb  xfiles.o [3]
__iar_Stdin             0x20000078   0x40  Data  Gb  xfiles.o [3]
__iar_Stdout            0x200000b8   0x40  Data  Gb  xfiles.o [3]
__iar_Strchr            0x08002525         Code  Gb  strchr.o [5]
__iar_Unlockfilelock    0x08002d17    0x2  Code  Gb  xsyslock_nop.o [3]
__iar_close_ttio        0x08002e59   0x2e  Code  Gb  iarttio.o [6]
__iar_data_init3        0x08003671   0x28  Code  Gb  data_init.o [5]
__iar_dlib_perthread_access
                        0x08002df5    0x2  Code  Gb  xtls.o [3]
__iar_get_ttio          0x08002e89   0x38  Code  Gb  iarttio.o [6]
__iar_init_vfp          0x08003699         Code  Gb  fpinit_M.o [4]
__iar_lookup_ttioh      0x08002ec5    0x8  Code  Gb  XShttio.o [3]
__iar_lz77_init_single3
                        0x0800322f   0x78  Code  Gb  lz77_init_single.o [5]
__iar_program_start     0x08003969         Code  Gb  cstartup_M.o [5]
__iar_sh_Discard        0x08002d29   0x3e  Code  Gb  XShHandles.o [3]
__iar_sh_Move           0x08002d6d   0x46  Code  Gb  XShHandles.o [3]
__iar_sh_Pos            0x08002db3   0x3e  Code  Gb  XShHandles.o [3]
__iar_sh_stdout         0x08002e15   0x20  Code  Gb  iarwstd.o [6]
__iar_sh_write          0x08002e35   0x22  Code  Gb  iarwrite.o [6]
__iar_ttio_handles      0x20000158    0x8  Data  Lc  XShttio.o [3]
__iar_zero_init3        0x08003449   0x40  Code  Gb  zero_init3.o [5]
__low_level_init        0x08003783    0x4  Code  Gb  low_level_init.o [3]
__lseek                 0x08002cbb   0x4c  Code  Gb  lseek.o [6]
__vector_table          0x08000000         Data  Gb  startup_stm32f746xx.o [1]
__write                 0x08002d19   0x10  Code  Gb  write.o [6]
_call_main              0x08003775         Code  Gb  cmain.o [5]
_exit                   0x0800378d         Code  Gb  cexit.o [5]
_main                   0x0800377f         Code  Gb  cmain.o [5]
barebones_clock         0x08001959    0x8  Code  Gb  core_portme.o [1]
calc_func               0x08001399   0x9e  Code  Gb  core_list_join.o [1]
check_data_types        0x0800192b   0x16  Code  Gb  core_util.o [1]
cmp_complex             0x08001437   0x1e  Code  Gb  core_list_join.o [1]
cmp_idx                 0x08001455   0x34  Code  Gb  core_list_join.o [1]
copy_info               0x08001489    0xa  Code  Gb  core_list_join.o [1]
core_bench_list         0x08001493  0x150  Code  Gb  core_list_join.o [1]
core_bench_matrix       0x080019a5   0x2a  Code  Gb  core_matrix.o [1]
core_bench_state        0x08001cc5  0x100  Code  Gb  core_state.o [1]
core_init_matrix        0x08001aa5   0x8e  Code  Gb  core_matrix.o [1]
core_init_state         0x08001dc5   0xb0  Code  Gb  core_state.o [1]
core_list_find          0x08001751   0x36  Code  Gb  core_list_join.o [1]
core_list_init          0x080015e3   0xf8  Code  Gb  core_list_join.o [1]
core_list_insert_new    0x080016e9   0x40  Code  Gb  core_list_join.o [1]
core_list_mergesort     0x0800179b   0xb6  Code  Gb  core_list_join.o [1]
core_list_remove        0x08001729   0x18  Code  Gb  core_list_join.o [1]
core_list_reverse       0x08001787   0x14  Code  Gb  core_list_join.o [1]
core_list_undo_remove   0x08001741   0x10  Code  Gb  core_list_join.o [1]
core_main               0x08000bbf  0x760  Code  Gb  core_main.o [1]
core_state_transition   0x08001e97  0x192  Code  Gb  core_state.o [1]
crc16                   0x0800191f    0xc  Code  Gb  core_util.o [1]
crcu16                  0x080018d9   0x24  Code  Gb  core_util.o [1]
crcu32                  0x080018fd   0x22  Code  Gb  core_util.o [1]
crcu8                   0x08001887   0x52  Code  Gb  core_util.o [1]
default_num_contexts    0x2000002c    0x4  Data  Gb  core_portme.o [1]
ebuf                    0x200201e8   0x50  Data  Lc  xfiles.o [3]
ee_isdigit              0x08001e85   0x12  Code  Lc  core_state.o [1]
errpat                  0x20000060   0x10  Data  Lc  core_state.o [1]
exit                    0x08003787    0x4  Code  Gb  exit.o [3]
fclose                  0x08003185   0x7a  Code  Gb  fclose.o [3]
fflush                  0x08002c77   0x34  Code  Gb  fflush.o [3]
fflushOne               0x08002c01   0x76  Code  Lc  fflush.o [3]
floatpat                0x20000040   0x10  Data  Lc  core_state.o [1]
fputc                   0x08003365   0x56  Code  Gb  fputc.o [3]
free                    0x08003059   0x7a  Code  Gb  xxmemxfree.o [3]
fseek                   0x08003035   0x22  Code  Gb  fseek.o [3]
get_seed_32             0x08001851   0x36  Code  Gb  core_util.o [1]
get_time                0x08001979    0xc  Code  Gb  core_portme.o [1]
htim5                   0x20020288   0x3c  Data  Gb  timing.o [1]
initialize_hardware     0x0800265f   0x18  Code  Lc  main.o [1]
intpat                  0x20000030   0x10  Data  Lc  core_state.o [1]
iterate                 0x08000b6d   0x52  Code  Gb  core_main.o [1]
list_known_crc          0x20000000    0xc  Data  Lc  core_main.o [1]
main                    0x08002645   0x1a  Code  Gb  main.o [1]
malloc                  0x08002f85   0xac  Code  Gb  xxmemxmalloc.o [3]
matrix_add_const        0x08001bab   0x2c  Code  Gb  core_matrix.o [1]
matrix_known_crc        0x2000000c    0xc  Data  Lc  core_main.o [1]
matrix_mul_const        0x08001b7d   0x2e  Code  Gb  core_matrix.o [1]
matrix_mul_matrix       0x08001c0f   0x54  Code  Gb  core_matrix.o [1]
matrix_mul_matrix_bitextract
                        0x08001c63   0x60  Code  Gb  core_matrix.o [1]
matrix_mul_vect         0x08001bd7   0x38  Code  Gb  core_matrix.o [1]
matrix_sum              0x08001b33   0x4a  Code  Gb  core_matrix.o [1]
matrix_test             0x080019cf   0xd2  Code  Gb  core_matrix.o [1]
memchr                  0x08002575         Code  Gb  memchr.o [5]
obuf                    0x20020238   0x50  Data  Lc  xfiles.o [3]
portable_fini           0x0800199d    0x6  Code  Gb  core_portme.o [1]
portable_init           0x08001997    0x6  Code  Gb  core_portme.o [1]
printf                  0x08002029   0x24  Code  Gb  printf.o [3]
putchar                 0x08003889    0xc  Code  Gb  putchar.o [3]
remove                  0x08003219   0x16  Code  Gb  remove.o [6]
sFileInfo               0x20020168   0x80  Data  Lc  XShHandles.o [3]
scipat                  0x20000050   0x10  Data  Lc  core_state.o [1]
seconds                 0x200202e0    0x4  Data  Gb  main.o [1]
seed1_volatile          0x200202cc    0x4  Data  Gb  core_portme.o [1]
seed2_volatile          0x200202d0    0x4  Data  Gb  core_portme.o [1]
seed3_volatile          0x20000024    0x4  Data  Gb  core_portme.o [1]
seed4_volatile          0x20000028    0x4  Data  Gb  core_portme.o [1]
seed5_volatile          0x200202d4    0x4  Data  Gb  core_portme.o [1]
start_time              0x08001961    0xc  Code  Gb  core_portme.o [1]
start_time_val          0x200202d8    0x4  Data  Lc  core_portme.o [1]
state_known_crc         0x20000018    0xc  Data  Lc  core_main.o [1]
stop_time               0x0800196d    0xc  Code  Gb  core_portme.o [1]
stop_time_val           0x200202dc    0x4  Data  Lc  core_portme.o [1]
strchr                  0x08002525         Code  Gb  strchr.o [5]
strlen                  0x0800253d         Code  Gb  strlen.o [5]
time_in_secs            0x0800198d    0xa  Code  Gb  core_portme.o [1]
uwTick                  0x200202e4    0x4  Data  Lc  stm32f7xx_hal.o [1]


[1] = G:\Projects\luna\performance\IAR\Debug\Obj
[2] = command line
[3] = dl7M_tlf.a
[4] = m7M_tls.a
[5] = rt7M_tl.a
[6] = shb_l.a

   13 834 bytes of readonly  code memory
    1 522 bytes of readonly  data memory
  131 816 bytes of readwrite data memory

Errors: none
Warnings: none
