Archive member included to satisfy reference by file (symbol)

/usr/local/gcc-arm-none-eabi-5_3-2016q1/bin/../lib/gcc/arm-none-eabi/5.3.1/../../../../arm-none-eabi/lib/armv7e-m/fpu/fpv5-sp-d16/libg_nano.a(lib_a-ctype_.o)
                              ./system/src/newlib/_syscalls.o (__ctype_ptr__)
/usr/local/gcc-arm-none-eabi-5_3-2016q1/bin/../lib/gcc/arm-none-eabi/5.3.1/../../../../arm-none-eabi/lib/armv7e-m/fpu/fpv5-sp-d16/libg_nano.a(lib_a-errno.o)
                              ./system/src/newlib/_sbrk.o (__errno)
/usr/local/gcc-arm-none-eabi-5_3-2016q1/bin/../lib/gcc/arm-none-eabi/5.3.1/../../../../arm-none-eabi/lib/armv7e-m/fpu/fpv5-sp-d16/libg_nano.a(lib_a-findfp.o)
                              ./system/src/newlib/_syscalls.o (__sinit)
/usr/local/gcc-arm-none-eabi-5_3-2016q1/bin/../lib/gcc/arm-none-eabi/5.3.1/../../../../arm-none-eabi/lib/armv7e-m/fpu/fpv5-sp-d16/libg_nano.a(lib_a-fwalk.o)
                              /usr/local/gcc-arm-none-eabi-5_3-2016q1/bin/../lib/gcc/arm-none-eabi/5.3.1/../../../../arm-none-eabi/lib/armv7e-m/fpu/fpv5-sp-d16/libg_nano.a(lib_a-findfp.o) (_fwalk)
/usr/local/gcc-arm-none-eabi-5_3-2016q1/bin/../lib/gcc/arm-none-eabi/5.3.1/../../../../arm-none-eabi/lib/armv7e-m/fpu/fpv5-sp-d16/libg_nano.a(lib_a-impure.o)
                              /usr/local/gcc-arm-none-eabi-5_3-2016q1/bin/../lib/gcc/arm-none-eabi/5.3.1/../../../../arm-none-eabi/lib/armv7e-m/fpu/fpv5-sp-d16/libg_nano.a(lib_a-findfp.o) (_global_impure_ptr)
/usr/local/gcc-arm-none-eabi-5_3-2016q1/bin/../lib/gcc/arm-none-eabi/5.3.1/../../../../arm-none-eabi/lib/armv7e-m/fpu/fpv5-sp-d16/libg_nano.a(lib_a-memcmp.o)
                              ./src/xxtea.o (memcmp)
/usr/local/gcc-arm-none-eabi-5_3-2016q1/bin/../lib/gcc/arm-none-eabi/5.3.1/../../../../arm-none-eabi/lib/armv7e-m/fpu/fpv5-sp-d16/libg_nano.a(lib_a-memcpy-stub.o)
                              ./src/xxtea.o (memcpy)
/usr/local/gcc-arm-none-eabi-5_3-2016q1/bin/../lib/gcc/arm-none-eabi/5.3.1/../../../../arm-none-eabi/lib/armv7e-m/fpu/fpv5-sp-d16/libg_nano.a(lib_a-memset.o)
                              ./system/src/newlib/_startup.o (memset)
/usr/local/gcc-arm-none-eabi-5_3-2016q1/bin/../lib/gcc/arm-none-eabi/5.3.1/../../../../arm-none-eabi/lib/armv7e-m/fpu/fpv5-sp-d16/libg_nano.a(lib_a-nano-mallocr.o)
                              /usr/local/gcc-arm-none-eabi-5_3-2016q1/bin/../lib/gcc/arm-none-eabi/5.3.1/../../../../arm-none-eabi/lib/armv7e-m/fpu/fpv5-sp-d16/libg_nano.a(lib_a-findfp.o) (_malloc_r)
/usr/local/gcc-arm-none-eabi-5_3-2016q1/bin/../lib/gcc/arm-none-eabi/5.3.1/../../../../arm-none-eabi/lib/armv7e-m/fpu/fpv5-sp-d16/libg_nano.a(lib_a-printf.o)
                              ./src/main.o (printf)
/usr/local/gcc-arm-none-eabi-5_3-2016q1/bin/../lib/gcc/arm-none-eabi/5.3.1/../../../../arm-none-eabi/lib/armv7e-m/fpu/fpv5-sp-d16/libg_nano.a(lib_a-puts.o)
                              ./src/main.o (puts)
/usr/local/gcc-arm-none-eabi-5_3-2016q1/bin/../lib/gcc/arm-none-eabi/5.3.1/../../../../arm-none-eabi/lib/armv7e-m/fpu/fpv5-sp-d16/libg_nano.a(lib_a-rand.o)
                              ./src/xxtea.o (srand)
/usr/local/gcc-arm-none-eabi-5_3-2016q1/bin/../lib/gcc/arm-none-eabi/5.3.1/../../../../arm-none-eabi/lib/armv7e-m/fpu/fpv5-sp-d16/libg_nano.a(lib_a-sbrkr.o)
                              /usr/local/gcc-arm-none-eabi-5_3-2016q1/bin/../lib/gcc/arm-none-eabi/5.3.1/../../../../arm-none-eabi/lib/armv7e-m/fpu/fpv5-sp-d16/libg_nano.a(lib_a-nano-mallocr.o) (_sbrk_r)
/usr/local/gcc-arm-none-eabi-5_3-2016q1/bin/../lib/gcc/arm-none-eabi/5.3.1/../../../../arm-none-eabi/lib/armv7e-m/fpu/fpv5-sp-d16/libg_nano.a(lib_a-stdio.o)
                              /usr/local/gcc-arm-none-eabi-5_3-2016q1/bin/../lib/gcc/arm-none-eabi/5.3.1/../../../../arm-none-eabi/lib/armv7e-m/fpu/fpv5-sp-d16/libg_nano.a(lib_a-findfp.o) (__sread)
/usr/local/gcc-arm-none-eabi-5_3-2016q1/bin/../lib/gcc/arm-none-eabi/5.3.1/../../../../arm-none-eabi/lib/armv7e-m/fpu/fpv5-sp-d16/libg_nano.a(lib_a-strcmp.o)
                              ./system/src/cortexm/exception_handlers.o (strcmp)
/usr/local/gcc-arm-none-eabi-5_3-2016q1/bin/../lib/gcc/arm-none-eabi/5.3.1/../../../../arm-none-eabi/lib/armv7e-m/fpu/fpv5-sp-d16/libg_nano.a(lib_a-strlen.o)
                              ./system/src/newlib/_syscalls.o (strlen)
/usr/local/gcc-arm-none-eabi-5_3-2016q1/bin/../lib/gcc/arm-none-eabi/5.3.1/../../../../arm-none-eabi/lib/armv7e-m/fpu/fpv5-sp-d16/libg_nano.a(lib_a-strncpy.o)
                              ./system/src/newlib/_syscalls.o (strncpy)
/usr/local/gcc-arm-none-eabi-5_3-2016q1/bin/../lib/gcc/arm-none-eabi/5.3.1/../../../../arm-none-eabi/lib/armv7e-m/fpu/fpv5-sp-d16/libg_nano.a(lib_a-wbuf.o)
                              /usr/local/gcc-arm-none-eabi-5_3-2016q1/bin/../lib/gcc/arm-none-eabi/5.3.1/../../../../arm-none-eabi/lib/armv7e-m/fpu/fpv5-sp-d16/libg_nano.a(lib_a-puts.o) (__swbuf_r)
[...]
Memory Configuration

Name             Origin             Length             Attributes
RAM              0x0000000020000000 0x0000000000050000 xrw
CCMRAM           0x0000000010000000 0x0000000000000000 xrw
FLASH            0x0000000008000000 0x0000000000100000 xr
FLASHB1          0x0000000000000000 0x0000000000000000 xr
EXTMEMB0         0x0000000000000000 0x0000000000000000 xr
EXTMEMB1         0x0000000000000000 0x0000000000000000 xr
EXTMEMB2         0x0000000000000000 0x0000000000000000 xr
EXTMEMB3         0x0000000000000000 0x0000000000000000 xr
*default*        0x0000000000000000 0xffffffffffffffff

Linker script and memory map

LOAD ./system/src/stm32f7-hal/stm32f7xx_hal.o
LOAD ./system/src/stm32f7-hal/stm32f7xx_hal_cortex.o
LOAD ./system/src/stm32f7-hal/stm32f7xx_hal_crc_ex.o
LOAD ./system/src/stm32f7-hal/stm32f7xx_hal_flash.o
LOAD ./system/src/stm32f7-hal/stm32f7xx_hal_gpio.o
LOAD ./system/src/stm32f7-hal/stm32f7xx_hal_iwdg.o
LOAD ./system/src/stm32f7-hal/stm32f7xx_hal_pwr.o
LOAD ./system/src/stm32f7-hal/stm32f7xx_hal_pwr_ex.o
LOAD ./system/src/stm32f7-hal/stm32f7xx_hal_rcc.o
LOAD ./system/src/stm32f7-hal/stm32f7xx_hal_rcc_ex.o
LOAD ./system/src/stm32f7-hal/stm32f7xx_hal_smartcard_ex.o
LOAD ./system/src/stm32f7-hal/stm32f7xx_hal_tim.o
LOAD ./system/src/newlib/_cxx.o
LOAD ./system/src/newlib/_exit.o
LOAD ./system/src/newlib/_sbrk.o
LOAD ./system/src/newlib/_startup.o
LOAD ./system/src/newlib/_syscalls.o
LOAD ./system/src/newlib/assert.o
LOAD ./system/src/diag/Trace.o
LOAD ./system/src/diag/trace_impl.o
LOAD ./system/src/cortexm/_initialize_hardware.o
LOAD ./system/src/cortexm/_reset_hardware.o
LOAD ./system/src/cortexm/exception_handlers.o
LOAD ./system/src/cmsis/system_stm32f7xx.o
LOAD ./system/src/cmsis/vectors_stm32f746xx.o
LOAD ./src/main.o
LOAD ./src/stm32f7xx_hal_msp.o
LOAD ./src/timing.o
LOAD ./src/xxtea.o
LOAD ./coremark/core_list_join.o
LOAD ./coremark/core_main.o
LOAD ./coremark/core_matrix.o
LOAD ./coremark/core_portme.o
LOAD ./coremark/core_state.o
LOAD ./coremark/core_util.o
LOAD /usr/local/gcc-arm-none-eabi-5_3-2016q1/bin/../lib/gcc/arm-none-eabi/5.3.1/../../../../arm-none-eabi/lib/armv7e-m/fpu/fpv5-sp-d16/libstdc++_nano.a
LOAD /usr/local/gcc-arm-none-eabi-5_3-2016q1/bin/../lib/gcc/arm-none-eabi/5.3.1/../../../../arm-none-eabi/lib/armv7e-m/fpu/fpv5-sp-d16/libm.a
START GROUP
LOAD /usr/local/gcc-arm-none-eabi-5_3-2016q1/bin/../lib/gcc/arm-none-eabi/5.3.1/armv7e-m/fpu/fpv5-sp-d16/libgcc.a
LOAD /usr/local/gcc-arm-none-eabi-5_3-2016q1/bin/../lib/gcc/arm-none-eabi/5.3.1/../../../../arm-none-eabi/lib/armv7e-m/fpu/fpv5-sp-d16/libg_nano.a
LOAD /usr/local/gcc-arm-none-eabi-5_3-2016q1/bin/../lib/gcc/arm-none-eabi/5.3.1/../../../../arm-none-eabi/lib/armv7e-m/fpu/fpv5-sp-d16/libc_nano.a
END GROUP
START GROUP
LOAD /usr/local/gcc-arm-none-eabi-5_3-2016q1/bin/../lib/gcc/arm-none-eabi/5.3.1/armv7e-m/fpu/fpv5-sp-d16/libgcc.a
LOAD /usr/local/gcc-arm-none-eabi-5_3-2016q1/bin/../lib/gcc/arm-none-eabi/5.3.1/../../../../arm-none-eabi/lib/armv7e-m/fpu/fpv5-sp-d16/libc_nano.a
END GROUP
                0x0000000020050000                __stack = (ORIGIN (RAM) + LENGTH (RAM))
                0x0000000020050000                _estack = __stack
                0x0000000000000400                __Main_Stack_Size = 0x400
                [!provide]                        PROVIDE (_Main_Stack_Size, __Main_Stack_Size)
                0x000000002004fc00                __Main_Stack_Limit = (__stack - __Main_Stack_Size)
                [!provide]                        PROVIDE (_Main_Stack_Limit, __Main_Stack_Limit)
                0x0000000000000100                _Minimum_Stack_Size = 0x100
                0x00000000200009d8                PROVIDE (_Heap_Begin, _end_noinit)
                0x000000002004fc00                PROVIDE (_Heap_Limit, (__stack - __Main_Stack_Size))

.isr_vector     0x0000000008000000      0x4a4
 FILL mask 0xff
                0x0000000008000000                __vectors_start = ABSOLUTE (.)
                0x0000000008000000                __vectors_start__ = ABSOLUTE (.)
 *(.isr_vector)
 .isr_vector    0x0000000008000000      0x1c8 ./system/src/cmsis/vectors_stm32f746xx.o
                0x0000000008000000                __isr_vectors
 *(.cfmconfig)
 *(.after_vectors .after_vectors.*)
 .after_vectors
                0x00000000080001c8       0xf4 ./system/src/newlib/_startup.o
                0x00000000080001c8                _start
 .after_vectors
                0x00000000080002bc      0x1e4 ./system/src/cortexm/exception_handlers.o
                0x00000000080002bc                Reset_Handler
                0x00000000080002c0                NMI_Handler
                0x00000000080002c4                HardFault_Handler
                0x00000000080002d8                HardFault_Handler_C
                0x000000000800044c                MemManage_Handler
                0x0000000008000450                BusFault_Handler
                0x0000000008000464                BusFault_Handler_C
                0x0000000008000468                UsageFault_Handler
                0x000000000800047c                UsageFault_Handler_C
                0x0000000008000480                SVC_Handler
                0x0000000008000484                DebugMon_Handler
                0x0000000008000488                PendSV_Handler
 .after_vectors
                0x00000000080004a0        0x4 ./system/src/cmsis/vectors_stm32f746xx.o
                0x00000000080004a0                DMA1_Stream3_IRQHandler
                0x00000000080004a0                EXTI2_IRQHandler
                0x00000000080004a0                TIM8_CC_IRQHandler
                0x00000000080004a0                UART8_IRQHandler
                0x00000000080004a0                SPI4_IRQHandler
                0x00000000080004a0                TIM1_CC_IRQHandler
                0x00000000080004a0                DMA2_Stream5_IRQHandler
                0x00000000080004a0                DMA1_Stream5_IRQHandler
                0x00000000080004a0                PVD_IRQHandler
                0x00000000080004a0                TAMP_STAMP_IRQHandler
                0x00000000080004a0                CAN2_RX1_IRQHandler
                0x00000000080004a0                EXTI3_IRQHandler
                0x00000000080004a0                TIM8_TRG_COM_TIM14_IRQHandler
                0x00000000080004a0                TIM1_UP_TIM10_IRQHandler
                0x00000000080004a0                TIM8_UP_TIM13_IRQHandler
                0x00000000080004a0                I2C3_ER_IRQHandler
                0x00000000080004a0                EXTI0_IRQHandler
                0x00000000080004a0                I2C2_EV_IRQHandler
                0x00000000080004a0                DMA1_Stream2_IRQHandler
                0x00000000080004a0                CAN1_RX0_IRQHandler
                0x00000000080004a0                FPU_IRQHandler
                0x00000000080004a0                OTG_HS_WKUP_IRQHandler
                0x00000000080004a0                LTDC_ER_IRQHandler
                0x00000000080004a0                CAN2_SCE_IRQHandler
                0x00000000080004a0                DMA2_Stream2_IRQHandler
                0x00000000080004a0                SPI1_IRQHandler
                0x00000000080004a0                TIM6_DAC_IRQHandler
                0x00000000080004a0                TIM1_BRK_TIM9_IRQHandler
                0x00000000080004a0                DCMI_IRQHandler
                0x00000000080004a0                CAN2_RX0_IRQHandler
                0x00000000080004a0                DMA2_Stream3_IRQHandler
                0x00000000080004a0                SAI2_IRQHandler
                0x00000000080004a0                USART6_IRQHandler
                0x00000000080004a0                USART3_IRQHandler
                0x00000000080004a0                CAN1_RX1_IRQHandler
                0x00000000080004a0                UART5_IRQHandler
                0x00000000080004a0                DMA2_Stream0_IRQHandler
                0x00000000080004a0                TIM4_IRQHandler
                0x00000000080004a0                QUADSPI_IRQHandler
                0x00000000080004a0                I2C1_EV_IRQHandler
                0x00000000080004a0                DMA1_Stream6_IRQHandler
                0x00000000080004a0                DMA1_Stream1_IRQHandler
                0x00000000080004a0                UART4_IRQHandler
                0x00000000080004a0                TIM3_IRQHandler
                0x00000000080004a0                RCC_IRQHandler
                0x00000000080004a0                TIM8_BRK_TIM12_IRQHandler
                0x00000000080004a0                Default_Handler
                0x00000000080004a0                CEC_IRQHandler
                0x00000000080004a0                EXTI15_10_IRQHandler
                0x00000000080004a0                ADC_IRQHandler
                0x00000000080004a0                DMA1_Stream7_IRQHandler
                0x00000000080004a0                SPI5_IRQHandler
                0x00000000080004a0                TIM7_IRQHandler
                0x00000000080004a0                SDMMC1_IRQHandler
                0x00000000080004a0                CAN2_TX_IRQHandler
                0x00000000080004a0                TIM5_IRQHandler
                0x00000000080004a0                DMA2_Stream7_IRQHandler
                0x00000000080004a0                I2C3_EV_IRQHandler
                0x00000000080004a0                EXTI9_5_IRQHandler
                0x00000000080004a0                RTC_WKUP_IRQHandler
                0x00000000080004a0                LTDC_IRQHandler
                0x00000000080004a0                ETH_WKUP_IRQHandler
                0x00000000080004a0                SPDIF_RX_IRQHandler
                0x00000000080004a0                SPI2_IRQHandler
                0x00000000080004a0                OTG_HS_EP1_IN_IRQHandler
                0x00000000080004a0                DMA1_Stream0_IRQHandler
                0x00000000080004a0                CAN1_TX_IRQHandler
                0x00000000080004a0                EXTI4_IRQHandler
                0x00000000080004a0                RNG_IRQHandler
                0x00000000080004a0                ETH_IRQHandler
                0x00000000080004a0                OTG_HS_EP1_OUT_IRQHandler
                0x00000000080004a0                WWDG_IRQHandler
                0x00000000080004a0                SPI6_IRQHandler
                0x00000000080004a0                I2C4_EV_IRQHandler
                0x00000000080004a0                TIM2_IRQHandler
                0x00000000080004a0                OTG_FS_WKUP_IRQHandler
                0x00000000080004a0                TIM1_TRG_COM_TIM11_IRQHandler
                0x00000000080004a0                OTG_HS_IRQHandler
                0x00000000080004a0                DMA2D_IRQHandler
                0x00000000080004a0                EXTI1_IRQHandler
                0x00000000080004a0                UART7_IRQHandler
                0x00000000080004a0                USART2_IRQHandler
                0x00000000080004a0                I2C2_ER_IRQHandler
                0x00000000080004a0                DMA2_Stream1_IRQHandler
                0x00000000080004a0                CAN1_SCE_IRQHandler
                0x00000000080004a0                FLASH_IRQHandler
                0x00000000080004a0                DMA2_Stream4_IRQHandler
                0x00000000080004a0                USART1_IRQHandler
                0x00000000080004a0                OTG_FS_IRQHandler
                0x00000000080004a0                SPI3_IRQHandler
                0x00000000080004a0                DMA1_Stream4_IRQHandler
                0x00000000080004a0                I2C1_ER_IRQHandler
                0x00000000080004a0                FMC_IRQHandler
                0x00000000080004a0                LPTIM1_IRQHandler
                0x00000000080004a0                I2C4_ER_IRQHandler
                0x00000000080004a0                DMA2_Stream6_IRQHandler
                0x00000000080004a0                SAI1_IRQHandler
                0x00000000080004a0                RTC_Alarm_IRQHandler

.inits          0x00000000080004a4       0x28
                0x00000000080004a4                __data_regions_array_start = .
                0x00000000080004a4        0x4 LONG 0x8004874 LOADADDR (.data)
                0x00000000080004a8        0x4 LONG 0x20000000 ADDR (.data)
                0x00000000080004ac        0x4 LONG 0x2000007c (ADDR (.data) + SIZEOF (.data))
                0x00000000080004b0        0x4 LONG 0x8004874 LOADADDR (.data_CCMRAM)
                0x00000000080004b4        0x4 LONG 0x10000000 ADDR (.data_CCMRAM)
                0x00000000080004b8        0x4 LONG 0x10000000 (ADDR (.data_CCMRAM) + SIZEOF (.data_CCMRAM))
                0x00000000080004bc                __data_regions_array_end = .
                0x00000000080004bc                __bss_regions_array_start = .
                0x00000000080004bc        0x4 LONG 0x2000007c ADDR (.bss)
                0x00000000080004c0        0x4 LONG 0x200009d8 (ADDR (.bss) + SIZEOF (.bss))
                0x00000000080004c4        0x4 LONG 0x10000000 ADDR (.bss_CCMRAM)
                0x00000000080004c8        0x4 LONG 0x10000000 (ADDR (.bss_CCMRAM) + SIZEOF (.bss_CCMRAM))
                0x00000000080004cc                __bss_regions_array_end = .
 *(.init)
 *(.fini)
                0x00000000080004cc                . = ALIGN (0x4)
                0x00000000080004cc                PROVIDE (__preinit_array_start, .)
 *(.preinit_array_sysinit .preinit_array_sysinit.*)
 *(.preinit_array_platform .preinit_array_platform.*)
 *(.preinit_array .preinit_array.*)
                0x00000000080004cc                PROVIDE (__preinit_array_end, .)
                0x00000000080004cc                . = ALIGN (0x4)
                0x00000000080004cc                PROVIDE (__init_array_start, .)
 *(SORT(.init_array.*))
 *(.init_array)
                0x00000000080004cc                PROVIDE (__init_array_end, .)
                0x00000000080004cc                . = ALIGN (0x4)
                0x00000000080004cc                PROVIDE (__fini_array_start, .)
 *(SORT(.fini_array.*))
 *(.fini_array)
                0x00000000080004cc                PROVIDE (__fini_array_end, .)

.flashtext
 *(.flashtext .flashtext.*)

.text           0x00000000080004d0     0x43a3
 *(.text .text.*)
 .text.HAL_InitTick
                0x00000000080004d0       0x28 ./system/src/stm32f7-hal/stm32f7xx_hal.o
                0x00000000080004d0                HAL_InitTick
 .text.HAL_Init
                0x00000000080004f8       0x24 ./system/src/stm32f7-hal/stm32f7xx_hal.o
                0x00000000080004f8                HAL_Init
 .text.HAL_IncTick
                0x000000000800051c       0x10 ./system/src/stm32f7-hal/stm32f7xx_hal.o
                0x000000000800051c                HAL_IncTick
 .text.HAL_GetTick
                0x000000000800052c        0xc ./system/src/stm32f7-hal/stm32f7xx_hal.o
                0x000000000800052c                HAL_GetTick
 .text.HAL_NVIC_SetPriorityGrouping
                0x0000000008000538       0x28 ./system/src/stm32f7-hal/stm32f7xx_hal_cortex.o
                0x0000000008000538                HAL_NVIC_SetPriorityGrouping
 .text.HAL_NVIC_SetPriority
                0x0000000008000560       0x74 ./system/src/stm32f7-hal/stm32f7xx_hal_cortex.o
                0x0000000008000560                HAL_NVIC_SetPriority
 .text.HAL_SYSTICK_Config
                0x00000000080005d4       0x30 ./system/src/stm32f7-hal/stm32f7xx_hal_cortex.o
                0x00000000080005d4                HAL_SYSTICK_Config
 .text.HAL_SYSTICK_CLKSourceConfig
                0x0000000008000604       0x18 ./system/src/stm32f7-hal/stm32f7xx_hal_cortex.o
                0x0000000008000604                HAL_SYSTICK_CLKSourceConfig
 .text.HAL_PWREx_EnableOverDrive
                0x000000000800061c       0x7c ./system/src/stm32f7-hal/stm32f7xx_hal_pwr_ex.o
                0x000000000800061c                HAL_PWREx_EnableOverDrive
 .text.HAL_RCC_OscConfig
                0x0000000008000698      0x420 ./system/src/stm32f7-hal/stm32f7xx_hal_rcc.o
                0x0000000008000698                HAL_RCC_OscConfig
 .text.HAL_RCC_ClockConfig
                0x0000000008000ab8      0x1bc ./system/src/stm32f7-hal/stm32f7xx_hal_rcc.o
                0x0000000008000ab8                HAL_RCC_ClockConfig
 .text.HAL_RCC_GetHCLKFreq
                0x0000000008000c74       0xc4 ./system/src/stm32f7-hal/stm32f7xx_hal_rcc.o
                0x0000000008000c74                HAL_RCC_GetHCLKFreq
 .text.HAL_TIM_Base_MspInit
                0x0000000008000d38        0x4 ./system/src/stm32f7-hal/stm32f7xx_hal_tim.o
                0x0000000008000d38                HAL_TIM_Base_MspInit
 .text.HAL_TIM_Base_Init
                0x0000000008000d3c      0x138 ./system/src/stm32f7-hal/stm32f7xx_hal_tim.o
                0x0000000008000d3c                HAL_TIM_Base_Init
 .text.HAL_TIM_Base_Start
                0x0000000008000e74       0x20 ./system/src/stm32f7-hal/stm32f7xx_hal_tim.o
                0x0000000008000e74                HAL_TIM_Base_Start
 .text._sbrk    0x0000000008000e94       0x40 ./system/src/newlib/_sbrk.o
                0x0000000008000e94                _sbrk
 .text._exit    0x0000000008000ed4       0x20 ./system/src/newlib/_syscalls.o
                0x0000000008000ed4                _exit
 .text.initialise_monitor_handles
                0x0000000008000ef4       0xa4 ./system/src/newlib/_syscalls.o
                0x0000000008000ef4                initialise_monitor_handles
 .text.__initialize_args
                0x0000000008000f98       0xe0 ./system/src/newlib/_syscalls.o
                0x0000000008000f98                __initialize_args
 .text._read    0x0000000008001078       0x94 ./system/src/newlib/_syscalls.o
                0x0000000008001078                _read
 .text._lseek   0x000000000800110c       0xf4 ./system/src/newlib/_syscalls.o
                0x000000000800110c                _lseek
 .text._write   0x0000000008001200       0xc0 ./system/src/newlib/_syscalls.o
                0x0000000008001200                _write
 .text._close   0x00000000080012c0       0x98 ./system/src/newlib/_syscalls.o
                0x00000000080012c0                _close
 .text._fstat   0x0000000008001358       0x8c ./system/src/newlib/_syscalls.o
                0x0000000008001358                _fstat
 .text._isatty  0x00000000080013e4       0x64 ./system/src/newlib/_syscalls.o
                0x00000000080013e4                _isatty
 .text.__initialize_hardware_early
                0x0000000008001448       0x24 ./system/src/cortexm/_initialize_hardware.o
                0x0000000008001448                __initialize_hardware_early
 .text.__initialize_hardware
                0x000000000800146c        0x4 ./system/src/cortexm/_initialize_hardware.o
                0x000000000800146c                __initialize_hardware
 .text.SystemInit
                0x0000000008001470       0x50 ./system/src/cmsis/system_stm32f7xx.o
                0x0000000008001470                SystemInit
 .text.SystemCoreClockUpdate
                0x00000000080014c0       0x84 ./system/src/cmsis/system_stm32f7xx.o
                0x00000000080014c0                SystemCoreClockUpdate
 .text.startup.main
                0x0000000008001544      0x14c ./src/main.o
                0x0000000008001544                main
 .text.SysTick_Handler
                0x0000000008001690       0x2c ./src/main.o
                0x0000000008001690                SysTick_Handler
 .text.HAL_MspInit
                0x00000000080016bc        0x4 ./src/stm32f7xx_hal_msp.o
                0x00000000080016bc                HAL_MspInit
 .text.MX_TIM5_Init
                0x00000000080016c0       0x68 ./src/timing.o
                0x00000000080016c0                MX_TIM5_Init
 .text.core_list_mergesort.constprop.2
                0x0000000008001728       0xb8 ./coremark/core_list_join.o
 .text.core_bench_list
                0x00000000080017e0      0x3a8 ./coremark/core_list_join.o
                0x00000000080017e0                core_bench_list
 .text.core_list_init
                0x0000000008001b88       0xfc ./coremark/core_list_join.o
                0x0000000008001b88                core_list_init
 .text.core_main
                0x0000000008001c84      0x5d0 ./coremark/core_main.o
                0x0000000008001c84                core_main
 .text.matrix_test
                0x0000000008002254      0x558 ./coremark/core_matrix.o
                0x0000000008002254                matrix_test
 .text.core_bench_matrix
                0x00000000080027ac       0x20 ./coremark/core_matrix.o
                0x00000000080027ac                core_bench_matrix
 .text.core_init_matrix
                0x00000000080027cc       0xdc ./coremark/core_matrix.o
                0x00000000080027cc                core_init_matrix
 .text.start_time
                0x00000000080028a8       0x10 ./coremark/core_portme.o
                0x00000000080028a8                start_time
 .text.stop_time
                0x00000000080028b8       0x10 ./coremark/core_portme.o
                0x00000000080028b8                stop_time
 .text.get_time
                0x00000000080028c8       0x14 ./coremark/core_portme.o
                0x00000000080028c8                get_time
 .text.time_in_secs
                0x00000000080028dc       0x10 ./coremark/core_portme.o
                0x00000000080028dc                time_in_secs
 .text.portable_init
                0x00000000080028ec        0x8 ./coremark/core_portme.o
                0x00000000080028ec                portable_init
 .text.portable_fini
                0x00000000080028f4        0x8 ./coremark/core_portme.o
                0x00000000080028f4                portable_fini
 .text.core_init_state
                0x00000000080028fc       0xbc ./coremark/core_state.o
                0x00000000080028fc                core_init_state
 .text.core_state_transition
                0x00000000080029b8      0x1dc ./coremark/core_state.o
                0x00000000080029b8                core_state_transition
 .text.core_bench_state
                0x0000000008002b94       0xf8 ./coremark/core_state.o
                0x0000000008002b94                core_bench_state
 .text.get_seed_32
                0x0000000008002c8c       0x48 ./coremark/core_util.o
                0x0000000008002c8c                get_seed_32
 .text.crcu16   0x0000000008002cd4      0x144 ./coremark/core_util.o
                0x0000000008002cd4                crcu16
 .text.crcu32   0x0000000008002e18      0x28c ./coremark/core_util.o
                0x0000000008002e18                crcu32
 .text.crc16    0x00000000080030a4      0x144 ./coremark/core_util.o
                0x00000000080030a4                crc16
 .text.check_data_types
                0x00000000080031e8        0x4 ./coremark/core_util.o
                0x00000000080031e8                check_data_types
 .text.__errno  0x00000000080031ec        0xc /usr/local/gcc-arm-none-eabi-5_3-2016q1/bin/../lib/gcc/arm-none-eabi/5.3.1/../../../../arm-none-eabi/lib/armv7e-m/fpu/fpv5-sp-d16/libg_nano.a(lib_a-errno.o)
                0x00000000080031ec                __errno
 .text._cleanup_r
                0x00000000080031f8        0xc /usr/local/gcc-arm-none-eabi-5_3-2016q1/bin/../lib/gcc/arm-none-eabi/5.3.1/../../../../arm-none-eabi/lib/armv7e-m/fpu/fpv5-sp-d16/libg_nano.a(lib_a-findfp.o)
                0x00000000080031f8                _cleanup_r
 .text.std.isra.0
                0x0000000008003204       0x48 /usr/local/gcc-arm-none-eabi-5_3-2016q1/bin/../lib/gcc/arm-none-eabi/5.3.1/../../../../arm-none-eabi/lib/armv7e-m/fpu/fpv5-sp-d16/libg_nano.a(lib_a-findfp.o)
 .text.__sfmoreglue
                0x000000000800324c       0x2c /usr/local/gcc-arm-none-eabi-5_3-2016q1/bin/../lib/gcc/arm-none-eabi/5.3.1/../../../../arm-none-eabi/lib/armv7e-m/fpu/fpv5-sp-d16/libg_nano.a(lib_a-findfp.o)
                0x000000000800324c                __sfmoreglue
 .text.__sinit  0x0000000008003278       0x60 /usr/local/gcc-arm-none-eabi-5_3-2016q1/bin/../lib/gcc/arm-none-eabi/5.3.1/../../../../arm-none-eabi/lib/armv7e-m/fpu/fpv5-sp-d16/libg_nano.a(lib_a-findfp.o)
                0x0000000008003278                __sinit
 .text.__sfp    0x00000000080032d8       0x78 /usr/local/gcc-arm-none-eabi-5_3-2016q1/bin/../lib/gcc/arm-none-eabi/5.3.1/../../../../arm-none-eabi/lib/armv7e-m/fpu/fpv5-sp-d16/libg_nano.a(lib_a-findfp.o)
                0x00000000080032d8                __sfp
 .text._fwalk_reent
                0x0000000008003350       0x3c /usr/local/gcc-arm-none-eabi-5_3-2016q1/bin/../lib/gcc/arm-none-eabi/5.3.1/../../../../arm-none-eabi/lib/armv7e-m/fpu/fpv5-sp-d16/libg_nano.a(lib_a-fwalk.o)
                0x0000000008003350                _fwalk_reent
 .text.memset   0x000000000800338c       0x10 /usr/local/gcc-arm-none-eabi-5_3-2016q1/bin/../lib/gcc/arm-none-eabi/5.3.1/../../../../arm-none-eabi/lib/armv7e-m/fpu/fpv5-sp-d16/libg_nano.a(lib_a-memset.o)
                0x000000000800338c                memset
 .text._malloc_r
                0x000000000800339c       0xa8 /usr/local/gcc-arm-none-eabi-5_3-2016q1/bin/../lib/gcc/arm-none-eabi/5.3.1/../../../../arm-none-eabi/lib/armv7e-m/fpu/fpv5-sp-d16/libg_nano.a(lib_a-nano-mallocr.o)
                0x000000000800339c                _malloc_r
 .text.printf   0x0000000008003444       0x30 /usr/local/gcc-arm-none-eabi-5_3-2016q1/bin/../lib/gcc/arm-none-eabi/5.3.1/../../../../arm-none-eabi/lib/armv7e-m/fpu/fpv5-sp-d16/libg_nano.a(lib_a-printf.o)
                0x0000000008003444                printf
                0x0000000008003444                iprintf
 .text._puts_r  0x0000000008003474       0xb4 /usr/local/gcc-arm-none-eabi-5_3-2016q1/bin/../lib/gcc/arm-none-eabi/5.3.1/../../../../arm-none-eabi/lib/armv7e-m/fpu/fpv5-sp-d16/libg_nano.a(lib_a-puts.o)
                0x0000000008003474                _puts_r
 .text.puts     0x0000000008003528       0x10 /usr/local/gcc-arm-none-eabi-5_3-2016q1/bin/../lib/gcc/arm-none-eabi/5.3.1/../../../../arm-none-eabi/lib/armv7e-m/fpu/fpv5-sp-d16/libg_nano.a(lib_a-puts.o)
                0x0000000008003528                puts
 .text._sbrk_r  0x0000000008003538       0x20 /usr/local/gcc-arm-none-eabi-5_3-2016q1/bin/../lib/gcc/arm-none-eabi/5.3.1/../../../../arm-none-eabi/lib/armv7e-m/fpu/fpv5-sp-d16/libg_nano.a(lib_a-sbrkr.o)
                0x0000000008003538                _sbrk_r
 .text.__sread  0x0000000008003558       0x22 /usr/local/gcc-arm-none-eabi-5_3-2016q1/bin/../lib/gcc/arm-none-eabi/5.3.1/../../../../arm-none-eabi/lib/armv7e-m/fpu/fpv5-sp-d16/libg_nano.a(lib_a-stdio.o)
                0x0000000008003558                __sread
 .text.__swrite
                0x000000000800357a       0x38 /usr/local/gcc-arm-none-eabi-5_3-2016q1/bin/../lib/gcc/arm-none-eabi/5.3.1/../../../../arm-none-eabi/lib/armv7e-m/fpu/fpv5-sp-d16/libg_nano.a(lib_a-stdio.o)
                0x000000000800357a                __swrite
 .text.__sseek  0x00000000080035b2       0x24 /usr/local/gcc-arm-none-eabi-5_3-2016q1/bin/../lib/gcc/arm-none-eabi/5.3.1/../../../../arm-none-eabi/lib/armv7e-m/fpu/fpv5-sp-d16/libg_nano.a(lib_a-stdio.o)
                0x00000000080035b2                __sseek
 .text.__sclose
                0x00000000080035d6        0x8 /usr/local/gcc-arm-none-eabi-5_3-2016q1/bin/../lib/gcc/arm-none-eabi/5.3.1/../../../../arm-none-eabi/lib/armv7e-m/fpu/fpv5-sp-d16/libg_nano.a(lib_a-stdio.o)
                0x00000000080035d6                __sclose
 .text          0x00000000080035de       0x14 /usr/local/gcc-arm-none-eabi-5_3-2016q1/bin/../lib/gcc/arm-none-eabi/5.3.1/../../../../arm-none-eabi/lib/armv7e-m/fpu/fpv5-sp-d16/libg_nano.a(lib_a-strcmp.o)
                0x00000000080035de                strcmp
 *fill*         0x00000000080035f2        0x2 
 .text.__swbuf_r
                0x00000000080035f4       0xa8 /usr/local/gcc-arm-none-eabi-5_3-2016q1/bin/../lib/gcc/arm-none-eabi/5.3.1/../../../../arm-none-eabi/lib/armv7e-m/fpu/fpv5-sp-d16/libg_nano.a(lib_a-wbuf.o)
                0x00000000080035f4                __swbuf_r
 .text._write_r
                0x000000000800369c       0x24 /usr/local/gcc-arm-none-eabi-5_3-2016q1/bin/../lib/gcc/arm-none-eabi/5.3.1/../../../../arm-none-eabi/lib/armv7e-m/fpu/fpv5-sp-d16/libg_nano.a(lib_a-writer.o)
                0x000000000800369c                _write_r
 .text.__swsetup_r
                0x00000000080036c0       0xdc /usr/local/gcc-arm-none-eabi-5_3-2016q1/bin/../lib/gcc/arm-none-eabi/5.3.1/../../../../arm-none-eabi/lib/armv7e-m/fpu/fpv5-sp-d16/libg_nano.a(lib_a-wsetup.o)
                0x00000000080036c0                __swsetup_r
 .text._close_r
                0x000000000800379c       0x20 /usr/local/gcc-arm-none-eabi-5_3-2016q1/bin/../lib/gcc/arm-none-eabi/5.3.1/../../../../arm-none-eabi/lib/armv7e-m/fpu/fpv5-sp-d16/libg_nano.a(lib_a-closer.o)
                0x000000000800379c                _close_r
 .text.__sflush_r
                0x00000000080037bc      0x110 /usr/local/gcc-arm-none-eabi-5_3-2016q1/bin/../lib/gcc/arm-none-eabi/5.3.1/../../../../arm-none-eabi/lib/armv7e-m/fpu/fpv5-sp-d16/libg_nano.a(lib_a-fflush.o)
                0x00000000080037bc                __sflush_r
 .text._fflush_r
                0x00000000080038cc       0x54 /usr/local/gcc-arm-none-eabi-5_3-2016q1/bin/../lib/gcc/arm-none-eabi/5.3.1/../../../../arm-none-eabi/lib/armv7e-m/fpu/fpv5-sp-d16/libg_nano.a(lib_a-fflush.o)
                0x00000000080038cc                _fflush_r
 .text._lseek_r
                0x0000000008003920       0x24 /usr/local/gcc-arm-none-eabi-5_3-2016q1/bin/../lib/gcc/arm-none-eabi/5.3.1/../../../../arm-none-eabi/lib/armv7e-m/fpu/fpv5-sp-d16/libg_nano.a(lib_a-lseekr.o)
                0x0000000008003920                _lseek_r
 .text.__swhatbuf_r
                0x0000000008003944       0x46 /usr/local/gcc-arm-none-eabi-5_3-2016q1/bin/../lib/gcc/arm-none-eabi/5.3.1/../../../../arm-none-eabi/lib/armv7e-m/fpu/fpv5-sp-d16/libg_nano.a(lib_a-makebuf.o)
                0x0000000008003944                __swhatbuf_r
 *fill*         0x000000000800398a        0x2 
 .text.__smakebuf_r
                0x000000000800398c       0x78 /usr/local/gcc-arm-none-eabi-5_3-2016q1/bin/../lib/gcc/arm-none-eabi/5.3.1/../../../../arm-none-eabi/lib/armv7e-m/fpu/fpv5-sp-d16/libg_nano.a(lib_a-makebuf.o)
                0x000000000800398c                __smakebuf_r
 .text._free_r  0x0000000008003a04       0x8c /usr/local/gcc-arm-none-eabi-5_3-2016q1/bin/../lib/gcc/arm-none-eabi/5.3.1/../../../../arm-none-eabi/lib/armv7e-m/fpu/fpv5-sp-d16/libg_nano.a(lib_a-nano-freer.o)
                0x0000000008003a04                _free_r
 .text.__sfputc_r
                0x0000000008003a90       0x30 /usr/local/gcc-arm-none-eabi-5_3-2016q1/bin/../lib/gcc/arm-none-eabi/5.3.1/../../../../arm-none-eabi/lib/armv7e-m/fpu/fpv5-sp-d16/libg_nano.a(lib_a-nano-vfprintf.o)
 .text.__sfputs_r
                0x0000000008003ac0       0x24 /usr/local/gcc-arm-none-eabi-5_3-2016q1/bin/../lib/gcc/arm-none-eabi/5.3.1/../../../../arm-none-eabi/lib/armv7e-m/fpu/fpv5-sp-d16/libg_nano.a(lib_a-nano-vfprintf.o)
                0x0000000008003ac0                __sfputs_r
 .text._vfprintf_r
                0x0000000008003ae4      0x238 /usr/local/gcc-arm-none-eabi-5_3-2016q1/bin/../lib/gcc/arm-none-eabi/5.3.1/../../../../arm-none-eabi/lib/armv7e-m/fpu/fpv5-sp-d16/libg_nano.a(lib_a-nano-vfprintf.o)
                0x0000000008003ae4                _vfiprintf_r
                0x0000000008003ae4                _vfprintf_r
 .text._printf_common
                0x0000000008003d1c       0xec /usr/local/gcc-arm-none-eabi-5_3-2016q1/bin/../lib/gcc/arm-none-eabi/5.3.1/../../../../arm-none-eabi/lib/armv7e-m/fpu/fpv5-sp-d16/libg_nano.a(lib_a-nano-vfprintf_i.o)
                0x0000000008003d1c                _printf_common
 .text._printf_i
                0x0000000008003e08      0x24c /usr/local/gcc-arm-none-eabi-5_3-2016q1/bin/../lib/gcc/arm-none-eabi/5.3.1/../../../../arm-none-eabi/lib/armv7e-m/fpu/fpv5-sp-d16/libg_nano.a(lib_a-nano-vfprintf_i.o)
                0x0000000008003e08                _printf_i
 .text._read_r  0x0000000008004054       0x24 /usr/local/gcc-arm-none-eabi-5_3-2016q1/bin/../lib/gcc/arm-none-eabi/5.3.1/../../../../arm-none-eabi/lib/armv7e-m/fpu/fpv5-sp-d16/libg_nano.a(lib_a-readr.o)
                0x0000000008004054                _read_r
 .text._fstat_r
                0x0000000008004078       0x24 /usr/local/gcc-arm-none-eabi-5_3-2016q1/bin/../lib/gcc/arm-none-eabi/5.3.1/../../../../arm-none-eabi/lib/armv7e-m/fpu/fpv5-sp-d16/libg_nano.a(lib_a-fstatr.o)
                0x0000000008004078                _fstat_r
 .text._isatty_r
                0x000000000800409c       0x20 /usr/local/gcc-arm-none-eabi-5_3-2016q1/bin/../lib/gcc/arm-none-eabi/5.3.1/../../../../arm-none-eabi/lib/armv7e-m/fpu/fpv5-sp-d16/libg_nano.a(lib_a-isattyr.o)
                0x000000000800409c                _isatty_r
 *fill*         0x00000000080040bc        0x4 
 .text          0x00000000080040c0       0xa0 /usr/local/gcc-arm-none-eabi-5_3-2016q1/bin/../lib/gcc/arm-none-eabi/5.3.1/../../../../arm-none-eabi/lib/armv7e-m/fpu/fpv5-sp-d16/libg_nano.a(lib_a-memchr.o)
                0x00000000080040c0                memchr
 *(.rodata .rodata.* .constdata .constdata.*)
 .rodata.APBAHBPrescTable
                0x0000000008004160       0x10 ./system/src/stm32f7-hal/stm32f7xx_hal_rcc.o
                0x0000000008004160                APBAHBPrescTable
 .rodata.str1.4
                0x0000000008004170        0x9 ./system/src/newlib/_syscalls.o
 .rodata.str1.4
                0x0000000008004179        0x4 ./system/src/cortexm/exception_handlers.o
 *fill*         0x0000000008004179        0x3 
 .rodata.AHBPrescTable
                0x000000000800417c       0x10 ./system/src/cmsis/system_stm32f7xx.o
                0x000000000800417c                AHBPrescTable
 .rodata.str1.4
                0x000000000800418c       0x49 ./src/main.o
 *fill*         0x00000000080041d5        0x3 
 .rodata.str1.4
                0x00000000080041d8      0x40a ./coremark/core_main.o
 *fill*         0x00000000080045e2        0x2 
 .rodata.intpat
                0x00000000080045e4       0x10 ./coremark/core_state.o
 .rodata.floatpat
                0x00000000080045f4       0x10 ./coremark/core_state.o
 .rodata.str1.4
                0x0000000008004604       0xb0 ./coremark/core_state.o
                                         0xad (size before relaxing)
 .rodata.scipat
                0x00000000080046b4       0x10 ./coremark/core_state.o
 .rodata.errpat
                0x00000000080046c4       0x10 ./coremark/core_state.o
 .rodata._ctype_
                0x00000000080046d4      0x101 /usr/local/gcc-arm-none-eabi-5_3-2016q1/bin/../lib/gcc/arm-none-eabi/5.3.1/../../../../arm-none-eabi/lib/armv7e-m/fpu/fpv5-sp-d16/libg_nano.a(lib_a-ctype_.o)
                0x00000000080046d4                _ctype_
 *fill*         0x00000000080047d5        0x3 
 .rodata.__sf_fake_stdin
                0x00000000080047d8       0x20 /usr/local/gcc-arm-none-eabi-5_3-2016q1/bin/../lib/gcc/arm-none-eabi/5.3.1/../../../../arm-none-eabi/lib/armv7e-m/fpu/fpv5-sp-d16/libg_nano.a(lib_a-findfp.o)
                0x00000000080047d8                __sf_fake_stdin
 .rodata.__sf_fake_stdout
                0x00000000080047f8       0x20 /usr/local/gcc-arm-none-eabi-5_3-2016q1/bin/../lib/gcc/arm-none-eabi/5.3.1/../../../../arm-none-eabi/lib/armv7e-m/fpu/fpv5-sp-d16/libg_nano.a(lib_a-findfp.o)
                0x00000000080047f8                __sf_fake_stdout
 .rodata.__sf_fake_stderr
                0x0000000008004818       0x20 /usr/local/gcc-arm-none-eabi-5_3-2016q1/bin/../lib/gcc/arm-none-eabi/5.3.1/../../../../arm-none-eabi/lib/armv7e-m/fpu/fpv5-sp-d16/libg_nano.a(lib_a-findfp.o)
                0x0000000008004818                __sf_fake_stderr
 .rodata.str1.1
                0x0000000008004838        0x2 /usr/local/gcc-arm-none-eabi-5_3-2016q1/bin/../lib/gcc/arm-none-eabi/5.3.1/../../../../arm-none-eabi/lib/armv7e-m/fpu/fpv5-sp-d16/libg_nano.a(lib_a-impure.o)
 *fill*         0x000000000800483a        0x2 
 .rodata._global_impure_ptr
                0x000000000800483c        0x4 /usr/local/gcc-arm-none-eabi-5_3-2016q1/bin/../lib/gcc/arm-none-eabi/5.3.1/../../../../arm-none-eabi/lib/armv7e-m/fpu/fpv5-sp-d16/libg_nano.a(lib_a-impure.o)
                0x000000000800483c                _global_impure_ptr
 .rodata.str1.1
                0x0000000008004840       0x11 /usr/local/gcc-arm-none-eabi-5_3-2016q1/bin/../lib/gcc/arm-none-eabi/5.3.1/../../../../arm-none-eabi/lib/armv7e-m/fpu/fpv5-sp-d16/libg_nano.a(lib_a-nano-vfprintf.o)
 .rodata.str1.1
                0x0000000008004851       0x22 /usr/local/gcc-arm-none-eabi-5_3-2016q1/bin/../lib/gcc/arm-none-eabi/5.3.1/../../../../arm-none-eabi/lib/armv7e-m/fpu/fpv5-sp-d16/libg_nano.a(lib_a-nano-vfprintf_i.o)
 *(vtable)
 *(.eh_frame*)
 *(.glue_7)
 .glue_7        0x0000000008004873        0x0 linker stubs
 *(.glue_7t)
 .glue_7t       0x0000000008004873        0x0 linker stubs

.vfp11_veneer   0x0000000008004874        0x0
 .vfp11_veneer  0x0000000008004874        0x0 linker stubs

.v4_bx          0x0000000008004874        0x0
 .v4_bx         0x0000000008004874        0x0 linker stubs

.iplt           0x0000000008004874        0x0
 .iplt          0x0000000008004874        0x0 ./system/src/stm32f7-hal/stm32f7xx_hal.o

.rel.dyn        0x0000000008004874        0x0
 .rel.iplt      0x0000000008004874        0x0 ./system/src/stm32f7-hal/stm32f7xx_hal.o

.ARM.extab
 *(.ARM.extab* .gnu.linkonce.armextab.*)
                0x0000000008004874                . = ALIGN (0x4)
                0x0000000008004874                __exidx_start = .

.ARM.exidx
 *(.ARM.exidx* .gnu.linkonce.armexidx.*)
                0x0000000008004874                __exidx_end = .
                0x0000000008004874                . = ALIGN (0x4)
                0x0000000008004874                _etext = .
                0x0000000008004874                __etext = .

.data_CCMRAM    0x0000000010000000        0x0 load address 0x0000000008004874
 FILL mask 0xff
 *(.data.CCMRAM .data.CCMRAM.*)
                0x0000000010000000                . = ALIGN (0x4)
                0x0000000008004874                _sidata = LOADADDR (.data)

.data           0x0000000020000000       0x7c load address 0x0000000008004874
 FILL mask 0xff
                0x0000000020000000                _sdata = .
                0x0000000020000000                __data_start__ = .
 *(.data_begin .data_begin.*)
 *(.data .data.*)
 .data.SystemCoreClock
                0x0000000020000000        0x4 ./system/src/cmsis/system_stm32f7xx.o
                0x0000000020000000                SystemCoreClock
 .data.prescaler.12140
                0x0000000020000004        0x4 ./src/main.o
 .data.seed4_volatile
                0x0000000020000008        0x4 ./coremark/core_portme.o
                0x0000000020000008                seed4_volatile
 .data.seed3_volatile
                0x000000002000000c        0x4 ./coremark/core_portme.o
                0x000000002000000c                seed3_volatile
 .data.default_num_contexts
                0x0000000020000010        0x4 ./coremark/core_portme.o
                0x0000000020000010                default_num_contexts
 .data.__ctype_ptr__
                0x0000000020000014        0x4 /usr/local/gcc-arm-none-eabi-5_3-2016q1/bin/../lib/gcc/arm-none-eabi/5.3.1/../../../../arm-none-eabi/lib/armv7e-m/fpu/fpv5-sp-d16/libg_nano.a(lib_a-ctype_.o)
                0x0000000020000014                __ctype_ptr__
 .data.impure_data
                0x0000000020000018       0x60 /usr/local/gcc-arm-none-eabi-5_3-2016q1/bin/../lib/gcc/arm-none-eabi/5.3.1/../../../../arm-none-eabi/lib/armv7e-m/fpu/fpv5-sp-d16/libg_nano.a(lib_a-impure.o)
 .data._impure_ptr
                0x0000000020000078        0x4 /usr/local/gcc-arm-none-eabi-5_3-2016q1/bin/../lib/gcc/arm-none-eabi/5.3.1/../../../../arm-none-eabi/lib/armv7e-m/fpu/fpv5-sp-d16/libg_nano.a(lib_a-impure.o)
                0x0000000020000078                _impure_ptr
 *(.data_end .data_end.*)
                0x000000002000007c                . = ALIGN (0x4)
                0x000000002000007c                _edata = .
                0x000000002000007c                __data_end__ = .

.igot.plt       0x000000002000007c        0x0 load address 0x00000000080048f0
 .igot.plt      0x000000002000007c        0x0 ./system/src/stm32f7-hal/stm32f7xx_hal.o

.bss_CCMRAM     0x0000000010000000        0x0
 *(.bss.CCMRAM .bss.CCMRAM.*)

.bss            0x000000002000007c      0x95c
                0x000000002000007c                __bss_start__ = .
                0x000000002000007c                _sbss = .
 *(.bss_begin .bss_begin.*)
 *(.bss .bss.*)
 .bss.uwTick    0x000000002000007c        0x4 ./system/src/stm32f7-hal/stm32f7xx_hal.o
 .bss.current_heap_end.4428
                0x0000000020000080        0x4 ./system/src/newlib/_sbrk.o
 .bss.monitor_stdout
                0x0000000020000084        0x4 ./system/src/newlib/_syscalls.o
 .bss.args_buf.6212
                0x0000000020000088       0x50 ./system/src/newlib/_syscalls.o
 .bss.argv_buf.6213
                0x00000000200000d8       0x28 ./system/src/newlib/_syscalls.o
 .bss.monitor_stdin
                0x0000000020000100        0x4 ./system/src/newlib/_syscalls.o
 .bss.monitor_stderr
                0x0000000020000104        0x4 ./system/src/newlib/_syscalls.o
 .bss.openfiles
                0x0000000020000108       0xa0 ./system/src/newlib/_syscalls.o
 .bss.seconds   0x00000000200001a8        0x4 ./src/main.o
                0x00000000200001a8                seconds
 .bss.seed1_volatile
                0x00000000200001ac        0x4 ./coremark/core_portme.o
                0x00000000200001ac                seed1_volatile
 .bss.seed5_volatile
                0x00000000200001b0        0x4 ./coremark/core_portme.o
                0x00000000200001b0                seed5_volatile
 .bss.seed2_volatile
                0x00000000200001b4        0x4 ./coremark/core_portme.o
                0x00000000200001b4                seed2_volatile
 .bss.stop_time_val
                0x00000000200001b8        0x4 ./coremark/core_portme.o
 .bss.start_time_val
                0x00000000200001bc        0x4 ./coremark/core_portme.o
 .bss.__malloc_sbrk_start
                0x00000000200001c0        0x4 /usr/local/gcc-arm-none-eabi-5_3-2016q1/bin/../lib/gcc/arm-none-eabi/5.3.1/../../../../arm-none-eabi/lib/armv7e-m/fpu/fpv5-sp-d16/libg_nano.a(lib_a-nano-mallocr.o)
                0x00000000200001c0                __malloc_sbrk_start
 .bss.__malloc_free_list
                0x00000000200001c4        0x4 /usr/local/gcc-arm-none-eabi-5_3-2016q1/bin/../lib/gcc/arm-none-eabi/5.3.1/../../../../arm-none-eabi/lib/armv7e-m/fpu/fpv5-sp-d16/libg_nano.a(lib_a-nano-mallocr.o)
                0x00000000200001c4                __malloc_free_list
 *(COMMON)
 COMMON         0x00000000200001c8        0x4 ./system/src/newlib/_syscalls.o
                0x00000000200001c8                errno
 COMMON         0x00000000200001cc       0x3c ./src/timing.o
                0x00000000200001cc                htim5
 COMMON         0x0000000020000208      0x7d0 ./coremark/core_main.o
                0x0000000020000208                static_memblk
 *(.bss_end .bss_end.*)
                0x00000000200009d8                . = ALIGN (0x4)
                0x00000000200009d8                __bss_end__ = .
                0x00000000200009d8                _ebss = .

.noinit_CCMRAM
 *(.noinit.CCMRAM .noinit.CCMRAM.*)

.noinit         0x00000000200009d8        0x0
                0x00000000200009d8                _noinit = .
 *(.noinit .noinit.*)
                0x00000000200009d8                . = ALIGN (0x4)
                0x00000000200009d8                _end_noinit = .
                [!provide]                        PROVIDE (end, _end_noinit)
                [!provide]                        PROVIDE (_end, _end_noinit)
                [!provide]                        PROVIDE (__end, _end_noinit)
                [!provide]                        PROVIDE (__end__, _end_noinit)

._check_stack   0x00000000200009d8      0x100
                0x0000000020000ad8                . = (. + _Minimum_Stack_Size)
 *fill*         0x00000000200009d8      0x100 

.b1text
 *(.b1text)
 *(.b1rodata)
 *(.b1rodata.*)

.eb0text
 *(.eb0text)
 *(.eb0rodata)
 *(.eb0rodata.*)

.eb1text
 *(.eb1text)
 *(.eb1rodata)
 *(.eb1rodata.*)

.eb2text
 *(.eb2text)
 *(.eb2rodata)
 *(.eb2rodata.*)

.eb3text
 *(.eb3text)
 *(.eb3rodata)
 *(.eb3rodata.*)

.stab
 *(.stab)

.stabstr
 *(.stabstr)

.stab.excl
 *(.stab.excl)

.stab.exclstr
 *(.stab.exclstr)

.stab.index
 *(.stab.index)

.stab.indexstr
 *(.stab.indexstr)

.comment        0x0000000000000000       0x6e
 *(.comment)
 .comment       0x0000000000000000       0x6e ./system/src/stm32f7-hal/stm32f7xx_hal.o
                                         0x6f (size before relaxing)
 .comment       0x000000000000006e       0x6f ./system/src/stm32f7-hal/stm32f7xx_hal_cortex.o
 .comment       0x000000000000006e       0x6f ./system/src/stm32f7-hal/stm32f7xx_hal_pwr_ex.o
 .comment       0x000000000000006e       0x6f ./system/src/stm32f7-hal/stm32f7xx_hal_rcc.o
 .comment       0x000000000000006e       0x6f ./system/src/stm32f7-hal/stm32f7xx_hal_tim.o
 .comment       0x000000000000006e       0x6f ./system/src/newlib/_sbrk.o
 .comment       0x000000000000006e       0x6f ./system/src/newlib/_startup.o
 .comment       0x000000000000006e       0x6f ./system/src/newlib/_syscalls.o
 .comment       0x000000000000006e       0x6f ./system/src/cortexm/_initialize_hardware.o
 .comment       0x000000000000006e       0x6f ./system/src/cortexm/exception_handlers.o
 .comment       0x000000000000006e       0x6f ./system/src/cmsis/system_stm32f7xx.o
 .comment       0x000000000000006e       0x6f ./system/src/cmsis/vectors_stm32f746xx.o
 .comment       0x000000000000006e       0x6f ./src/main.o
 .comment       0x000000000000006e       0x6f ./src/stm32f7xx_hal_msp.o
 .comment       0x000000000000006e       0x6f ./src/timing.o
 .comment       0x000000000000006e       0x6f ./coremark/core_list_join.o
 .comment       0x000000000000006e       0x6f ./coremark/core_main.o
 .comment       0x000000000000006e       0x6f ./coremark/core_matrix.o
 .comment       0x000000000000006e       0x6f ./coremark/core_portme.o
 .comment       0x000000000000006e       0x6f ./coremark/core_state.o
 .comment       0x000000000000006e       0x6f ./coremark/core_util.o

.ARM.attributes
                0x0000000000000000       0x37
 .ARM.attributes
                0x0000000000000000       0x39 ./system/src/stm32f7-hal/stm32f7xx_hal.o
 .ARM.attributes
                0x0000000000000039       0x39 ./system/src/stm32f7-hal/stm32f7xx_hal_cortex.o
 .ARM.attributes
                0x0000000000000072       0x39 ./system/src/stm32f7-hal/stm32f7xx_hal_pwr_ex.o
 .ARM.attributes
                0x00000000000000ab       0x39 ./system/src/stm32f7-hal/stm32f7xx_hal_rcc.o
 .ARM.attributes
                0x00000000000000e4       0x39 ./system/src/stm32f7-hal/stm32f7xx_hal_tim.o
 .ARM.attributes
                0x000000000000011d       0x39 ./system/src/newlib/_sbrk.o
 .ARM.attributes
                0x0000000000000156       0x39 ./system/src/newlib/_startup.o
 .ARM.attributes
                0x000000000000018f       0x39 ./system/src/newlib/_syscalls.o
 .ARM.attributes
                0x00000000000001c8       0x39 ./system/src/cortexm/_initialize_hardware.o
 .ARM.attributes
                0x0000000000000201       0x39 ./system/src/cortexm/exception_handlers.o
 .ARM.attributes
                0x000000000000023a       0x39 ./system/src/cmsis/system_stm32f7xx.o
 .ARM.attributes
                0x0000000000000273       0x39 ./system/src/cmsis/vectors_stm32f746xx.o
 .ARM.attributes
                0x00000000000002ac       0x39 ./src/main.o
 .ARM.attributes
                0x00000000000002e5       0x39 ./src/stm32f7xx_hal_msp.o
 .ARM.attributes
                0x000000000000031e       0x39 ./src/timing.o
 .ARM.attributes
                0x0000000000000357       0x39 ./coremark/core_list_join.o
 .ARM.attributes
                0x0000000000000390       0x39 ./coremark/core_main.o
 .ARM.attributes
                0x00000000000003c9       0x39 ./coremark/core_matrix.o
 .ARM.attributes
                0x0000000000000402       0x39 ./coremark/core_portme.o
 .ARM.attributes
                0x000000000000043b       0x39 ./coremark/core_state.o
 .ARM.attributes
                0x0000000000000474       0x39 ./coremark/core_util.o
 .ARM.attributes
                0x00000000000004ad       0x34 /usr/local/gcc-arm-none-eabi-5_3-2016q1/bin/../lib/gcc/arm-none-eabi/5.3.1/../../../../arm-none-eabi/lib/armv7e-m/fpu/fpv5-sp-d16/libg_nano.a(lib_a-ctype_.o)
 .ARM.attributes
                0x00000000000004e1       0x34 /usr/local/gcc-arm-none-eabi-5_3-2016q1/bin/../lib/gcc/arm-none-eabi/5.3.1/../../../../arm-none-eabi/lib/armv7e-m/fpu/fpv5-sp-d16/libg_nano.a(lib_a-errno.o)
 .ARM.attributes
                0x0000000000000515       0x34 /usr/local/gcc-arm-none-eabi-5_3-2016q1/bin/../lib/gcc/arm-none-eabi/5.3.1/../../../../arm-none-eabi/lib/armv7e-m/fpu/fpv5-sp-d16/libg_nano.a(lib_a-findfp.o)
 .ARM.attributes
                0x0000000000000549       0x34 /usr/local/gcc-arm-none-eabi-5_3-2016q1/bin/../lib/gcc/arm-none-eabi/5.3.1/../../../../arm-none-eabi/lib/armv7e-m/fpu/fpv5-sp-d16/libg_nano.a(lib_a-fwalk.o)
 .ARM.attributes
                0x000000000000057d       0x34 /usr/local/gcc-arm-none-eabi-5_3-2016q1/bin/../lib/gcc/arm-none-eabi/5.3.1/../../../../arm-none-eabi/lib/armv7e-m/fpu/fpv5-sp-d16/libg_nano.a(lib_a-impure.o)
 .ARM.attributes
                0x00000000000005b1       0x34 /usr/local/gcc-arm-none-eabi-5_3-2016q1/bin/../lib/gcc/arm-none-eabi/5.3.1/../../../../arm-none-eabi/lib/armv7e-m/fpu/fpv5-sp-d16/libg_nano.a(lib_a-memset.o)
 .ARM.attributes
                0x00000000000005e5       0x34 /usr/local/gcc-arm-none-eabi-5_3-2016q1/bin/../lib/gcc/arm-none-eabi/5.3.1/../../../../arm-none-eabi/lib/armv7e-m/fpu/fpv5-sp-d16/libg_nano.a(lib_a-nano-mallocr.o)
 .ARM.attributes
                0x0000000000000619       0x34 /usr/local/gcc-arm-none-eabi-5_3-2016q1/bin/../lib/gcc/arm-none-eabi/5.3.1/../../../../arm-none-eabi/lib/armv7e-m/fpu/fpv5-sp-d16/libg_nano.a(lib_a-printf.o)
 .ARM.attributes
                0x000000000000064d       0x34 /usr/local/gcc-arm-none-eabi-5_3-2016q1/bin/../lib/gcc/arm-none-eabi/5.3.1/../../../../arm-none-eabi/lib/armv7e-m/fpu/fpv5-sp-d16/libg_nano.a(lib_a-puts.o)
 .ARM.attributes
                0x0000000000000681       0x34 /usr/local/gcc-arm-none-eabi-5_3-2016q1/bin/../lib/gcc/arm-none-eabi/5.3.1/../../../../arm-none-eabi/lib/armv7e-m/fpu/fpv5-sp-d16/libg_nano.a(lib_a-sbrkr.o)
 .ARM.attributes
                0x00000000000006b5       0x34 /usr/local/gcc-arm-none-eabi-5_3-2016q1/bin/../lib/gcc/arm-none-eabi/5.3.1/../../../../arm-none-eabi/lib/armv7e-m/fpu/fpv5-sp-d16/libg_nano.a(lib_a-stdio.o)
 .ARM.attributes
                0x00000000000006e9       0x20 /usr/local/gcc-arm-none-eabi-5_3-2016q1/bin/../lib/gcc/arm-none-eabi/5.3.1/../../../../arm-none-eabi/lib/armv7e-m/fpu/fpv5-sp-d16/libg_nano.a(lib_a-strcmp.o)
 .ARM.attributes
                0x0000000000000709       0x34 /usr/local/gcc-arm-none-eabi-5_3-2016q1/bin/../lib/gcc/arm-none-eabi/5.3.1/../../../../arm-none-eabi/lib/armv7e-m/fpu/fpv5-sp-d16/libg_nano.a(lib_a-wbuf.o)
 .ARM.attributes
                0x000000000000073d       0x34 /usr/local/gcc-arm-none-eabi-5_3-2016q1/bin/../lib/gcc/arm-none-eabi/5.3.1/../../../../arm-none-eabi/lib/armv7e-m/fpu/fpv5-sp-d16/libg_nano.a(lib_a-writer.o)
 .ARM.attributes
                0x0000000000000771       0x34 /usr/local/gcc-arm-none-eabi-5_3-2016q1/bin/../lib/gcc/arm-none-eabi/5.3.1/../../../../arm-none-eabi/lib/armv7e-m/fpu/fpv5-sp-d16/libg_nano.a(lib_a-wsetup.o)
 .ARM.attributes
                0x00000000000007a5       0x34 /usr/local/gcc-arm-none-eabi-5_3-2016q1/bin/../lib/gcc/arm-none-eabi/5.3.1/../../../../arm-none-eabi/lib/armv7e-m/fpu/fpv5-sp-d16/libg_nano.a(lib_a-closer.o)
 .ARM.attributes
                0x00000000000007d9       0x34 /usr/local/gcc-arm-none-eabi-5_3-2016q1/bin/../lib/gcc/arm-none-eabi/5.3.1/../../../../arm-none-eabi/lib/armv7e-m/fpu/fpv5-sp-d16/libg_nano.a(lib_a-fflush.o)
 .ARM.attributes
                0x000000000000080d       0x34 /usr/local/gcc-arm-none-eabi-5_3-2016q1/bin/../lib/gcc/arm-none-eabi/5.3.1/../../../../arm-none-eabi/lib/armv7e-m/fpu/fpv5-sp-d16/libg_nano.a(lib_a-lseekr.o)
 .ARM.attributes
                0x0000000000000841       0x34 /usr/local/gcc-arm-none-eabi-5_3-2016q1/bin/../lib/gcc/arm-none-eabi/5.3.1/../../../../arm-none-eabi/lib/armv7e-m/fpu/fpv5-sp-d16/libg_nano.a(lib_a-makebuf.o)
 .ARM.attributes
                0x0000000000000875       0x34 /usr/local/gcc-arm-none-eabi-5_3-2016q1/bin/../lib/gcc/arm-none-eabi/5.3.1/../../../../arm-none-eabi/lib/armv7e-m/fpu/fpv5-sp-d16/libg_nano.a(lib_a-nano-freer.o)
 .ARM.attributes
                0x00000000000008a9       0x34 /usr/local/gcc-arm-none-eabi-5_3-2016q1/bin/../lib/gcc/arm-none-eabi/5.3.1/../../../../arm-none-eabi/lib/armv7e-m/fpu/fpv5-sp-d16/libg_nano.a(lib_a-nano-vfprintf.o)
 .ARM.attributes
                0x00000000000008dd       0x34 /usr/local/gcc-arm-none-eabi-5_3-2016q1/bin/../lib/gcc/arm-none-eabi/5.3.1/../../../../arm-none-eabi/lib/armv7e-m/fpu/fpv5-sp-d16/libg_nano.a(lib_a-nano-vfprintf_i.o)
 .ARM.attributes
                0x0000000000000911       0x34 /usr/local/gcc-arm-none-eabi-5_3-2016q1/bin/../lib/gcc/arm-none-eabi/5.3.1/../../../../arm-none-eabi/lib/armv7e-m/fpu/fpv5-sp-d16/libg_nano.a(lib_a-readr.o)
 .ARM.attributes
                0x0000000000000945       0x34 /usr/local/gcc-arm-none-eabi-5_3-2016q1/bin/../lib/gcc/arm-none-eabi/5.3.1/../../../../arm-none-eabi/lib/armv7e-m/fpu/fpv5-sp-d16/libg_nano.a(lib_a-fstatr.o)
 .ARM.attributes
                0x0000000000000979       0x34 /usr/local/gcc-arm-none-eabi-5_3-2016q1/bin/../lib/gcc/arm-none-eabi/5.3.1/../../../../arm-none-eabi/lib/armv7e-m/fpu/fpv5-sp-d16/libg_nano.a(lib_a-isattyr.o)
 .ARM.attributes
                0x00000000000009ad       0x20 /usr/local/gcc-arm-none-eabi-5_3-2016q1/bin/../lib/gcc/arm-none-eabi/5.3.1/../../../../arm-none-eabi/lib/armv7e-m/fpu/fpv5-sp-d16/libg_nano.a(lib_a-memchr.o)

.debug
 *(.debug)

.line
 *(.line)

.debug_srcinfo
 *(.debug_srcinfo)

.debug_sfnames
 *(.debug_sfnames)

.debug_aranges  0x0000000000000000      0x948
 *(.debug_aranges)
 .debug_aranges
                0x0000000000000000       0xc8 ./system/src/stm32f7-hal/stm32f7xx_hal.o
 .debug_aranges
                0x00000000000000c8       0x98 ./system/src/stm32f7-hal/stm32f7xx_hal_cortex.o
 .debug_aranges
                0x0000000000000160       0x80 ./system/src/stm32f7-hal/stm32f7xx_hal_pwr_ex.o
 .debug_aranges
                0x00000000000001e0       0x88 ./system/src/stm32f7-hal/stm32f7xx_hal_rcc.o
 .debug_aranges
                0x0000000000000268      0x250 ./system/src/stm32f7-hal/stm32f7xx_hal_tim.o
 .debug_aranges
                0x00000000000004b8       0x20 ./system/src/newlib/_sbrk.o
 .debug_aranges
                0x00000000000004d8       0x40 ./system/src/newlib/_startup.o
 .debug_aranges
                0x0000000000000518       0xf8 ./system/src/newlib/_syscalls.o
 .debug_aranges
                0x0000000000000610       0x28 ./system/src/cortexm/_initialize_hardware.o
 .debug_aranges
                0x0000000000000638       0x88 ./system/src/cortexm/exception_handlers.o
 .debug_aranges
                0x00000000000006c0       0x28 ./system/src/cmsis/system_stm32f7xx.o
 .debug_aranges
                0x00000000000006e8       0x20 ./system/src/cmsis/vectors_stm32f746xx.o
 .debug_aranges
                0x0000000000000708       0x28 ./src/main.o
 .debug_aranges
                0x0000000000000730       0x20 ./src/stm32f7xx_hal_msp.o
 .debug_aranges
                0x0000000000000750       0x28 ./src/timing.o
 .debug_aranges
                0x0000000000000778       0x80 ./coremark/core_list_join.o
 .debug_aranges
                0x00000000000007f8       0x28 ./coremark/core_main.o
 .debug_aranges
                0x0000000000000820       0x60 ./coremark/core_matrix.o
 .debug_aranges
                0x0000000000000880       0x50 ./coremark/core_portme.o
 .debug_aranges
                0x00000000000008d0       0x30 ./coremark/core_state.o
 .debug_aranges
                0x0000000000000900       0x48 ./coremark/core_util.o

.debug_pubnames
 *(.debug_pubnames)

.debug_info     0x0000000000000000     0xfe7b
 *(.debug_info .gnu.linkonce.wi.*)
 .debug_info    0x0000000000000000      0x979 ./system/src/stm32f7-hal/stm32f7xx_hal.o
 .debug_info    0x0000000000000979     0x10b5 ./system/src/stm32f7-hal/stm32f7xx_hal_cortex.o
 .debug_info    0x0000000000001a2e      0x9cc ./system/src/stm32f7-hal/stm32f7xx_hal_pwr_ex.o
 .debug_info    0x00000000000023fa     0x1030 ./system/src/stm32f7-hal/stm32f7xx_hal_rcc.o
 .debug_info    0x000000000000342a     0x37bb ./system/src/stm32f7-hal/stm32f7xx_hal_tim.o
 .debug_info    0x0000000000006be5      0x11b ./system/src/newlib/_sbrk.o
 .debug_info    0x0000000000006d00      0x4c8 ./system/src/newlib/_startup.o
 .debug_info    0x00000000000071c8     0x2fef ./system/src/newlib/_syscalls.o
 .debug_info    0x000000000000a1b7      0x49e ./system/src/cortexm/_initialize_hardware.o
 .debug_info    0x000000000000a655      0x8f8 ./system/src/cortexm/exception_handlers.o
 .debug_info    0x000000000000af4d      0x6bf ./system/src/cmsis/system_stm32f7xx.o
 .debug_info    0x000000000000b60c       0xcd ./system/src/cmsis/vectors_stm32f746xx.o
 .debug_info    0x000000000000b6d9      0xb2f ./src/main.o
 .debug_info    0x000000000000c208       0xbf ./src/stm32f7xx_hal_msp.o
 .debug_info    0x000000000000c2c7      0x828 ./src/timing.o
 .debug_info    0x000000000000caef     0x10f4 ./coremark/core_list_join.o
 .debug_info    0x000000000000dbe3      0xad2 ./coremark/core_main.o
 .debug_info    0x000000000000e6b5      0xac6 ./coremark/core_matrix.o
 .debug_info    0x000000000000f17b      0x314 ./coremark/core_portme.o
 .debug_info    0x000000000000f48f      0x50a ./coremark/core_state.o
 .debug_info    0x000000000000f999      0x4e2 ./coremark/core_util.o

.debug_abbrev   0x0000000000000000     0x29bd
 *(.debug_abbrev)
 .debug_abbrev  0x0000000000000000      0x1e9 ./system/src/stm32f7-hal/stm32f7xx_hal.o
 .debug_abbrev  0x00000000000001e9      0x30e ./system/src/stm32f7-hal/stm32f7xx_hal_cortex.o
 .debug_abbrev  0x00000000000004f7      0x1c6 ./system/src/stm32f7-hal/stm32f7xx_hal_pwr_ex.o
 .debug_abbrev  0x00000000000006bd      0x315 ./system/src/stm32f7-hal/stm32f7xx_hal_rcc.o
 .debug_abbrev  0x00000000000009d2      0x344 ./system/src/stm32f7-hal/stm32f7xx_hal_tim.o
 .debug_abbrev  0x0000000000000d16       0xb6 ./system/src/newlib/_sbrk.o
 .debug_abbrev  0x0000000000000dcc      0x1e7 ./system/src/newlib/_startup.o
 .debug_abbrev  0x0000000000000fb3      0x491 ./system/src/newlib/_syscalls.o
 .debug_abbrev  0x0000000000001444      0x104 ./system/src/cortexm/_initialize_hardware.o
 .debug_abbrev  0x0000000000001548      0x26d ./system/src/cortexm/exception_handlers.o
 .debug_abbrev  0x00000000000017b5      0x11d ./system/src/cmsis/system_stm32f7xx.o
 .debug_abbrev  0x00000000000018d2       0x9a ./system/src/cmsis/vectors_stm32f746xx.o
 .debug_abbrev  0x000000000000196c      0x27e ./src/main.o
 .debug_abbrev  0x0000000000001bea       0x70 ./src/stm32f7xx_hal_msp.o
 .debug_abbrev  0x0000000000001c5a      0x1ae ./src/timing.o
 .debug_abbrev  0x0000000000001e08      0x2c0 ./coremark/core_list_join.o
 .debug_abbrev  0x00000000000020c8      0x207 ./coremark/core_main.o
 .debug_abbrev  0x00000000000022cf      0x215 ./coremark/core_matrix.o
 .debug_abbrev  0x00000000000024e4      0x164 ./coremark/core_portme.o
 .debug_abbrev  0x0000000000002648      0x212 ./coremark/core_state.o
 .debug_abbrev  0x000000000000285a      0x163 ./coremark/core_util.o

.debug_line     0x0000000000000000     0x58ab
 *(.debug_line)
 .debug_line    0x0000000000000000      0x32c ./system/src/stm32f7-hal/stm32f7xx_hal.o
 .debug_line    0x000000000000032c      0x3c5 ./system/src/stm32f7-hal/stm32f7xx_hal_cortex.o
 .debug_line    0x00000000000006f1      0x33d ./system/src/stm32f7-hal/stm32f7xx_hal_pwr_ex.o
 .debug_line    0x0000000000000a2e      0x747 ./system/src/stm32f7-hal/stm32f7xx_hal_rcc.o
 .debug_line    0x0000000000001175     0x1a47 ./system/src/stm32f7-hal/stm32f7xx_hal_tim.o
 .debug_line    0x0000000000002bbc       0xba ./system/src/newlib/_sbrk.o
 .debug_line    0x0000000000002c76      0x114 ./system/src/newlib/_startup.o
 .debug_line    0x0000000000002d8a      0xcff ./system/src/newlib/_syscalls.o
 .debug_line    0x0000000000003a89      0x157 ./system/src/cortexm/_initialize_hardware.o
 .debug_line    0x0000000000003be0      0x2c4 ./system/src/cortexm/exception_handlers.o
 .debug_line    0x0000000000003ea4      0x181 ./system/src/cmsis/system_stm32f7xx.o
 .debug_line    0x0000000000004025       0x5a ./system/src/cmsis/vectors_stm32f746xx.o
 .debug_line    0x000000000000407f      0x306 ./src/main.o
 .debug_line    0x0000000000004385      0x11a ./src/stm32f7xx_hal_msp.o
 .debug_line    0x000000000000449f      0x1d4 ./src/timing.o
 .debug_line    0x0000000000004673      0x482 ./coremark/core_list_join.o
 .debug_line    0x0000000000004af5      0x39a ./coremark/core_main.o
 .debug_line    0x0000000000004e8f      0x300 ./coremark/core_matrix.o
 .debug_line    0x000000000000518f      0x1dd ./coremark/core_portme.o
 .debug_line    0x000000000000536c      0x26b ./coremark/core_state.o
 .debug_line    0x00000000000055d7      0x2d4 ./coremark/core_util.o

.debug_frame    0x0000000000000000     0x24ec
 *(.debug_frame)
 .debug_frame   0x0000000000000000      0x1b8 ./system/src/stm32f7-hal/stm32f7xx_hal.o
 .debug_frame   0x00000000000001b8      0x17c ./system/src/stm32f7-hal/stm32f7xx_hal_cortex.o
 .debug_frame   0x0000000000000334      0x15c ./system/src/stm32f7-hal/stm32f7xx_hal_pwr_ex.o
 .debug_frame   0x0000000000000490      0x1c0 ./system/src/stm32f7-hal/stm32f7xx_hal_rcc.o
 .debug_frame   0x0000000000000650      0xa7c ./system/src/stm32f7-hal/stm32f7xx_hal_tim.o
 .debug_frame   0x00000000000010cc       0x28 ./system/src/newlib/_sbrk.o
 .debug_frame   0x00000000000010f4       0x84 ./system/src/newlib/_startup.o
 .debug_frame   0x0000000000001178      0x490 ./system/src/newlib/_syscalls.o
 .debug_frame   0x0000000000001608       0x38 ./system/src/cortexm/_initialize_hardware.o
 .debug_frame   0x0000000000001640      0x108 ./system/src/cortexm/exception_handlers.o
 .debug_frame   0x0000000000001748       0x4c ./system/src/cmsis/system_stm32f7xx.o
 .debug_frame   0x0000000000001794       0x20 ./system/src/cmsis/vectors_stm32f746xx.o
 .debug_frame   0x00000000000017b4       0x44 ./src/main.o
 .debug_frame   0x00000000000017f8       0x30 ./src/stm32f7xx_hal_msp.o
 .debug_frame   0x0000000000001828       0x44 ./src/timing.o
 .debug_frame   0x000000000000186c      0x1d4 ./coremark/core_list_join.o
 .debug_frame   0x0000000000001a40       0x60 ./coremark/core_main.o
 .debug_frame   0x0000000000001aa0      0x18c ./coremark/core_matrix.o
 .debug_frame   0x0000000000001c2c       0x90 ./coremark/core_portme.o
 .debug_frame   0x0000000000001cbc       0xb4 ./coremark/core_state.o
 .debug_frame   0x0000000000001d70       0xb4 ./coremark/core_util.o
 .debug_frame   0x0000000000001e24       0x20 /usr/local/gcc-arm-none-eabi-5_3-2016q1/bin/../lib/gcc/arm-none-eabi/5.3.1/../../../../arm-none-eabi/lib/armv7e-m/fpu/fpv5-sp-d16/libg_nano.a(lib_a-errno.o)
 .debug_frame   0x0000000000001e44      0x11c /usr/local/gcc-arm-none-eabi-5_3-2016q1/bin/../lib/gcc/arm-none-eabi/5.3.1/../../../../arm-none-eabi/lib/armv7e-m/fpu/fpv5-sp-d16/libg_nano.a(lib_a-findfp.o)
 .debug_frame   0x0000000000001f60       0x54 /usr/local/gcc-arm-none-eabi-5_3-2016q1/bin/../lib/gcc/arm-none-eabi/5.3.1/../../../../arm-none-eabi/lib/armv7e-m/fpu/fpv5-sp-d16/libg_nano.a(lib_a-fwalk.o)
 .debug_frame   0x0000000000001fb4       0x20 /usr/local/gcc-arm-none-eabi-5_3-2016q1/bin/../lib/gcc/arm-none-eabi/5.3.1/../../../../arm-none-eabi/lib/armv7e-m/fpu/fpv5-sp-d16/libg_nano.a(lib_a-memset.o)
 .debug_frame   0x0000000000001fd4       0x2c /usr/local/gcc-arm-none-eabi-5_3-2016q1/bin/../lib/gcc/arm-none-eabi/5.3.1/../../../../arm-none-eabi/lib/armv7e-m/fpu/fpv5-sp-d16/libg_nano.a(lib_a-nano-mallocr.o)
 .debug_frame   0x0000000000002000       0x74 /usr/local/gcc-arm-none-eabi-5_3-2016q1/bin/../lib/gcc/arm-none-eabi/5.3.1/../../../../arm-none-eabi/lib/armv7e-m/fpu/fpv5-sp-d16/libg_nano.a(lib_a-printf.o)
 .debug_frame   0x0000000000002074       0x3c /usr/local/gcc-arm-none-eabi-5_3-2016q1/bin/../lib/gcc/arm-none-eabi/5.3.1/../../../../arm-none-eabi/lib/armv7e-m/fpu/fpv5-sp-d16/libg_nano.a(lib_a-puts.o)
 .debug_frame   0x00000000000020b0       0x2c /usr/local/gcc-arm-none-eabi-5_3-2016q1/bin/../lib/gcc/arm-none-eabi/5.3.1/../../../../arm-none-eabi/lib/armv7e-m/fpu/fpv5-sp-d16/libg_nano.a(lib_a-sbrkr.o)
 .debug_frame   0x00000000000020dc       0x88 /usr/local/gcc-arm-none-eabi-5_3-2016q1/bin/../lib/gcc/arm-none-eabi/5.3.1/../../../../arm-none-eabi/lib/armv7e-m/fpu/fpv5-sp-d16/libg_nano.a(lib_a-stdio.o)
 .debug_frame   0x0000000000002164       0x20 /usr/local/gcc-arm-none-eabi-5_3-2016q1/bin/../lib/gcc/arm-none-eabi/5.3.1/../../../../arm-none-eabi/lib/armv7e-m/fpu/fpv5-sp-d16/libg_nano.a(lib_a-strcmp.o)
 .debug_frame   0x0000000000002184       0x40 /usr/local/gcc-arm-none-eabi-5_3-2016q1/bin/../lib/gcc/arm-none-eabi/5.3.1/../../../../arm-none-eabi/lib/armv7e-m/fpu/fpv5-sp-d16/libg_nano.a(lib_a-wbuf.o)
 .debug_frame   0x00000000000021c4       0x2c /usr/local/gcc-arm-none-eabi-5_3-2016q1/bin/../lib/gcc/arm-none-eabi/5.3.1/../../../../arm-none-eabi/lib/armv7e-m/fpu/fpv5-sp-d16/libg_nano.a(lib_a-writer.o)
 .debug_frame   0x00000000000021f0       0x2c /usr/local/gcc-arm-none-eabi-5_3-2016q1/bin/../lib/gcc/arm-none-eabi/5.3.1/../../../../arm-none-eabi/lib/armv7e-m/fpu/fpv5-sp-d16/libg_nano.a(lib_a-wsetup.o)
 .debug_frame   0x000000000000221c       0x2c /usr/local/gcc-arm-none-eabi-5_3-2016q1/bin/../lib/gcc/arm-none-eabi/5.3.1/../../../../arm-none-eabi/lib/armv7e-m/fpu/fpv5-sp-d16/libg_nano.a(lib_a-closer.o)
 .debug_frame   0x0000000000002248       0x68 /usr/local/gcc-arm-none-eabi-5_3-2016q1/bin/../lib/gcc/arm-none-eabi/5.3.1/../../../../arm-none-eabi/lib/armv7e-m/fpu/fpv5-sp-d16/libg_nano.a(lib_a-fflush.o)
 .debug_frame   0x00000000000022b0       0x2c /usr/local/gcc-arm-none-eabi-5_3-2016q1/bin/../lib/gcc/arm-none-eabi/5.3.1/../../../../arm-none-eabi/lib/armv7e-m/fpu/fpv5-sp-d16/libg_nano.a(lib_a-lseekr.o)
 .debug_frame   0x00000000000022dc       0x54 /usr/local/gcc-arm-none-eabi-5_3-2016q1/bin/../lib/gcc/arm-none-eabi/5.3.1/../../../../arm-none-eabi/lib/armv7e-m/fpu/fpv5-sp-d16/libg_nano.a(lib_a-makebuf.o)
 .debug_frame   0x0000000000002330       0x2c /usr/local/gcc-arm-none-eabi-5_3-2016q1/bin/../lib/gcc/arm-none-eabi/5.3.1/../../../../arm-none-eabi/lib/armv7e-m/fpu/fpv5-sp-d16/libg_nano.a(lib_a-nano-freer.o)
 .debug_frame   0x000000000000235c       0xac /usr/local/gcc-arm-none-eabi-5_3-2016q1/bin/../lib/gcc/arm-none-eabi/5.3.1/../../../../arm-none-eabi/lib/armv7e-m/fpu/fpv5-sp-d16/libg_nano.a(lib_a-nano-vfprintf.o)
 .debug_frame   0x0000000000002408       0x60 /usr/local/gcc-arm-none-eabi-5_3-2016q1/bin/../lib/gcc/arm-none-eabi/5.3.1/../../../../arm-none-eabi/lib/armv7e-m/fpu/fpv5-sp-d16/libg_nano.a(lib_a-nano-vfprintf_i.o)
 .debug_frame   0x0000000000002468       0x2c /usr/local/gcc-arm-none-eabi-5_3-2016q1/bin/../lib/gcc/arm-none-eabi/5.3.1/../../../../arm-none-eabi/lib/armv7e-m/fpu/fpv5-sp-d16/libg_nano.a(lib_a-readr.o)
 .debug_frame   0x0000000000002494       0x2c /usr/local/gcc-arm-none-eabi-5_3-2016q1/bin/../lib/gcc/arm-none-eabi/5.3.1/../../../../arm-none-eabi/lib/armv7e-m/fpu/fpv5-sp-d16/libg_nano.a(lib_a-fstatr.o)
 .debug_frame   0x00000000000024c0       0x2c /usr/local/gcc-arm-none-eabi-5_3-2016q1/bin/../lib/gcc/arm-none-eabi/5.3.1/../../../../arm-none-eabi/lib/armv7e-m/fpu/fpv5-sp-d16/libg_nano.a(lib_a-isattyr.o)

.debug_str      0x0000000000000000     0x39c0
 *(.debug_str)
 .debug_str     0x0000000000000000      0xb7b ./system/src/stm32f7-hal/stm32f7xx_hal.o
                                        0xbd5 (size before relaxing)
 .debug_str     0x0000000000000b7b      0x45c ./system/src/stm32f7-hal/stm32f7xx_hal_cortex.o
                                        0xda0 (size before relaxing)
 .debug_str     0x0000000000000fd7      0x210 ./system/src/stm32f7-hal/stm32f7xx_hal_pwr_ex.o
                                        0x69b (size before relaxing)
 .debug_str     0x00000000000011e7      0x334 ./system/src/stm32f7-hal/stm32f7xx_hal_rcc.o
                                        0x716 (size before relaxing)
 .debug_str     0x000000000000151b      0xf1d ./system/src/stm32f7-hal/stm32f7xx_hal_tim.o
                                       0x11bf (size before relaxing)
 .debug_str     0x0000000000002438       0x77 ./system/src/newlib/_sbrk.o
                                        0x21d (size before relaxing)
 .debug_str     0x00000000000024af      0x1ab ./system/src/newlib/_startup.o
                                        0x372 (size before relaxing)
 .debug_str     0x000000000000265a      0x96d ./system/src/newlib/_syscalls.o
                                        0xc08 (size before relaxing)
 .debug_str     0x0000000000002fc7       0x5e ./system/src/cortexm/_initialize_hardware.o
                                        0x3ca (size before relaxing)
 .debug_str     0x0000000000003025      0x13b ./system/src/cortexm/exception_handlers.o
                                        0x711 (size before relaxing)
 .debug_str     0x0000000000003160       0x31 ./system/src/cmsis/system_stm32f7xx.o
                                        0x4a2 (size before relaxing)
 .debug_str     0x0000000000003191       0x59 ./system/src/cmsis/vectors_stm32f746xx.o
                                        0x1ee (size before relaxing)
 .debug_str     0x00000000000031ea       0x99 ./src/main.o
                                        0x6e8 (size before relaxing)
 .debug_str     0x0000000000003283       0x1b ./src/stm32f7xx_hal_msp.o
                                        0x1ee (size before relaxing)
 .debug_str     0x000000000000329e       0x26 ./src/timing.o
                                        0x7f3 (size before relaxing)
 .debug_str     0x00000000000032c4      0x2fe ./coremark/core_list_join.o
                                        0x4db (size before relaxing)
 .debug_str     0x00000000000035c2      0x166 ./coremark/core_main.o
                                        0x492 (size before relaxing)
 .debug_str     0x0000000000003728       0xb0 ./coremark/core_matrix.o
                                        0x2dc (size before relaxing)
 .debug_str     0x00000000000037d8       0x9a ./coremark/core_portme.o
                                        0x34b (size before relaxing)
 .debug_str     0x0000000000003872      0x123 ./coremark/core_state.o
                                        0x34c (size before relaxing)
 .debug_str     0x0000000000003995       0x2b ./coremark/core_util.o
                                        0x282 (size before relaxing)

.debug_loc      0x0000000000000000     0xd441
 *(.debug_loc)
 .debug_loc     0x0000000000000000       0x6a ./system/src/stm32f7-hal/stm32f7xx_hal.o
 .debug_loc     0x000000000000006a      0x5ff ./system/src/stm32f7-hal/stm32f7xx_hal_cortex.o
 .debug_loc     0x0000000000000669      0x257 ./system/src/stm32f7-hal/stm32f7xx_hal_pwr_ex.o
 .debug_loc     0x00000000000008c0      0x86a ./system/src/stm32f7-hal/stm32f7xx_hal_rcc.o
 .debug_loc     0x000000000000112a     0x5381 ./system/src/stm32f7-hal/stm32f7xx_hal_tim.o
 .debug_loc     0x00000000000064ab       0x63 ./system/src/newlib/_sbrk.o
 .debug_loc     0x000000000000650e      0x2c1 ./system/src/newlib/_startup.o
 .debug_loc     0x00000000000067cf     0x1f2f ./system/src/newlib/_syscalls.o
 .debug_loc     0x00000000000086fe      0x420 ./system/src/cortexm/exception_handlers.o
 .debug_loc     0x0000000000008b1e      0x162 ./system/src/cmsis/system_stm32f7xx.o
 .debug_loc     0x0000000000008c80       0x82 ./src/main.o
 .debug_loc     0x0000000000008d02     0x1ef2 ./coremark/core_list_join.o
 .debug_loc     0x000000000000abf4      0x7b0 ./coremark/core_main.o
 .debug_loc     0x000000000000b3a4     0x127f ./coremark/core_matrix.o
 .debug_loc     0x000000000000c623       0x83 ./coremark/core_portme.o
 .debug_loc     0x000000000000c6a6      0xab2 ./coremark/core_state.o
 .debug_loc     0x000000000000d158      0x2e9 ./coremark/core_util.o

.debug_macinfo
 *(.debug_macinfo)

.debug_weaknames
 *(.debug_weaknames)

.debug_funcnames
 *(.debug_funcnames)

.debug_typenames
 *(.debug_typenames)

.debug_varnames
 *(.debug_varnames)
OUTPUT(performance.elf elf32-littlearm)

.debug_ranges   0x0000000000000000     0x28f0
 .debug_ranges  0x0000000000000000       0xb8 ./system/src/stm32f7-hal/stm32f7xx_hal.o
 .debug_ranges  0x00000000000000b8      0x188 ./system/src/stm32f7-hal/stm32f7xx_hal_cortex.o
 .debug_ranges  0x0000000000000240      0x118 ./system/src/stm32f7-hal/stm32f7xx_hal_pwr_ex.o
 .debug_ranges  0x0000000000000358      0x3a8 ./system/src/stm32f7-hal/stm32f7xx_hal_rcc.o
 .debug_ranges  0x0000000000000700      0x820 ./system/src/stm32f7-hal/stm32f7xx_hal_tim.o
 .debug_ranges  0x0000000000000f20       0x10 ./system/src/newlib/_sbrk.o
 .debug_ranges  0x0000000000000f30       0x88 ./system/src/newlib/_startup.o
 .debug_ranges  0x0000000000000fb8      0xda0 ./system/src/newlib/_syscalls.o
 .debug_ranges  0x0000000000001d58       0x18 ./system/src/cortexm/_initialize_hardware.o
 .debug_ranges  0x0000000000001d70       0xd0 ./system/src/cortexm/exception_handlers.o
 .debug_ranges  0x0000000000001e40       0x18 ./system/src/cmsis/system_stm32f7xx.o
 .debug_ranges  0x0000000000001e58       0x10 ./system/src/cmsis/vectors_stm32f746xx.o
 .debug_ranges  0x0000000000001e68       0x78 ./src/main.o
 .debug_ranges  0x0000000000001ee0       0x10 ./src/stm32f7xx_hal_msp.o
 .debug_ranges  0x0000000000001ef0       0x68 ./src/timing.o
 .debug_ranges  0x0000000000001f58      0x3a8 ./coremark/core_list_join.o
 .debug_ranges  0x0000000000002300       0x60 ./coremark/core_main.o
 .debug_ranges  0x0000000000002360       0xc0 ./coremark/core_matrix.o
 .debug_ranges  0x0000000000002420       0x40 ./coremark/core_portme.o
 .debug_ranges  0x0000000000002460       0x90 ./coremark/core_state.o
 .debug_ranges  0x00000000000024f0      0x400 ./coremark/core_util.o
