###############################################################################
#
# IAR ELF Linker V7.70.1.11437/W32 for ARM                21/Aug/2016  18:38:04
# Copyright 2007-2016 IAR Systems AB.
#
#    Output file  =  
#        G:\Projects\luna\performance\IAR\Release\Exe\performance.out
#    Map file     =  
#        G:\Projects\luna\performance\IAR\Release\List\performance.map
#    Command line =  
#        G:\Projects\luna\performance\IAR\Release\Obj\core_list_join.o
#        G:\Projects\luna\performance\IAR\Release\Obj\core_main.o
#        G:\Projects\luna\performance\IAR\Release\Obj\core_matrix.o
#        G:\Projects\luna\performance\IAR\Release\Obj\core_portme.o
#        G:\Projects\luna\performance\IAR\Release\Obj\core_state.o
#        G:\Projects\luna\performance\IAR\Release\Obj\core_util.o
#        G:\Projects\luna\performance\IAR\Release\Obj\main.o
#        G:\Projects\luna\performance\IAR\Release\Obj\startup_stm32f746xx.o
#        G:\Projects\luna\performance\IAR\Release\Obj\stm32f7xx_hal.o
#        G:\Projects\luna\performance\IAR\Release\Obj\stm32f7xx_hal_cortex.o
#        G:\Projects\luna\performance\IAR\Release\Obj\stm32f7xx_hal_gpio.o
#        G:\Projects\luna\performance\IAR\Release\Obj\stm32f7xx_hal_pwr.o
#        G:\Projects\luna\performance\IAR\Release\Obj\stm32f7xx_hal_pwr_ex.o
#        G:\Projects\luna\performance\IAR\Release\Obj\stm32f7xx_hal_rcc.o
#        G:\Projects\luna\performance\IAR\Release\Obj\stm32f7xx_hal_tim.o
#        G:\Projects\luna\performance\IAR\Release\Obj\system_stm32f7xx.o
#        G:\Projects\luna\performance\IAR\Release\Obj\timing.o
#        G:\Projects\luna\performance\IAR\Release\Obj\xxtea.o -o
#        G:\Projects\luna\performance\IAR\Release\Exe\performance.out
#        --redirect _Printf=_PrintfSmallNoMb --redirect _Scanf=_ScanfSmall
#        --map G:\Projects\luna\performance\IAR\Release\List\performance.map
#        --config G:\Projects\luna\performance\IAR\stm32f746xx_flash.icf
#        --semihosting --entry __iar_program_start --inline --vfe
#
###############################################################################

*******************************************************************************
*** RUNTIME MODEL ATTRIBUTES
***

CppFlavor       = *
__Heap_Handler  = Basic
__SystemLibrary = DLib


*******************************************************************************
*** PLACEMENT SUMMARY
***

"A0":  place at 0x08000000 { ro section .intvec };
"P1":  place in [from 0x08000000 to 0x080fffff] { ro };
"P2":  place in [from 0x20000000 to 0x2004ffff] { rw, block CSTACK, block HEAP };
initialize by copy { rw };

  Section             Kind        Address     Size  Object
  -------             ----        -------     ----  ------
"A0":                                        0x1c8
  .intvec             ro code  0x08000000    0x1c8  startup_stm32f746xx.o [1]
                             - 0x080001c8    0x1c8

"P1":                                       0x3f52
  .text               ro code  0x080001c8    0x94c  core_matrix.o [1]
  .text               ro code  0x08000b14    0x37c  core_util.o [1]
  .text               ro code  0x08000e90    0x89c  core_main.o [1]
  .text               ro code  0x0800172c    0x67a  core_list_join.o [1]
  .text               ro code  0x08001da8    0x4c8  core_state.o [1]
  .text               ro code  0x08002270     0x3c  core_portme.o [1]
  .text               ro code  0x080022ac     0x24  printf.o [3]
  .text               ro code  0x080022d0      0x6  ABImemclr.o [5]
  .text               ro code  0x080022d8      0xc  stm32f7xx_hal.o [1]
  .text               ro code  0x080022e4    0x4d8  xprintfsmall_nomb.o [3]
  .text               ro code  0x080027bc     0x5e  ABImemset.o [5]
  .text               ro code  0x0800281c     0x16  strchr.o [5]
  .text               ro code  0x08002834     0x36  strlen.o [5]
  .text               ro code  0x0800286c     0x58  memchr.o [5]
  .text               ro code  0x080028c4    0x5c8  stm32f7xx_hal_rcc.o [1]
  .text               ro code  0x08002e8c     0x28  stm32f7xx_hal.o [1]
  .text               ro code  0x08002eb4     0xb8  stm32f7xx_hal_cortex.o [1]
  .text               ro code  0x08002f6c    0x210  main.o [1]
  .text               ro code  0x0800317c     0x70  timing.o [1]
  .text               ro code  0x080031ec     0x34  stm32f7xx_hal.o [1]
  .text               ro code  0x08003220     0x78  stm32f7xx_hal_pwr_ex.o [1]
  .text               ro code  0x08003298     0xcc  system_stm32f7xx.o [1]
  .text               ro code  0x08003364     0x10  stm32f7xx_hal.o [1]
  .text               ro code  0x08003374    0x120  stm32f7xx_hal_tim.o [1]
  .text               ro code  0x08003494     0xd6  xfspos.o [3]
  .text               ro code  0x0800356c     0xb0  fflush.o [3]
  .text               ro code  0x0800361c      0xa  xfgpos.o [3]
  .text               ro code  0x08003626     0x4c  lseek.o [6]
  .text               ro code  0x08003674      0xc  errno.o [3]
  .text               ro code  0x08003680     0x10  write.o [6]
  .text               ro code  0x08003690     0xcc  XShHandles.o [3]
  .text               ro code  0x0800375c      0x2  xtls.o [3]
  .text               ro code  0x0800375e     0x1e  dwrite.o [6]
  .text               ro code  0x0800377c     0x20  iarwstd.o [6]
  .text               ro code  0x0800379c     0x22  iarwrite.o [6]
  .text               ro code  0x080037c0     0x6c  iarttio.o [6]
  .text               ro code  0x0800382c      0x8  XShttio.o [3]
  .text               ro code  0x08003834     0xb8  xfwprep.o [3]
  .text               ro code  0x080038ec     0xb0  xxmemxmalloc.o [3]
  .text               ro code  0x0800399c     0x22  fseek.o [3]
  .text               ro code  0x080039c0     0x80  xxmemxfree.o [3]
  .text               ro code  0x08003a40     0x2c  xgetmemchunk.o [3]
  .rodata             const    0x08003a6c     0xb0  core_state.o [1]
  .text               ro code  0x08003b1c     0x80  xfofind.o [3]
  .text               ro code  0x08003b9c     0x7a  fclose.o [3]
  .text               ro code  0x08003c16     0x1a  close.o [6]
  .text               ro code  0x08003c30     0x16  remove.o [6]
  .text               ro code  0x08003c46     0x78  lz77_init_single.o [5]
  .text               ro code  0x08003cc0     0x58  xcloseall.o [3]
  .text               ro code  0x08003d18     0x56  fputc.o [3]
  .text               ro code  0x08003d6e     0x40  zero_init3.o [5]
  .text               ro code  0x08003db0     0x28  data_init.o [5]
  .text               ro code  0x08003dd8     0x22  fpinit_M.o [4]
  .iar.init_table     const    0x08003dfc     0x20  - Linker created -
  .text               ro code  0x08003e1c     0x1a  cmain.o [5]
  .text               ro code  0x08003e36      0x4  exit.o [3]
  .text               ro code  0x08003e3c      0xe  cexit.o [5]
  .text               ro code  0x08003e4c     0x14  exit.o [6]
  .text               ro code  0x08003e60     0x16  xprout.o [3]
  .text               ro code  0x08003e78      0xc  putchar.o [3]
  .text               ro code  0x08003e84     0x10  startup_stm32f746xx.o [1]
  .text               ro code  0x08003e94      0xc  cstartup_M.o [5]
  .text               ro code  0x08003ea0      0x4  startup_stm32f746xx.o [1]
  .text               ro code  0x08003ea4      0x4  startup_stm32f746xx.o [1]
  .text               ro code  0x08003ea8      0x4  startup_stm32f746xx.o [1]
  .text               ro code  0x08003eac      0x4  startup_stm32f746xx.o [1]
  .text               ro code  0x08003eb0      0x4  startup_stm32f746xx.o [1]
  .text               ro code  0x08003eb4      0x4  startup_stm32f746xx.o [1]
  .text               ro code  0x08003eb8      0x4  startup_stm32f746xx.o [1]
  .text               ro code  0x08003ebc      0x4  startup_stm32f746xx.o [1]
  .text               ro code  0x08003ec0      0x4  startup_stm32f746xx.o [1]
  .text               ro code  0x08003ec4      0x4  startup_stm32f746xx.o [1]
  .text               ro code  0x08003ec8      0x4  startup_stm32f746xx.o [1]
  .text               ro code  0x08003ecc      0x4  startup_stm32f746xx.o [1]
  .text               ro code  0x08003ed0      0x4  startup_stm32f746xx.o [1]
  .text               ro code  0x08003ed4      0x4  startup_stm32f746xx.o [1]
  .text               ro code  0x08003ed8      0x4  startup_stm32f746xx.o [1]
  .text               ro code  0x08003edc      0x4  startup_stm32f746xx.o [1]
  .text               ro code  0x08003ee0      0x4  startup_stm32f746xx.o [1]
  .text               ro code  0x08003ee4      0x4  startup_stm32f746xx.o [1]
  .text               ro code  0x08003ee8      0x4  startup_stm32f746xx.o [1]
  .text               ro code  0x08003eec      0x4  startup_stm32f746xx.o [1]
  .text               ro code  0x08003ef0      0x4  startup_stm32f746xx.o [1]
  .text               ro code  0x08003ef4      0x4  startup_stm32f746xx.o [1]
  .text               ro code  0x08003ef8      0x4  startup_stm32f746xx.o [1]
  .text               ro code  0x08003efc      0x4  startup_stm32f746xx.o [1]
  .text               ro code  0x08003f00      0x4  startup_stm32f746xx.o [1]
  .text               ro code  0x08003f04      0x4  startup_stm32f746xx.o [1]
  .text               ro code  0x08003f08      0x4  startup_stm32f746xx.o [1]
  .text               ro code  0x08003f0c      0x4  startup_stm32f746xx.o [1]
  .text               ro code  0x08003f10      0x4  startup_stm32f746xx.o [1]
  .text               ro code  0x08003f14      0x4  startup_stm32f746xx.o [1]
  .text               ro code  0x08003f18      0x4  startup_stm32f746xx.o [1]
  .text               ro code  0x08003f1c      0x4  startup_stm32f746xx.o [1]
  .text               ro code  0x08003f20      0x4  startup_stm32f746xx.o [1]
  .text               ro code  0x08003f24      0x4  startup_stm32f746xx.o [1]
  .text               ro code  0x08003f28      0x4  startup_stm32f746xx.o [1]
  .text               ro code  0x08003f2c      0x4  startup_stm32f746xx.o [1]
  .text               ro code  0x08003f30      0x4  startup_stm32f746xx.o [1]
  .text               ro code  0x08003f34      0x4  startup_stm32f746xx.o [1]
  .text               ro code  0x08003f38      0x4  startup_stm32f746xx.o [1]
  .text               ro code  0x08003f3c      0x4  startup_stm32f746xx.o [1]
  .text               ro code  0x08003f40      0x4  startup_stm32f746xx.o [1]
  .text               ro code  0x08003f44      0x4  startup_stm32f746xx.o [1]
  .text               ro code  0x08003f48      0x4  startup_stm32f746xx.o [1]
  .text               ro code  0x08003f4c      0x4  startup_stm32f746xx.o [1]
  .text               ro code  0x08003f50      0x4  startup_stm32f746xx.o [1]
  .text               ro code  0x08003f54      0x4  startup_stm32f746xx.o [1]
  .text               ro code  0x08003f58      0x4  startup_stm32f746xx.o [1]
  .text               ro code  0x08003f5c      0x4  startup_stm32f746xx.o [1]
  .text               ro code  0x08003f60      0x4  startup_stm32f746xx.o [1]
  .text               ro code  0x08003f64      0x4  startup_stm32f746xx.o [1]
  .text               ro code  0x08003f68      0x4  startup_stm32f746xx.o [1]
  .text               ro code  0x08003f6c      0x4  startup_stm32f746xx.o [1]
  .text               ro code  0x08003f70      0x4  startup_stm32f746xx.o [1]
  .text               ro code  0x08003f74      0x4  startup_stm32f746xx.o [1]
  .text               ro code  0x08003f78      0x4  startup_stm32f746xx.o [1]
  .text               ro code  0x08003f7c      0x4  startup_stm32f746xx.o [1]
  .text               ro code  0x08003f80      0x4  startup_stm32f746xx.o [1]
  .text               ro code  0x08003f84      0x4  startup_stm32f746xx.o [1]
  .text               ro code  0x08003f88      0x4  startup_stm32f746xx.o [1]
  .text               ro code  0x08003f8c      0x4  startup_stm32f746xx.o [1]
  .text               ro code  0x08003f90      0x4  startup_stm32f746xx.o [1]
  .text               ro code  0x08003f94      0x4  startup_stm32f746xx.o [1]
  .text               ro code  0x08003f98      0x4  startup_stm32f746xx.o [1]
  .text               ro code  0x08003f9c      0x4  startup_stm32f746xx.o [1]
  .text               ro code  0x08003fa0      0x4  startup_stm32f746xx.o [1]
  .text               ro code  0x08003fa4      0x4  startup_stm32f746xx.o [1]
  .text               ro code  0x08003fa8      0x4  startup_stm32f746xx.o [1]
  .text               ro code  0x08003fac      0x4  startup_stm32f746xx.o [1]
  .text               ro code  0x08003fb0      0x4  startup_stm32f746xx.o [1]
  .text               ro code  0x08003fb4      0x4  startup_stm32f746xx.o [1]
  .text               ro code  0x08003fb8      0x4  startup_stm32f746xx.o [1]
  .text               ro code  0x08003fbc      0x4  startup_stm32f746xx.o [1]
  .text               ro code  0x08003fc0      0x4  startup_stm32f746xx.o [1]
  .text               ro code  0x08003fc4      0x4  startup_stm32f746xx.o [1]
  .text               ro code  0x08003fc8      0x4  startup_stm32f746xx.o [1]
  .text               ro code  0x08003fcc      0x4  startup_stm32f746xx.o [1]
  .text               ro code  0x08003fd0      0x4  startup_stm32f746xx.o [1]
  .text               ro code  0x08003fd4      0x4  startup_stm32f746xx.o [1]
  .text               ro code  0x08003fd8      0x4  startup_stm32f746xx.o [1]
  .text               ro code  0x08003fdc      0x4  startup_stm32f746xx.o [1]
  .text               ro code  0x08003fe0      0x4  startup_stm32f746xx.o [1]
  .text               ro code  0x08003fe4      0x4  startup_stm32f746xx.o [1]
  .text               ro code  0x08003fe8      0x4  startup_stm32f746xx.o [1]
  .text               ro code  0x08003fec      0x4  startup_stm32f746xx.o [1]
  .text               ro code  0x08003ff0      0x4  startup_stm32f746xx.o [1]
  .text               ro code  0x08003ff4      0x4  startup_stm32f746xx.o [1]
  .text               ro code  0x08003ff8      0x4  startup_stm32f746xx.o [1]
  .text               ro code  0x08003ffc      0x4  startup_stm32f746xx.o [1]
  .text               ro code  0x08004000      0x4  startup_stm32f746xx.o [1]
  .text               ro code  0x08004004      0x4  startup_stm32f746xx.o [1]
  .text               ro code  0x08004008      0x4  startup_stm32f746xx.o [1]
  .text               ro code  0x0800400c      0x4  startup_stm32f746xx.o [1]
  .text               ro code  0x08004010      0x4  startup_stm32f746xx.o [1]
  .text               ro code  0x08004014      0x4  startup_stm32f746xx.o [1]
  .text               ro code  0x08004018      0x4  startup_stm32f746xx.o [1]
  .text               ro code  0x0800401c      0x4  startup_stm32f746xx.o [1]
  .text               ro code  0x08004020      0x4  startup_stm32f746xx.o [1]
  .text               ro code  0x08004024      0x4  startup_stm32f746xx.o [1]
  .text               ro code  0x08004028      0x4  startup_stm32f746xx.o [1]
  .text               ro code  0x0800402c      0x4  startup_stm32f746xx.o [1]
  .text               ro code  0x08004030      0x4  startup_stm32f746xx.o [1]
  .text               ro code  0x08004034      0x4  startup_stm32f746xx.o [1]
  .text               ro code  0x08004038      0x4  startup_stm32f746xx.o [1]
  .text               ro code  0x0800403c      0x4  startup_stm32f746xx.o [1]
  .text               ro code  0x08004040      0x4  startup_stm32f746xx.o [1]
  .text               ro code  0x08004044      0x0  cstart_closeall.o [5]
  .rodata             const    0x08004044      0x0  zero_init3.o [5]
  .rodata             const    0x08004044      0x0  lz77_init_single.o [5]
  Initializer bytes   const    0x08004044     0xd6  <for P2-1>
                             - 0x0800411a   0x3f52

"P2", part 1 of 3:                           0x938
  P2-1                         0x20000000    0x938  <Init block>
    .data             inited   0x20000000    0x7f4  core_main.o [1]
    .data             inited   0x200007f4      0x4  core_portme.o [1]
    .data             inited   0x200007f8      0x4  core_portme.o [1]
    .data             inited   0x200007fc      0x4  core_portme.o [1]
    .data             inited   0x20000800     0x40  core_state.o [1]
    .data             inited   0x20000840      0x8  main.o [1]
    .data             inited   0x20000848      0x4  system_stm32f7xx.o [1]
    .data             inited   0x2000084c     0x40  xfiles.o [3]
    .data             inited   0x2000088c     0x40  xfiles.o [3]
    .data             inited   0x200008cc     0x40  xfiles.o [3]
    .data             inited   0x2000090c     0x20  xfiles.o [3]
    .data             inited   0x2000092c      0x8  XShttio.o [3]
    __DLIB_PERTHREAD  inited   0x20000934      0x4  errno.o [3]
                             - 0x20000938    0x938

"P2", part 2 of 3:                         0x20000
  CSTACK                       0x20000938  0x10000  <Block>
    CSTACK            uninit   0x20000938  0x10000  <Block tail>
  HEAP                         0x20010938  0x10000  <Block>
    HEAP              uninit   0x20010938  0x10000  <Block tail>
                             - 0x20020938  0x20000

"P2", part 3 of 3:                           0x180
  .bss                zero     0x20020938     0x80  XShHandles.o [3]
  .bss                zero     0x200209b8     0x50  xfiles.o [3]
  .bss                zero     0x20020a08     0x50  xfiles.o [3]
  .bss                zero     0x20020a58     0x3c  timing.o [1]
  .bss                zero     0x20020a94      0x8  core_portme.o [1]
  .bss                zero     0x20020a9c      0x8  xxmemxmalloc.o [3]
  .bss                zero     0x20020aa4      0x4  core_portme.o [1]
  .bss                zero     0x20020aa8      0x4  core_portme.o [1]
  .bss                zero     0x20020aac      0x4  core_portme.o [1]
  .bss                zero     0x20020ab0      0x4  stm32f7xx_hal.o [1]
  .bss                zero     0x20020ab4      0x4  xgetmemchunk.o [3]
                             - 0x20020ab8    0x180


*******************************************************************************
*** INIT TABLE
***

          Address     Size
          -------     ----
Zero (__iar_zero_init3)
    1 destination range, total size 0x180:
          0x20020938  0x180

Copy/lz77 (__iar_lz77_init_single3)
    1 source range, total size 0xd6 (9% of destination):
          0x08004044   0xd6
    1 destination range, total size 0x938:
          0x20000000  0x938



*******************************************************************************
*** MODULE SUMMARY
***

    Module                  ro code  ro data  rw data
    ------                  -------  -------  -------
G:\Projects\luna\performance\IAR\Release\Obj: [1]
    core_list_join.o          1 658
    core_main.o               2 204      184    2 036
    core_matrix.o             2 380
    core_portme.o                60        1       32
    core_state.o              1 224      182       64
    core_util.o                 892
    main.o                      528        1        8
    startup_stm32f746xx.o       892
    stm32f7xx_hal.o             120                 4
    stm32f7xx_hal_cortex.o      184
    stm32f7xx_hal_pwr_ex.o      120
    stm32f7xx_hal_rcc.o       1 480
    stm32f7xx_hal_tim.o         288
    system_stm32f7xx.o          204                 4
    timing.o                    112                60
    -------------------------------------------------
    Total:                   12 346      368    2 208

command line: [2]
    -------------------------------------------------
    Total:

dl7M_tlf.a: [3]
    XShHandles.o                204               128
    XShttio.o                     8        1        8
    errno.o                      12        1        4
    exit.o                        4
    fclose.o                    122
    fflush.o                    176
    fputc.o                      86
    fseek.o                      34
    printf.o                     36
    putchar.o                    12
    xcloseall.o                  88
    xfgpos.o                     10
    xfiles.o                              20      384
    xfofind.o                   128
    xfspos.o                    214
    xfwprep.o                   184
    xgetmemchunk.o               44                 4
    xprintfsmall_nomb.o       1 240
    xprout.o                     22
    xtls.o                        2
    xxmemxfree.o                128
    xxmemxmalloc.o              176                 8
    -------------------------------------------------
    Total:                    2 930       22      536

m7M_tls.a: [4]
    fpinit_M.o                   34
    -------------------------------------------------
    Total:                       34

rt7M_tl.a: [5]
    ABImemclr.o                   6
    ABImemset.o                  94
    cexit.o                      14
    cmain.o                      26
    cstart_closeall.o
    cstartup_M.o                 12
    data_init.o                  40
    lz77_init_single.o          120
    memchr.o                     88
    strchr.o                     22
    strlen.o                     54
    zero_init3.o                 64
    -------------------------------------------------
    Total:                      540

shb_l.a: [6]
    close.o                      26
    dwrite.o                     30
    exit.o                       20
    iarttio.o                   108
    iarwrite.o                   34
    iarwstd.o                    32
    lseek.o                      76
    remove.o                     22
    write.o                      16
    -------------------------------------------------
    Total:                      364

    Gaps                         28        2
    Linker created                        32  131 072
-----------------------------------------------------
    Grand Total:             16 242      424  133 816


*******************************************************************************
*** ENTRY LIST
***

Entry                      Address   Size  Type      Object
-----                      -------   ----  ----      ------
.iar.init_table$$Base   0x08003dfc          --   Gb  - Linker created -
.iar.init_table$$Limit  0x08003e1c          --   Gb  - Linker created -
?main                   0x08003e1d         Code  Gb  cmain.o [5]
AHBPrescTable           0x08003354   0x10  Data  Gb  system_stm32f7xx.o [1]
APBAHBPrescTable        0x08002e7c   0x10  Data  Gb  stm32f7xx_hal_rcc.o [1]
CSTACK$$Base            0x20000938          --   Gb  - Linker created -
CSTACK$$Limit           0x20010938          --   Gb  - Linker created -
HAL_GetTick             0x080022d9    0xc  Code  Wk  stm32f7xx_hal.o [1]
HAL_IncTick             0x08003365   0x10  Code  Wk  stm32f7xx_hal.o [1]
HAL_Init                0x080031ed   0x24  Code  Gb  stm32f7xx_hal.o [1]
HAL_InitTick            0x08002e8d   0x28  Code  Wk  stm32f7xx_hal.o [1]
HAL_MspInit             0x08003215    0xc  Code  Wk  stm32f7xx_hal.o [1]
HAL_NVIC_SetPriority    0x08002ecf   0x52  Code  Gb  stm32f7xx_hal_cortex.o [1]
HAL_NVIC_SetPriorityGrouping
                        0x08002eb5   0x1a  Code  Gb  stm32f7xx_hal_cortex.o [1]
HAL_PWREx_EnableOverDrive
                        0x08003221   0x70  Code  Gb  stm32f7xx_hal_pwr_ex.o [1]
HAL_RCC_ClockConfig     0x08002c2b  0x1e0  Code  Gb  stm32f7xx_hal_rcc.o [1]
HAL_RCC_GetHCLKFreq     0x08002e0b   0x58  Code  Gb  stm32f7xx_hal_rcc.o [1]
HAL_RCC_OscConfig       0x080028c5  0x366  Code  Gb  stm32f7xx_hal_rcc.o [1]
HAL_SYSTICK_CLKSourceConfig
                        0x08002f43   0x14  Code  Gb  stm32f7xx_hal_cortex.o [1]
HAL_SYSTICK_Config      0x08002f21   0x22  Code  Gb  stm32f7xx_hal_cortex.o [1]
HAL_TIM_Base_Init       0x08003375   0xd8  Code  Gb  stm32f7xx_hal_tim.o [1]
HAL_TIM_Base_Start      0x0800344d   0x1a  Code  Gb  stm32f7xx_hal_tim.o [1]
HEAP$$Base              0x20010938          --   Gb  - Linker created -
HEAP$$Limit             0x20020938          --   Gb  - Linker created -
LoadInt                 0x0800266d   0x4c  Code  Lc  xprintfsmall_nomb.o [3]
MX_TIM5_Init            0x0800317d   0x5a  Code  Gb  timing.o [1]
Region$$Table$$Base     0x08003dfc          --   Gb  - Linker created -
Region$$Table$$Limit    0x08003e1c          --   Gb  - Linker created -
SysTick_Handler         0x080030f7   0x20  Code  Gb  main.o [1]
SysTick_Handler::prescaler
                        0x20000844    0x4  Data  Lc  main.o [1]
SystemCoreClock         0x20000848    0x4  Data  Gb  system_stm32f7xx.o [1]
SystemCoreClockUpdate   0x080032d5   0x5e  Code  Gb  system_stm32f7xx.o [1]
SystemInit              0x08003299   0x3c  Code  Gb  system_stm32f7xx.o [1]
_Close_all              0x08003cc1   0x58  Code  Gb  xcloseall.o [3]
_Files                  0x2000090c   0x20  Data  Gb  xfiles.o [3]
_Fofree                 0x08003b1d   0x78  Code  Gb  xfofind.o [3]
_Fspos                  0x08003495   0xd6  Code  Gb  xfspos.o [3]
_Fwprep                 0x08003835   0xb8  Code  Gb  xfwprep.o [3]
_LitobSmallNoMb         0x080026b9   0xce  Code  Lc  xprintfsmall_nomb.o [3]
_Nnl                    0x0800361d    0xa  Code  Gb  xfgpos.o [3]
_PrintfSmallNoMb        0x080022e5  0x382  Code  Gb  xprintfsmall_nomb.o [3]
_Prout                  0x08003e61   0x16  Code  Gb  xprout.o [3]
_PutcharsSmallNoMb      0x08002787   0x2e  Code  Lc  xprintfsmall_nomb.o [3]
__aeabi_errno_addr      0x08003675    0x6  Code  Gb  errno.o [3]
__aeabi_memclr          0x080022d1         Code  Gb  ABImemclr.o [5]
__cexit_closeall        0x08003e3f         Code  Gb  cexit.o [5]
__close                 0x08003c17   0x1a  Code  Gb  close.o [6]
__cmain                 0x08003e1d         Code  Gb  cmain.o [5]
__cstart_closeall       0x08004044         Data  Gb  cstart_closeall.o [5]
__data_Aldata           0x20020a9c    0x8  Data  Gb  xxmemxmalloc.o [3]
__data_GetMemChunk      0x08003a41   0x2c  Code  Gb  xgetmemchunk.o [3]
__data_GetMemChunk::start
                        0x20020ab4    0x4  Data  Lc  xgetmemchunk.o [3]
__dwrite                0x0800375f   0x1e  Code  Gb  dwrite.o [6]
__exit                  0x08003e4d   0x14  Code  Gb  exit.o [6]
__iar_Errno             0x20000934    0x4  Data  Gb  errno.o [3]
__iar_Memchr            0x0800286d         Code  Gb  memchr.o [5]
__iar_Memset_word       0x080027bd         Code  Gb  ABImemset.o [5]
__iar_Stderr            0x200008cc   0x40  Data  Gb  xfiles.o [3]
__iar_Stdin             0x2000084c   0x40  Data  Gb  xfiles.o [3]
__iar_Stdout            0x2000088c   0x40  Data  Gb  xfiles.o [3]
__iar_Strchr            0x0800281d         Code  Gb  strchr.o [5]
__iar_close_ttio        0x080037c1   0x2e  Code  Gb  iarttio.o [6]
__iar_data_init3        0x08003db1   0x28  Code  Gb  data_init.o [5]
__iar_dlib_perthread_access
                        0x0800375d    0x2  Code  Gb  xtls.o [3]
__iar_get_ttio          0x080037f1   0x38  Code  Gb  iarttio.o [6]
__iar_init_vfp          0x08003dd9         Code  Gb  fpinit_M.o [4]
__iar_lookup_ttioh      0x0800382d    0x8  Code  Gb  XShttio.o [3]
__iar_lz77_init_single3
                        0x08003c47   0x78  Code  Gb  lz77_init_single.o [5]
__iar_program_start     0x08003e95         Code  Gb  cstartup_M.o [5]
__iar_sh_Discard        0x08003691   0x3e  Code  Gb  XShHandles.o [3]
__iar_sh_Move           0x080036d5   0x46  Code  Gb  XShHandles.o [3]
__iar_sh_Pos            0x0800371b   0x3e  Code  Gb  XShHandles.o [3]
__iar_sh_stdout         0x0800377d   0x20  Code  Gb  iarwstd.o [6]
__iar_sh_write          0x0800379d   0x22  Code  Gb  iarwrite.o [6]
__iar_ttio_handles      0x2000092c    0x8  Data  Lc  XShttio.o [3]
__iar_zero_init3        0x08003d6f   0x40  Code  Gb  zero_init3.o [5]
__lseek                 0x08003627   0x4c  Code  Gb  lseek.o [6]
__vector_table          0x08000000         Data  Gb  startup_stm32f746xx.o [1]
__write                 0x08003681   0x10  Code  Gb  write.o [6]
_call_main              0x08003e29         Code  Gb  cmain.o [5]
_exit                   0x08003e3d         Code  Gb  cexit.o [5]
_main                   0x08003e33         Code  Gb  cmain.o [5]
cmp_complex             0x0800172d  0x102  Code  Gb  core_list_join.o [1]
cmp_idx                 0x0800182f   0x2c  Code  Gb  core_list_join.o [1]
core_bench_list         0x0800185d  0x24e  Code  Gb  core_list_join.o [1]
core_bench_matrix       0x080001c9  0x466  Code  Gb  core_matrix.o [1]
core_bench_state        0x08001da9  0x3d6  Code  Gb  core_state.o [1]
core_init_matrix        0x08000635  0x142  Code  Gb  core_matrix.o [1]
core_init_state         0x08002181   0xea  Code  Gb  core_state.o [1]
core_list_init          0x08001aad  0x230  Code  Gb  core_list_join.o [1]
core_list_mergesort     0x08001ced   0xba  Code  Gb  core_list_join.o [1]
core_main               0x08000e91  0x4a4  Code  Gb  core_main.o [1]
crc16                   0x08000dc1   0xd0  Code  Gb  core_util.o [1]
crcu16                  0x08000b5d   0xce  Code  Gb  core_util.o [1]
crcu32                  0x08000c2b  0x196  Code  Gb  core_util.o [1]
default_num_contexts    0x200007fc    0x4  Data  Gb  core_portme.o [1]
ebuf                    0x200209b8   0x50  Data  Lc  xfiles.o [3]
errpat                  0x20000830   0x10  Data  Lc  core_state.o [1]
exit                    0x08003e37    0x4  Code  Gb  exit.o [3]
fclose                  0x08003b9d   0x7a  Code  Gb  fclose.o [3]
fflush                  0x080035e3   0x34  Code  Gb  fflush.o [3]
fflushOne               0x0800356d   0x76  Code  Lc  fflush.o [3]
floatpat                0x20000810   0x10  Data  Lc  core_state.o [1]
fputc                   0x08003d19   0x56  Code  Gb  fputc.o [3]
free                    0x080039c1   0x7a  Code  Gb  xxmemxfree.o [3]
fseek                   0x0800399d   0x22  Code  Gb  fseek.o [3]
get_seed_32             0x08000b15   0x32  Code  Gb  core_util.o [1]
get_time                0x08002291    0xa  Code  Gb  core_portme.o [1]
htim5                   0x20020a58   0x3c  Data  Gb  timing.o [1]
initialize_hardware     0x08002fa1  0x156  Code  Lc  main.o [1]
intpat                  0x20000800   0x10  Data  Lc  core_state.o [1]
list_known_crc          0x20000000    0xc  Data  Lc  core_main.o [1]
main                    0x08002f6d   0x32  Code  Gb  main.o [1]
malloc                  0x080038ed   0xac  Code  Gb  xxmemxmalloc.o [3]
matrix_known_crc        0x2000000c    0xc  Data  Lc  core_main.o [1]
matrix_mul_matrix       0x08000779  0x170  Code  Gb  core_matrix.o [1]
matrix_mul_matrix_bitextract
                        0x080008e9  0x22c  Code  Gb  core_matrix.o [1]
memchr                  0x0800286d         Code  Gb  memchr.o [5]
obuf                    0x20020a08   0x50  Data  Lc  xfiles.o [3]
printf                  0x080022ad   0x24  Code  Gb  printf.o [3]
putchar                 0x08003e79    0xc  Code  Gb  putchar.o [3]
remove                  0x08003c31   0x16  Code  Gb  remove.o [6]
sFileInfo               0x20020938   0x80  Data  Lc  XShHandles.o [3]
scipat                  0x20000820   0x10  Data  Lc  core_state.o [1]
seconds                 0x20000840    0x4  Data  Gb  main.o [1]
seed1_volatile          0x20020aa4    0x4  Data  Gb  core_portme.o [1]
seed2_volatile          0x20020aa8    0x4  Data  Gb  core_portme.o [1]
seed3_volatile          0x200007f4    0x4  Data  Gb  core_portme.o [1]
seed4_volatile          0x200007f8    0x4  Data  Gb  core_portme.o [1]
seed5_volatile          0x20020aac    0x4  Data  Gb  core_portme.o [1]
start_time              0x08002271   0x10  Code  Gb  core_portme.o [1]
start_time_val          0x20020a94    0x4  Data  Lc  core_portme.o [1]
state_known_crc         0x20000018    0xc  Data  Lc  core_main.o [1]
static_memblk           0x20000024  0x7d0  Data  Gb  core_main.o [1]
stop_time               0x08002281   0x10  Code  Gb  core_portme.o [1]
stop_time_val           0x20020a98    0x4  Data  Lc  core_portme.o [1]
strchr                  0x0800281d         Code  Gb  strchr.o [5]
strlen                  0x08002835         Code  Gb  strlen.o [5]
time_in_secs            0x0800229b    0xa  Code  Gb  core_portme.o [1]
uwTick                  0x20020ab0    0x4  Data  Lc  stm32f7xx_hal.o [1]


[1] = G:\Projects\luna\performance\IAR\Release\Obj
[2] = command line
[3] = dl7M_tlf.a
[4] = m7M_tls.a
[5] = rt7M_tl.a
[6] = shb_l.a

   16 242 bytes of readonly  code memory
      424 bytes of readonly  data memory
  133 816 bytes of readwrite data memory

Errors: none
Warnings: none
